Archive member included to satisfy reference by file (symbol)

c:/sysgcc/arm-eabi/bin/../lib/gcc/arm-none-eabi/10.3.1/../../../../arm-none-eabi/lib/thumb/v7e-m+fp/hard\libstdc++_nano.a(atexit_arm.o)
                              VisualGDB/Debug/Tasks/task_weight_monitor.o (__aeabi_atexit)
c:/sysgcc/arm-eabi/bin/../lib/gcc/arm-none-eabi/10.3.1/../../../../arm-none-eabi/lib/thumb/v7e-m+fp/hard\libstdc++_nano.a(del_ops.o)
                              VisualGDB/Debug/HX711/HX711.o (operator delete(void*, unsigned int))
c:/sysgcc/arm-eabi/bin/../lib/gcc/arm-none-eabi/10.3.1/../../../../arm-none-eabi/lib/thumb/v7e-m+fp/hard\libstdc++_nano.a(del_op.o)
                              c:/sysgcc/arm-eabi/bin/../lib/gcc/arm-none-eabi/10.3.1/../../../../arm-none-eabi/lib/thumb/v7e-m+fp/hard\libstdc++_nano.a(del_ops.o) (operator delete(void*))
c:/sysgcc/arm-eabi/bin/../lib/gcc/arm-none-eabi/10.3.1/../../../../arm-none-eabi/lib/thumb/v7e-m+fp/hard\libm.a(lib_a-s_cos.o)
                              VisualGDB/Debug/SSD1306/ssd1306.o (cos)
c:/sysgcc/arm-eabi/bin/../lib/gcc/arm-none-eabi/10.3.1/../../../../arm-none-eabi/lib/thumb/v7e-m+fp/hard\libm.a(lib_a-s_sin.o)
                              VisualGDB/Debug/SSD1306/ssd1306.o (sin)
c:/sysgcc/arm-eabi/bin/../lib/gcc/arm-none-eabi/10.3.1/../../../../arm-none-eabi/lib/thumb/v7e-m+fp/hard\libm.a(lib_a-e_rem_pio2.o)
                              c:/sysgcc/arm-eabi/bin/../lib/gcc/arm-none-eabi/10.3.1/../../../../arm-none-eabi/lib/thumb/v7e-m+fp/hard\libm.a(lib_a-s_cos.o) (__ieee754_rem_pio2)
c:/sysgcc/arm-eabi/bin/../lib/gcc/arm-none-eabi/10.3.1/../../../../arm-none-eabi/lib/thumb/v7e-m+fp/hard\libm.a(lib_a-k_cos.o)
                              c:/sysgcc/arm-eabi/bin/../lib/gcc/arm-none-eabi/10.3.1/../../../../arm-none-eabi/lib/thumb/v7e-m+fp/hard\libm.a(lib_a-s_cos.o) (__kernel_cos)
c:/sysgcc/arm-eabi/bin/../lib/gcc/arm-none-eabi/10.3.1/../../../../arm-none-eabi/lib/thumb/v7e-m+fp/hard\libm.a(lib_a-k_rem_pio2.o)
                              c:/sysgcc/arm-eabi/bin/../lib/gcc/arm-none-eabi/10.3.1/../../../../arm-none-eabi/lib/thumb/v7e-m+fp/hard\libm.a(lib_a-e_rem_pio2.o) (__kernel_rem_pio2)
c:/sysgcc/arm-eabi/bin/../lib/gcc/arm-none-eabi/10.3.1/../../../../arm-none-eabi/lib/thumb/v7e-m+fp/hard\libm.a(lib_a-k_sin.o)
                              c:/sysgcc/arm-eabi/bin/../lib/gcc/arm-none-eabi/10.3.1/../../../../arm-none-eabi/lib/thumb/v7e-m+fp/hard\libm.a(lib_a-s_cos.o) (__kernel_sin)
c:/sysgcc/arm-eabi/bin/../lib/gcc/arm-none-eabi/10.3.1/../../../../arm-none-eabi/lib/thumb/v7e-m+fp/hard\libm.a(lib_a-s_fabs.o)
                              c:/sysgcc/arm-eabi/bin/../lib/gcc/arm-none-eabi/10.3.1/../../../../arm-none-eabi/lib/thumb/v7e-m+fp/hard\libm.a(lib_a-e_rem_pio2.o) (fabs)
c:/sysgcc/arm-eabi/bin/../lib/gcc/arm-none-eabi/10.3.1/../../../../arm-none-eabi/lib/thumb/v7e-m+fp/hard\libm.a(lib_a-s_floor.o)
                              c:/sysgcc/arm-eabi/bin/../lib/gcc/arm-none-eabi/10.3.1/../../../../arm-none-eabi/lib/thumb/v7e-m+fp/hard\libm.a(lib_a-k_rem_pio2.o) (floor)
c:/sysgcc/arm-eabi/bin/../lib/gcc/arm-none-eabi/10.3.1/../../../../arm-none-eabi/lib/thumb/v7e-m+fp/hard\libm.a(lib_a-s_scalbn.o)
                              c:/sysgcc/arm-eabi/bin/../lib/gcc/arm-none-eabi/10.3.1/../../../../arm-none-eabi/lib/thumb/v7e-m+fp/hard\libm.a(lib_a-k_rem_pio2.o) (scalbn)
c:/sysgcc/arm-eabi/bin/../lib/gcc/arm-none-eabi/10.3.1/thumb/v7e-m+fp/hard\libgcc.a(_arm_muldf3.o)
                              VisualGDB/Debug/SSD1306/ssd1306.o (__aeabi_dmul)
c:/sysgcc/arm-eabi/bin/../lib/gcc/arm-none-eabi/10.3.1/thumb/v7e-m+fp/hard\libgcc.a(_arm_addsubdf3.o)
                              c:/sysgcc/arm-eabi/bin/../lib/gcc/arm-none-eabi/10.3.1/../../../../arm-none-eabi/lib/thumb/v7e-m+fp/hard\libm.a(lib_a-s_cos.o) (__aeabi_dsub)
c:/sysgcc/arm-eabi/bin/../lib/gcc/arm-none-eabi/10.3.1/thumb/v7e-m+fp/hard\libgcc.a(_arm_muldivdf3.o)
                              VisualGDB/Debug/HX711/HX711.o (__aeabi_ddiv)
c:/sysgcc/arm-eabi/bin/../lib/gcc/arm-none-eabi/10.3.1/thumb/v7e-m+fp/hard\libgcc.a(_arm_cmpdf2.o)
                              c:/sysgcc/arm-eabi/bin/../lib/gcc/arm-none-eabi/10.3.1/../../../../arm-none-eabi/lib/thumb/v7e-m+fp/hard\libm.a(lib_a-e_rem_pio2.o) (__aeabi_dcmpeq)
c:/sysgcc/arm-eabi/bin/../lib/gcc/arm-none-eabi/10.3.1/thumb/v7e-m+fp/hard\libgcc.a(_arm_fixdfsi.o)
                              VisualGDB/Debug/HX711/HX711.o (__aeabi_d2iz)
c:/sysgcc/arm-eabi/bin/../lib/gcc/arm-none-eabi/10.3.1/thumb/v7e-m+fp/hard\libgcc.a(_arm_truncdfsf2.o)
                              VisualGDB/Debug/HX711/HX711.o (__aeabi_d2f)
c:/sysgcc/arm-eabi/bin/../lib/gcc/arm-none-eabi/10.3.1/thumb/v7e-m+fp/hard\libgcc.a(_aeabi_uldivmod.o)
                              VisualGDB/Debug/__BSP_ROOT__/STM32L4xxxx/STM32L4xx_HAL_Driver/Src/stm32l4xx_hal_uart.o (__aeabi_uldivmod)
c:/sysgcc/arm-eabi/bin/../lib/gcc/arm-none-eabi/10.3.1/thumb/v7e-m+fp/hard\libgcc.a(_udivmoddi4.o)
[...]
Memory Configuration

Name             Origin             Length             Attributes
FLASH            0x08000000         0x00100000         xr
SRAM             0x20000000         0x00018000         xrw
RAM2             0x10000000         0x00008000         xrw
*default*        0x00000000         0xffffffff

Linker script and memory map

LOAD c:/sysgcc/arm-eabi/bin/../lib/gcc/arm-none-eabi/10.3.1/thumb/v7e-m+fp/hard/crti.o
LOAD c:/sysgcc/arm-eabi/bin/../lib/gcc/arm-none-eabi/10.3.1/thumb/v7e-m+fp/hard/crtbegin.o
LOAD c:/sysgcc/arm-eabi/bin/../lib/gcc/arm-none-eabi/10.3.1/../../../../arm-none-eabi/lib/thumb/v7e-m+fp/hard/crt0.o
START GROUP
LOAD VisualGDB/Debug/Common/psensor.o
LOAD VisualGDB/Debug/Common/stm32l4xx_hal_msp.o
LOAD VisualGDB/Debug/Common/tsensor.o
LOAD VisualGDB/Debug/Components/lps22hb/lps22hb.o
LOAD VisualGDB/Debug/DISPLAY/DISPLAY.o
LOAD VisualGDB/Debug/Flash/Flash_Sim_Demo.o
LOAD VisualGDB/Debug/Flash/spi_flash.o
LOAD VisualGDB/Debug/HX711/HX711.o
LOAD VisualGDB/Debug/LED/LED.o
LOAD VisualGDB/Debug/LPS22HB/stm32l475e_iot01_psensor.o
LOAD VisualGDB/Debug/SSD1306/ssd1306.o
LOAD VisualGDB/Debug/SSD1306/ssd1306_fonts.o
LOAD VisualGDB/Debug/SSD1306/ssd1306_tests.o
LOAD VisualGDB/Debug/SSD1306/SSD1306_demo.o
LOAD VisualGDB/Debug/Tasks/state_machine.o
LOAD VisualGDB/Debug/Tasks/task_display.o
LOAD VisualGDB/Debug/UART/UART.o
LOAD VisualGDB/Debug/_Init/startup.o
LOAD VisualGDB/Debug/system_stm32l4xx.o
LOAD VisualGDB/Debug/Tasks/task_weight_monitor.o
LOAD VisualGDB/Debug/wiring_shift.o
LOAD VisualGDB/Debug/_Init/Init_GPIO.o
LOAD VisualGDB/Debug/_Init/Init_GPIO_I2C.o
LOAD VisualGDB/Debug/_main.o
LOAD VisualGDB/Debug/__BSP_ROOT__/STM32L4xxxx/StartupFiles/startup_stm32l475xx.o
LOAD VisualGDB/Debug/__BSP_ROOT__/FreeRTOS/Source/croutine.o
LOAD VisualGDB/Debug/__BSP_ROOT__/FreeRTOS/Source/event_groups.o
LOAD VisualGDB/Debug/__BSP_ROOT__/FreeRTOS/Source/list.o
LOAD VisualGDB/Debug/__BSP_ROOT__/FreeRTOS/Source/queue.o
LOAD VisualGDB/Debug/__BSP_ROOT__/FreeRTOS/Source/stream_buffer.o
LOAD VisualGDB/Debug/__BSP_ROOT__/FreeRTOS/Source/tasks.o
LOAD VisualGDB/Debug/__BSP_ROOT__/FreeRTOS/Source/timers.o
LOAD VisualGDB/Debug/__BSP_ROOT__/FreeRTOS/Source/CMSIS_RTOS/cmsis_os.o
LOAD VisualGDB/Debug/__BSP_ROOT__/FreeRTOS/Source/portable/GCC/ARM_CM3/port.o
LOAD VisualGDB/Debug/__BSP_ROOT__/FreeRTOS/Source/portable/MemMang/heap_4.o
LOAD VisualGDB/Debug/__BSP_ROOT__/STM32L4xxxx/STM32L4xx_HAL_Driver/Src/stm32l4xx_hal.o
LOAD VisualGDB/Debug/__BSP_ROOT__/STM32L4xxxx/STM32L4xx_HAL_Driver/Src/stm32l4xx_hal_adc.o
LOAD VisualGDB/Debug/__BSP_ROOT__/STM32L4xxxx/STM32L4xx_HAL_Driver/Src/stm32l4xx_hal_adc_ex.o
LOAD VisualGDB/Debug/__BSP_ROOT__/STM32L4xxxx/STM32L4xx_HAL_Driver/Src/stm32l4xx_hal_can.o
LOAD VisualGDB/Debug/__BSP_ROOT__/STM32L4xxxx/STM32L4xx_HAL_Driver/Src/stm32l4xx_hal_comp.o
LOAD VisualGDB/Debug/__BSP_ROOT__/STM32L4xxxx/STM32L4xx_HAL_Driver/Src/stm32l4xx_hal_cortex.o
LOAD VisualGDB/Debug/__BSP_ROOT__/STM32L4xxxx/STM32L4xx_HAL_Driver/Src/stm32l4xx_hal_crc.o
LOAD VisualGDB/Debug/__BSP_ROOT__/STM32L4xxxx/STM32L4xx_HAL_Driver/Src/stm32l4xx_hal_crc_ex.o
LOAD VisualGDB/Debug/__BSP_ROOT__/STM32L4xxxx/STM32L4xx_HAL_Driver/Src/stm32l4xx_hal_cryp.o
LOAD VisualGDB/Debug/__BSP_ROOT__/STM32L4xxxx/STM32L4xx_HAL_Driver/Src/stm32l4xx_hal_cryp_ex.o
LOAD VisualGDB/Debug/__BSP_ROOT__/STM32L4xxxx/STM32L4xx_HAL_Driver/Src/stm32l4xx_hal_dac.o
LOAD VisualGDB/Debug/__BSP_ROOT__/STM32L4xxxx/STM32L4xx_HAL_Driver/Src/stm32l4xx_hal_dac_ex.o
LOAD VisualGDB/Debug/__BSP_ROOT__/STM32L4xxxx/STM32L4xx_HAL_Driver/Src/stm32l4xx_hal_dcmi.o
LOAD VisualGDB/Debug/__BSP_ROOT__/STM32L4xxxx/STM32L4xx_HAL_Driver/Src/stm32l4xx_hal_dfsdm.o
LOAD VisualGDB/Debug/__BSP_ROOT__/STM32L4xxxx/STM32L4xx_HAL_Driver/Src/stm32l4xx_hal_dfsdm_ex.o
LOAD VisualGDB/Debug/__BSP_ROOT__/STM32L4xxxx/STM32L4xx_HAL_Driver/Src/stm32l4xx_hal_dma.o
LOAD VisualGDB/Debug/__BSP_ROOT__/STM32L4xxxx/STM32L4xx_HAL_Driver/Src/stm32l4xx_hal_dma2d.o
LOAD VisualGDB/Debug/__BSP_ROOT__/STM32L4xxxx/STM32L4xx_HAL_Driver/Src/stm32l4xx_hal_dma_ex.o
LOAD VisualGDB/Debug/__BSP_ROOT__/STM32L4xxxx/STM32L4xx_HAL_Driver/Src/stm32l4xx_hal_dsi.o
LOAD VisualGDB/Debug/__BSP_ROOT__/STM32L4xxxx/STM32L4xx_HAL_Driver/Src/stm32l4xx_hal_exti.o
LOAD VisualGDB/Debug/__BSP_ROOT__/STM32L4xxxx/STM32L4xx_HAL_Driver/Src/stm32l4xx_hal_firewall.o
LOAD VisualGDB/Debug/__BSP_ROOT__/STM32L4xxxx/STM32L4xx_HAL_Driver/Src/stm32l4xx_hal_flash.o
LOAD VisualGDB/Debug/__BSP_ROOT__/STM32L4xxxx/STM32L4xx_HAL_Driver/Src/stm32l4xx_hal_flash_ex.o
LOAD VisualGDB/Debug/__BSP_ROOT__/STM32L4xxxx/STM32L4xx_HAL_Driver/Src/stm32l4xx_hal_flash_ramfunc.o
LOAD VisualGDB/Debug/__BSP_ROOT__/STM32L4xxxx/STM32L4xx_HAL_Driver/Src/stm32l4xx_hal_gfxmmu.o
LOAD VisualGDB/Debug/__BSP_ROOT__/STM32L4xxxx/STM32L4xx_HAL_Driver/Src/stm32l4xx_hal_gpio.o
LOAD VisualGDB/Debug/__BSP_ROOT__/STM32L4xxxx/STM32L4xx_HAL_Driver/Src/stm32l4xx_hal_hash.o
LOAD VisualGDB/Debug/__BSP_ROOT__/STM32L4xxxx/STM32L4xx_HAL_Driver/Src/stm32l4xx_hal_hash_ex.o
LOAD VisualGDB/Debug/__BSP_ROOT__/STM32L4xxxx/STM32L4xx_HAL_Driver/Src/stm32l4xx_hal_hcd.o
LOAD VisualGDB/Debug/__BSP_ROOT__/STM32L4xxxx/STM32L4xx_HAL_Driver/Src/stm32l4xx_hal_i2c.o
LOAD VisualGDB/Debug/__BSP_ROOT__/STM32L4xxxx/STM32L4xx_HAL_Driver/Src/stm32l4xx_hal_i2c_ex.o
LOAD VisualGDB/Debug/__BSP_ROOT__/STM32L4xxxx/STM32L4xx_HAL_Driver/Src/stm32l4xx_hal_irda.o
LOAD VisualGDB/Debug/__BSP_ROOT__/STM32L4xxxx/STM32L4xx_HAL_Driver/Src/stm32l4xx_hal_iwdg.o
LOAD VisualGDB/Debug/__BSP_ROOT__/STM32L4xxxx/STM32L4xx_HAL_Driver/Src/stm32l4xx_hal_lcd.o
LOAD VisualGDB/Debug/__BSP_ROOT__/STM32L4xxxx/STM32L4xx_HAL_Driver/Src/stm32l4xx_hal_lptim.o
LOAD VisualGDB/Debug/__BSP_ROOT__/STM32L4xxxx/STM32L4xx_HAL_Driver/Src/stm32l4xx_hal_ltdc.o
LOAD VisualGDB/Debug/__BSP_ROOT__/STM32L4xxxx/STM32L4xx_HAL_Driver/Src/stm32l4xx_hal_ltdc_ex.o
LOAD VisualGDB/Debug/__BSP_ROOT__/STM32L4xxxx/STM32L4xx_HAL_Driver/Src/stm32l4xx_hal_mmc.o
LOAD VisualGDB/Debug/__BSP_ROOT__/STM32L4xxxx/STM32L4xx_HAL_Driver/Src/stm32l4xx_hal_mmc_ex.o
LOAD VisualGDB/Debug/__BSP_ROOT__/STM32L4xxxx/STM32L4xx_HAL_Driver/Src/stm32l4xx_hal_nand.o
LOAD VisualGDB/Debug/__BSP_ROOT__/STM32L4xxxx/STM32L4xx_HAL_Driver/Src/stm32l4xx_hal_nor.o
LOAD VisualGDB/Debug/__BSP_ROOT__/STM32L4xxxx/STM32L4xx_HAL_Driver/Src/stm32l4xx_hal_opamp.o
LOAD VisualGDB/Debug/__BSP_ROOT__/STM32L4xxxx/STM32L4xx_HAL_Driver/Src/stm32l4xx_hal_opamp_ex.o
LOAD VisualGDB/Debug/__BSP_ROOT__/STM32L4xxxx/STM32L4xx_HAL_Driver/Src/stm32l4xx_hal_ospi.o
LOAD VisualGDB/Debug/__BSP_ROOT__/STM32L4xxxx/STM32L4xx_HAL_Driver/Src/stm32l4xx_hal_pcd.o
LOAD VisualGDB/Debug/__BSP_ROOT__/STM32L4xxxx/STM32L4xx_HAL_Driver/Src/stm32l4xx_hal_pcd_ex.o
LOAD VisualGDB/Debug/__BSP_ROOT__/STM32L4xxxx/STM32L4xx_HAL_Driver/Src/stm32l4xx_hal_pka.o
LOAD VisualGDB/Debug/__BSP_ROOT__/STM32L4xxxx/STM32L4xx_HAL_Driver/Src/stm32l4xx_hal_pssi.o
LOAD VisualGDB/Debug/__BSP_ROOT__/STM32L4xxxx/STM32L4xx_HAL_Driver/Src/stm32l4xx_hal_pwr.o
LOAD VisualGDB/Debug/__BSP_ROOT__/STM32L4xxxx/STM32L4xx_HAL_Driver/Src/stm32l4xx_hal_pwr_ex.o
LOAD VisualGDB/Debug/__BSP_ROOT__/STM32L4xxxx/STM32L4xx_HAL_Driver/Src/stm32l4xx_hal_qspi.o
LOAD VisualGDB/Debug/__BSP_ROOT__/STM32L4xxxx/STM32L4xx_HAL_Driver/Src/stm32l4xx_hal_rcc.o
LOAD VisualGDB/Debug/__BSP_ROOT__/STM32L4xxxx/STM32L4xx_HAL_Driver/Src/stm32l4xx_hal_rcc_ex.o
LOAD VisualGDB/Debug/__BSP_ROOT__/STM32L4xxxx/STM32L4xx_HAL_Driver/Src/stm32l4xx_hal_rng.o
LOAD VisualGDB/Debug/__BSP_ROOT__/STM32L4xxxx/STM32L4xx_HAL_Driver/Src/stm32l4xx_hal_rng_ex.o
LOAD VisualGDB/Debug/__BSP_ROOT__/STM32L4xxxx/STM32L4xx_HAL_Driver/Src/stm32l4xx_hal_rtc.o
LOAD VisualGDB/Debug/__BSP_ROOT__/STM32L4xxxx/STM32L4xx_HAL_Driver/Src/stm32l4xx_hal_rtc_ex.o
LOAD VisualGDB/Debug/__BSP_ROOT__/STM32L4xxxx/STM32L4xx_HAL_Driver/Src/stm32l4xx_hal_sai.o
LOAD VisualGDB/Debug/__BSP_ROOT__/STM32L4xxxx/STM32L4xx_HAL_Driver/Src/stm32l4xx_hal_sai_ex.o
LOAD VisualGDB/Debug/__BSP_ROOT__/STM32L4xxxx/STM32L4xx_HAL_Driver/Src/stm32l4xx_hal_sd.o
LOAD VisualGDB/Debug/__BSP_ROOT__/STM32L4xxxx/STM32L4xx_HAL_Driver/Src/stm32l4xx_hal_sd_ex.o
LOAD VisualGDB/Debug/__BSP_ROOT__/STM32L4xxxx/STM32L4xx_HAL_Driver/Src/stm32l4xx_hal_smartcard.o
LOAD VisualGDB/Debug/__BSP_ROOT__/STM32L4xxxx/STM32L4xx_HAL_Driver/Src/stm32l4xx_hal_smartcard_ex.o
LOAD VisualGDB/Debug/__BSP_ROOT__/STM32L4xxxx/STM32L4xx_HAL_Driver/Src/stm32l4xx_hal_smbus.o
LOAD VisualGDB/Debug/__BSP_ROOT__/STM32L4xxxx/STM32L4xx_HAL_Driver/Src/stm32l4xx_hal_spi.o
LOAD VisualGDB/Debug/__BSP_ROOT__/STM32L4xxxx/STM32L4xx_HAL_Driver/Src/stm32l4xx_hal_spi_ex.o
LOAD VisualGDB/Debug/__BSP_ROOT__/STM32L4xxxx/STM32L4xx_HAL_Driver/Src/stm32l4xx_hal_sram.o
LOAD VisualGDB/Debug/__BSP_ROOT__/STM32L4xxxx/STM32L4xx_HAL_Driver/Src/stm32l4xx_hal_swpmi.o
LOAD VisualGDB/Debug/__BSP_ROOT__/STM32L4xxxx/STM32L4xx_HAL_Driver/Src/stm32l4xx_hal_tim.o
LOAD VisualGDB/Debug/__BSP_ROOT__/STM32L4xxxx/STM32L4xx_HAL_Driver/Src/stm32l4xx_hal_tim_ex.o
LOAD VisualGDB/Debug/__BSP_ROOT__/STM32L4xxxx/STM32L4xx_HAL_Driver/Src/stm32l4xx_hal_tsc.o
LOAD VisualGDB/Debug/__BSP_ROOT__/STM32L4xxxx/STM32L4xx_HAL_Driver/Src/stm32l4xx_hal_uart.o
LOAD VisualGDB/Debug/__BSP_ROOT__/STM32L4xxxx/STM32L4xx_HAL_Driver/Src/stm32l4xx_hal_uart_ex.o
LOAD VisualGDB/Debug/__BSP_ROOT__/STM32L4xxxx/STM32L4xx_HAL_Driver/Src/stm32l4xx_hal_usart.o
LOAD VisualGDB/Debug/__BSP_ROOT__/STM32L4xxxx/STM32L4xx_HAL_Driver/Src/stm32l4xx_hal_usart_ex.o
LOAD VisualGDB/Debug/__BSP_ROOT__/STM32L4xxxx/STM32L4xx_HAL_Driver/Src/stm32l4xx_hal_wwdg.o
LOAD VisualGDB/Debug/__BSP_ROOT__/STM32L4xxxx/STM32L4xx_HAL_Driver/Src/stm32l4xx_ll_usb.o
LOAD VisualGDB/Debug/__BSP_ROOT__/STM32L4xxxx/STM32L4xx_HAL_Driver/Src/stm32l4xx_ll_adc.o
LOAD VisualGDB/Debug/__BSP_ROOT__/STM32L4xxxx/STM32L4xx_HAL_Driver/Src/stm32l4xx_ll_comp.o
LOAD VisualGDB/Debug/__BSP_ROOT__/STM32L4xxxx/STM32L4xx_HAL_Driver/Src/stm32l4xx_ll_crc.o
LOAD VisualGDB/Debug/__BSP_ROOT__/STM32L4xxxx/STM32L4xx_HAL_Driver/Src/stm32l4xx_ll_crs.o
LOAD VisualGDB/Debug/__BSP_ROOT__/STM32L4xxxx/STM32L4xx_HAL_Driver/Src/stm32l4xx_ll_dac.o
LOAD VisualGDB/Debug/__BSP_ROOT__/STM32L4xxxx/STM32L4xx_HAL_Driver/Src/stm32l4xx_ll_dma.o
LOAD VisualGDB/Debug/__BSP_ROOT__/STM32L4xxxx/STM32L4xx_HAL_Driver/Src/stm32l4xx_ll_dma2d.o
LOAD VisualGDB/Debug/__BSP_ROOT__/STM32L4xxxx/STM32L4xx_HAL_Driver/Src/stm32l4xx_ll_exti.o
LOAD VisualGDB/Debug/__BSP_ROOT__/STM32L4xxxx/STM32L4xx_HAL_Driver/Src/stm32l4xx_ll_fmc.o
LOAD VisualGDB/Debug/__BSP_ROOT__/STM32L4xxxx/STM32L4xx_HAL_Driver/Src/stm32l4xx_ll_gpio.o
LOAD VisualGDB/Debug/__BSP_ROOT__/STM32L4xxxx/STM32L4xx_HAL_Driver/Src/stm32l4xx_ll_i2c.o
LOAD VisualGDB/Debug/__BSP_ROOT__/STM32L4xxxx/STM32L4xx_HAL_Driver/Src/stm32l4xx_ll_lptim.o
LOAD VisualGDB/Debug/__BSP_ROOT__/STM32L4xxxx/STM32L4xx_HAL_Driver/Src/stm32l4xx_ll_lpuart.o
LOAD VisualGDB/Debug/__BSP_ROOT__/STM32L4xxxx/STM32L4xx_HAL_Driver/Src/stm32l4xx_ll_opamp.o
LOAD VisualGDB/Debug/__BSP_ROOT__/STM32L4xxxx/STM32L4xx_HAL_Driver/Src/stm32l4xx_ll_pka.o
LOAD VisualGDB/Debug/__BSP_ROOT__/STM32L4xxxx/STM32L4xx_HAL_Driver/Src/stm32l4xx_ll_pwr.o
LOAD VisualGDB/Debug/__BSP_ROOT__/STM32L4xxxx/STM32L4xx_HAL_Driver/Src/stm32l4xx_ll_rcc.o
LOAD VisualGDB/Debug/__BSP_ROOT__/STM32L4xxxx/STM32L4xx_HAL_Driver/Src/stm32l4xx_ll_rng.o
LOAD VisualGDB/Debug/__BSP_ROOT__/STM32L4xxxx/STM32L4xx_HAL_Driver/Src/stm32l4xx_ll_rtc.o
LOAD VisualGDB/Debug/__BSP_ROOT__/STM32L4xxxx/STM32L4xx_HAL_Driver/Src/stm32l4xx_ll_sdmmc.o
LOAD VisualGDB/Debug/__BSP_ROOT__/STM32L4xxxx/STM32L4xx_HAL_Driver/Src/stm32l4xx_ll_spi.o
LOAD VisualGDB/Debug/__BSP_ROOT__/STM32L4xxxx/STM32L4xx_HAL_Driver/Src/stm32l4xx_ll_swpmi.o
LOAD VisualGDB/Debug/__BSP_ROOT__/STM32L4xxxx/STM32L4xx_HAL_Driver/Src/stm32l4xx_ll_tim.o
LOAD VisualGDB/Debug/__BSP_ROOT__/STM32L4xxxx/STM32L4xx_HAL_Driver/Src/stm32l4xx_ll_usart.o
LOAD VisualGDB/Debug/__BSP_ROOT__/STM32L4xxxx/STM32L4xx_HAL_Driver/Src/stm32l4xx_ll_utils.o
END GROUP
LOAD c:/sysgcc/arm-eabi/bin/../lib/gcc/arm-none-eabi/10.3.1/../../../../arm-none-eabi/lib/thumb/v7e-m+fp/hard\libstdc++_nano.a
LOAD c:/sysgcc/arm-eabi/bin/../lib/gcc/arm-none-eabi/10.3.1/../../../../arm-none-eabi/lib/thumb/v7e-m+fp/hard\libm.a
START GROUP
LOAD c:/sysgcc/arm-eabi/bin/../lib/gcc/arm-none-eabi/10.3.1/thumb/v7e-m+fp/hard\libgcc.a
LOAD c:/sysgcc/arm-eabi/bin/../lib/gcc/arm-none-eabi/10.3.1/../../../../arm-none-eabi/lib/thumb/v7e-m+fp/hard\libc_nano.a
END GROUP
START GROUP
LOAD c:/sysgcc/arm-eabi/bin/../lib/gcc/arm-none-eabi/10.3.1/thumb/v7e-m+fp/hard\libgcc.a
LOAD c:/sysgcc/arm-eabi/bin/../lib/gcc/arm-none-eabi/10.3.1/../../../../arm-none-eabi/lib/thumb/v7e-m+fp/hard\libc_nano.a
LOAD c:/sysgcc/arm-eabi/bin/../lib/gcc/arm-none-eabi/10.3.1/../../../../arm-none-eabi/lib/thumb/v7e-m+fp/hard\libnosys.a
END GROUP
START GROUP
LOAD c:/sysgcc/arm-eabi/bin/../lib/gcc/arm-none-eabi/10.3.1/thumb/v7e-m+fp/hard\libgcc.a
LOAD c:/sysgcc/arm-eabi/bin/../lib/gcc/arm-none-eabi/10.3.1/../../../../arm-none-eabi/lib/thumb/v7e-m+fp/hard\libc_nano.a
LOAD c:/sysgcc/arm-eabi/bin/../lib/gcc/arm-none-eabi/10.3.1/../../../../arm-none-eabi/lib/thumb/v7e-m+fp/hard\libnosys.a
END GROUP
LOAD c:/sysgcc/arm-eabi/bin/../lib/gcc/arm-none-eabi/10.3.1/thumb/v7e-m+fp/hard/crtend.o
LOAD c:/sysgcc/arm-eabi/bin/../lib/gcc/arm-none-eabi/10.3.1/thumb/v7e-m+fp/hard/crtn.o
                0x20018000                _estack = 0x20018000

.isr_vector     0x08000000      0x188
                0x08000000                . = ALIGN (0x4)
 *(.isr_vector)
 .isr_vector    0x08000000      0x188 VisualGDB/Debug/__BSP_ROOT__/STM32L4xxxx/StartupFiles/startup_stm32l475xx.o
                0x08000000                g_pfnVectors
                0x08000188                . = ALIGN (0x4)

.text           0x08000190     0xe86c
                0x08000190                . = ALIGN (0x4)
                0x08000190                _stext = .
 *(.text)
 .text          0x08000190       0x40 c:/sysgcc/arm-eabi/bin/../lib/gcc/arm-none-eabi/10.3.1/thumb/v7e-m+fp/hard/crtbegin.o
 .text          0x080001d0      0x378 c:/sysgcc/arm-eabi/bin/../lib/gcc/arm-none-eabi/10.3.1/thumb/v7e-m+fp/hard\libgcc.a(_arm_addsubdf3.o)
                0x080001d0                __aeabi_drsub
                0x080001d8                __aeabi_dsub
                0x080001d8                __subdf3
                0x080001dc                __aeabi_dadd
                0x080001dc                __adddf3
                0x08000454                __floatunsidf
                0x08000454                __aeabi_ui2d
                0x08000474                __floatsidf
                0x08000474                __aeabi_i2d
                0x08000498                __aeabi_f2d
                0x08000498                __extendsfdf2
                0x080004dc                __floatundidf
                0x080004dc                __aeabi_ul2d
                0x080004ec                __floatdidf
                0x080004ec                __aeabi_l2d
 .text          0x08000548      0x424 c:/sysgcc/arm-eabi/bin/../lib/gcc/arm-none-eabi/10.3.1/thumb/v7e-m+fp/hard\libgcc.a(_arm_muldivdf3.o)
                0x08000548                __aeabi_dmul
                0x08000548                __muldf3
                0x0800079c                __divdf3
                0x0800079c                __aeabi_ddiv
 .text          0x0800096c      0x110 c:/sysgcc/arm-eabi/bin/../lib/gcc/arm-none-eabi/10.3.1/thumb/v7e-m+fp/hard\libgcc.a(_arm_cmpdf2.o)
                0x0800096c                __gtdf2
                0x0800096c                __gedf2
                0x08000974                __ltdf2
                0x08000974                __ledf2
                0x0800097c                __nedf2
                0x0800097c                __eqdf2
                0x0800097c                __cmpdf2
                0x080009f8                __aeabi_cdrcmple
                0x08000a08                __aeabi_cdcmpeq
                0x08000a08                __aeabi_cdcmple
                0x08000a18                __aeabi_dcmpeq
                0x08000a2c                __aeabi_dcmplt
                0x08000a40                __aeabi_dcmple
                0x08000a54                __aeabi_dcmpge
                0x08000a68                __aeabi_dcmpgt
 .text          0x08000a7c       0x50 c:/sysgcc/arm-eabi/bin/../lib/gcc/arm-none-eabi/10.3.1/thumb/v7e-m+fp/hard\libgcc.a(_arm_fixdfsi.o)
                0x08000a7c                __aeabi_d2iz
                0x08000a7c                __fixdfsi
 .text          0x08000acc       0xa0 c:/sysgcc/arm-eabi/bin/../lib/gcc/arm-none-eabi/10.3.1/thumb/v7e-m+fp/hard\libgcc.a(_arm_truncdfsf2.o)
                0x08000acc                __truncdfsf2
                0x08000acc                __aeabi_d2f
 .text          0x08000b6c       0x30 c:/sysgcc/arm-eabi/bin/../lib/gcc/arm-none-eabi/10.3.1/thumb/v7e-m+fp/hard\libgcc.a(_aeabi_uldivmod.o)
                0x08000b6c                __aeabi_uldivmod
 .text          0x08000b9c      0x2d0 c:/sysgcc/arm-eabi/bin/../lib/gcc/arm-none-eabi/10.3.1/thumb/v7e-m+fp/hard\libgcc.a(_udivmoddi4.o)
                0x08000b9c                __udivmoddi4
 .text          0x08000e6c        0x4 c:/sysgcc/arm-eabi/bin/../lib/gcc/arm-none-eabi/10.3.1/thumb/v7e-m+fp/hard\libgcc.a(_dvmd_tls.o)
                0x08000e6c                __aeabi_idiv0
                0x08000e6c                __aeabi_ldiv0
 .text          0x08000e70       0xa0 c:/sysgcc/arm-eabi/bin/../lib/gcc/arm-none-eabi/10.3.1/../../../../arm-none-eabi/lib/thumb/v7e-m+fp/hard\libc_nano.a(lib_a-memchr.o)
                0x08000e70                memchr
 *(.text*)
 .text.HAL_MspInit
                0x08000f10       0x48 VisualGDB/Debug/Common/stm32l4xx_hal_msp.o
                0x08000f10                HAL_MspInit
 .text.HAL_TIM_Base_MspInit
                0x08000f58       0x3c VisualGDB/Debug/Common/stm32l4xx_hal_msp.o
                0x08000f58                HAL_TIM_Base_MspInit
 .text.HAL_TIM_MspPostInit
                0x08000f94       0x68 VisualGDB/Debug/Common/stm32l4xx_hal_msp.o
                0x08000f94                HAL_TIM_MspPostInit
 .text.DISPLAY_Thread1
                0x08000ffc        0xe VisualGDB/Debug/DISPLAY/DISPLAY.o
                0x08000ffc                DISPLAY_Thread1
 .text.Flash_Sim_Demo
                0x0800100a       0x74 VisualGDB/Debug/Flash/Flash_Sim_Demo.o
                0x0800100a                Flash_Sim_Demo
 *fill*         0x0800107e        0x2 
 .text.sFLASH_ReadBuffer
                0x08001080       0x34 VisualGDB/Debug/Flash/spi_flash.o
                0x08001080                sFLASH_ReadBuffer
 .text.sFLASH_WriteBuffer
                0x080010b4       0x7c VisualGDB/Debug/Flash/spi_flash.o
                0x080010b4                sFLASH_WriteBuffer
 .text.sFLASH_EraseBulk
                0x08001130       0x38 VisualGDB/Debug/Flash/spi_flash.o
                0x08001130                sFLASH_EraseBulk
 .text.sFLASH_Init
                0x08001168       0x2c VisualGDB/Debug/Flash/spi_flash.o
                0x08001168                sFLASH_Init
 .text.DWT_Delay_us
                0x08001194       0x34 VisualGDB/Debug/HX711/HX711.o
 .text._Z7shiftIntth
                0x080011c8       0xa0 VisualGDB/Debug/HX711/HX711.o
                0x080011c8                shiftIn(unsigned short, unsigned short, unsigned char)
 .text._ZN5HX711C2Ev
                0x08001268       0x30 VisualGDB/Debug/HX711/HX711.o
                0x08001268                HX711::HX711()
                0x08001268                HX711::HX711()
 .text._ZN5HX711D2Ev
                0x08001298       0x20 VisualGDB/Debug/HX711/HX711.o
                0x08001298                HX711::~HX711()
                0x08001298                HX711::~HX711()
 .text._ZN5HX711D0Ev
                0x080012b8       0x20 VisualGDB/Debug/HX711/HX711.o
                0x080012b8                HX711::~HX711()
 .text._ZN5HX7115beginEtth
                0x080012d8       0x88 VisualGDB/Debug/HX711/HX711.o
                0x080012d8                HX711::begin(unsigned short, unsigned short, unsigned char)
 .text._ZN5HX7118is_readyEv
                0x08001360       0x2a VisualGDB/Debug/HX711/HX711.o
                0x08001360                HX711::is_ready()
 .text._ZN5HX7118set_gainEh
                0x0800138a       0x44 VisualGDB/Debug/HX711/HX711.o
                0x0800138a                HX711::set_gain(unsigned char)
 *fill*         0x080013ce        0x2 
 .text._ZN5HX7114readEv
                0x080013d0       0xe0 VisualGDB/Debug/HX711/HX711.o
                0x080013d0                HX711::read()
 .text._ZN5HX71110wait_readyEm
                0x080014b0       0x36 VisualGDB/Debug/HX711/HX711.o
                0x080014b0                HX711::wait_ready(unsigned long)
 .text._ZN5HX71112read_averageEh
                0x080014e6       0x48 VisualGDB/Debug/HX711/HX711.o
                0x080014e6                HX711::read_average(unsigned char)
 *fill*         0x0800152e        0x2 
 .text._ZN5HX7118power_upEv
                0x08001530       0x24 VisualGDB/Debug/HX711/HX711.o
                0x08001530                HX711::power_up()
 .text.LED_GetMode
                0x08001554       0x20 VisualGDB/Debug/LED/LED.o
                0x08001554                LED_GetMode
 .text.LED_SetMode
                0x08001574       0x24 VisualGDB/Debug/LED/LED.o
                0x08001574                LED_SetMode
 .text.LED_init
                0x08001598       0x2c VisualGDB/Debug/LED/LED.o
                0x08001598                LED_init
 .text.LED2_init
                0x080015c4       0x30 VisualGDB/Debug/LED/LED.o
                0x080015c4                LED2_init
 .text.LED_ON   0x080015f4       0x14 VisualGDB/Debug/LED/LED.o
                0x080015f4                LED_ON
 .text.LED_OFF  0x08001608       0x14 VisualGDB/Debug/LED/LED.o
                0x08001608                LED_OFF
 .text.LED2_ON  0x0800161c       0x18 VisualGDB/Debug/LED/LED.o
                0x0800161c                LED2_ON
 .text.LED2_OFF
                0x08001634       0x18 VisualGDB/Debug/LED/LED.o
                0x08001634                LED2_OFF
 .text.LED2_TOGGLE
                0x0800164c       0x18 VisualGDB/Debug/LED/LED.o
                0x0800164c                LED2_TOGGLE
 .text.STATE_LED_ON
                0x08001664       0x3c VisualGDB/Debug/LED/LED.o
                0x08001664                STATE_LED_ON
 .text.STATE_LED_OFF
                0x080016a0       0x3c VisualGDB/Debug/LED/LED.o
                0x080016a0                STATE_LED_OFF
 .text.ssd1306_Reset
                0x080016dc        0xe VisualGDB/Debug/SSD1306/ssd1306.o
                0x080016dc                ssd1306_Reset
 *fill*         0x080016ea        0x2 
 .text.ssd1306_WriteCommand
                0x080016ec       0x30 VisualGDB/Debug/SSD1306/ssd1306.o
                0x080016ec                ssd1306_WriteCommand
 .text.ssd1306_WriteData
                0x0800171c       0x34 VisualGDB/Debug/SSD1306/ssd1306.o
                0x0800171c                ssd1306_WriteData
 .text.ssd1306_Init
                0x08001750       0xd4 VisualGDB/Debug/SSD1306/ssd1306.o
                0x08001750                ssd1306_Init
 .text.ssd1306_Fill
                0x08001824       0x48 VisualGDB/Debug/SSD1306/ssd1306.o
                0x08001824                ssd1306_Fill
 .text.ssd1306_UpdateScreen
                0x0800186c       0x50 VisualGDB/Debug/SSD1306/ssd1306.o
                0x0800186c                ssd1306_UpdateScreen
 .text.ssd1306_DrawPixel
                0x080018bc       0xa8 VisualGDB/Debug/SSD1306/ssd1306.o
                0x080018bc                ssd1306_DrawPixel
 .text.ssd1306_WriteChar
                0x08001964      0x110 VisualGDB/Debug/SSD1306/ssd1306.o
                0x08001964                ssd1306_WriteChar
 .text.ssd1306_WriteString
                0x08001a74       0x4c VisualGDB/Debug/SSD1306/ssd1306.o
                0x08001a74                ssd1306_WriteString
 .text.ssd1306_SetCursor
                0x08001ac0       0x30 VisualGDB/Debug/SSD1306/ssd1306.o
                0x08001ac0                ssd1306_SetCursor
 .text.ssd1306_Line
                0x08001af0       0xd8 VisualGDB/Debug/SSD1306/ssd1306.o
                0x08001af0                ssd1306_Line
 .text.ssd1306_Polyline
                0x08001bc8       0x74 VisualGDB/Debug/SSD1306/ssd1306.o
                0x08001bc8                ssd1306_Polyline
 *fill*         0x08001c3c        0x4 
 .text.ssd1306_DegToRad
                0x08001c40       0x54 VisualGDB/Debug/SSD1306/ssd1306.o
 .text.ssd1306_NormalizeTo0_360
                0x08001c94       0x54 VisualGDB/Debug/SSD1306/ssd1306.o
 .text.ssd1306_DrawArc
                0x08001ce8      0x218 VisualGDB/Debug/SSD1306/ssd1306.o
                0x08001ce8                ssd1306_DrawArc
 .text.ssd1306_DrawCircle
                0x08001f00      0x10e VisualGDB/Debug/SSD1306/ssd1306.o
                0x08001f00                ssd1306_DrawCircle
 .text.ssd1306_DrawRectangle
                0x0800200e       0x6e VisualGDB/Debug/SSD1306/ssd1306.o
                0x0800200e                ssd1306_DrawRectangle
 .text.ssd1306_DrawBitmap
                0x0800207c       0xb6 VisualGDB/Debug/SSD1306/ssd1306.o
                0x0800207c                ssd1306_DrawBitmap
 .text.ssd1306_SetContrast
                0x08002132       0x26 VisualGDB/Debug/SSD1306/ssd1306.o
                0x08002132                ssd1306_SetContrast
 .text.ssd1306_SetDisplayOn
                0x08002158       0x3c VisualGDB/Debug/SSD1306/ssd1306.o
                0x08002158                ssd1306_SetDisplayOn
 .text.ssd1306_TestBorder
                0x08002194       0xa4 VisualGDB/Debug/SSD1306/ssd1306_tests.o
                0x08002194                ssd1306_TestBorder
 .text.ssd1306_TestFonts
                0x08002238       0xa8 VisualGDB/Debug/SSD1306/ssd1306_tests.o
                0x08002238                ssd1306_TestFonts
 .text.ssd1306_TestFPS
                0x080022e0      0x140 VisualGDB/Debug/SSD1306/ssd1306_tests.o
                0x080022e0                ssd1306_TestFPS
 .text.ssd1306_TestLine
                0x08002420       0x30 VisualGDB/Debug/SSD1306/ssd1306_tests.o
                0x08002420                ssd1306_TestLine
 .text.ssd1306_TestRectangle
                0x08002450       0x70 VisualGDB/Debug/SSD1306/ssd1306_tests.o
                0x08002450                ssd1306_TestRectangle
 .text.ssd1306_TestCircle
                0x080024c0       0x40 VisualGDB/Debug/SSD1306/ssd1306_tests.o
                0x080024c0                ssd1306_TestCircle
 .text.ssd1306_TestArc
                0x08002500       0x26 VisualGDB/Debug/SSD1306/ssd1306_tests.o
                0x08002500                ssd1306_TestArc
 *fill*         0x08002526        0x2 
 .text.ssd1306_TestPolyline
                0x08002528       0x2c VisualGDB/Debug/SSD1306/ssd1306_tests.o
                0x08002528                ssd1306_TestPolyline
 .text.ssd1306_TestDrawBitmap
                0x08002554       0x80 VisualGDB/Debug/SSD1306/ssd1306_tests.o
                0x08002554                ssd1306_TestDrawBitmap
 .text.ssd1306_TestAll
                0x080025d4       0x80 VisualGDB/Debug/SSD1306/ssd1306_tests.o
                0x080025d4                ssd1306_TestAll
 .text._Z17SSD1306_test_initv
                0x08002654        0xe VisualGDB/Debug/SSD1306/SSD1306_demo.o
                0x08002654                SSD1306_test_init()
 .text._Z17SSD1306_test_loopv
                0x08002662        0xc VisualGDB/Debug/SSD1306/SSD1306_demo.o
                0x08002662                SSD1306_test_loop()
 *fill*         0x0800266e        0x2 
 .text._ZL12MX_GPIO_Initv
                0x08002670       0x78 VisualGDB/Debug/SSD1306/SSD1306_demo.o
 .text.SSD1306_test
                0x080026e8       0x16 VisualGDB/Debug/SSD1306/SSD1306_demo.o
                0x080026e8                SSD1306_test
 *fill*         0x080026fe        0x2 
 .text._ZL12MX_I2C3_Initv
                0x08002700       0x8c VisualGDB/Debug/SSD1306/SSD1306_demo.o
 .text._Error_Handler
                0x0800278c        0xc VisualGDB/Debug/SSD1306/SSD1306_demo.o
                0x0800278c                _Error_Handler
 .text.UART_Thread1
                0x08002798       0x30 VisualGDB/Debug/UART/UART.o
                0x08002798                UART_Thread1
 .text.UART_init
                0x080027c8       0xd8 VisualGDB/Debug/UART/UART.o
                0x080027c8                UART_init
 .text.SystemInit
                0x080028a0       0x6c VisualGDB/Debug/system_stm32l4xx.o
                0x080028a0                SystemInit
 .text.GetScaleWeight
                0x0800290c       0x90 VisualGDB/Debug/Tasks/task_weight_monitor.o
                0x0800290c                GetScaleWeight
 .text.theScaleTask
                0x0800299c       0x12 VisualGDB/Debug/Tasks/task_weight_monitor.o
                0x0800299c                theScaleTask
 *fill*         0x080029ae        0x2 
 .text._Z41__static_initialization_and_destruction_0ii
                0x080029b0       0x50 VisualGDB/Debug/Tasks/task_weight_monitor.o
 .text._GLOBAL__sub_I_xHX711_Semaphore
                0x08002a00       0x10 VisualGDB/Debug/Tasks/task_weight_monitor.o
 .text.GPIO_init
                0x08002a10      0x104 VisualGDB/Debug/_Init/Init_GPIO.o
                0x08002a10                GPIO_init
 .text.ConfigureI2CPins
                0x08002b14       0x4c VisualGDB/Debug/_Init/Init_GPIO_I2C.o
                0x08002b14                ConfigureI2CPins
 .text.HAL_GPIO_EXTI_Callback
                0x08002b60       0x6c VisualGDB/Debug/_main.o
                0x08002b60                HAL_GPIO_EXTI_Callback
 .text.EXTI15_10_IRQHandler
                0x08002bcc       0x10 VisualGDB/Debug/_main.o
                0x08002bcc                EXTI15_10_IRQHandler
 .text.Error_Handler
                0x08002bdc        0xa VisualGDB/Debug/_main.o
                0x08002bdc                Error_Handler
 .text.pwm_SystemClock_Config
                0x08002be6       0x98 VisualGDB/Debug/_main.o
                0x08002be6                pwm_SystemClock_Config
 *fill*         0x08002c7e        0x2 
 .text.MX_TIM2_Init
                0x08002c80       0xec VisualGDB/Debug/_main.o
 .text.pwm_MX_GPIO_Init
                0x08002d6c       0x78 VisualGDB/Debug/_main.o
 .text.main     0x08002de4      0x13c VisualGDB/Debug/_main.o
                0x08002de4                main
 .text.SysTick_Handler
                0x08002f20       0x14 VisualGDB/Debug/_main.o
                0x08002f20                SysTick_Handler
 .text.PWM_Thread1
                0x08002f34       0x70 VisualGDB/Debug/_main.o
 .text.LED_Thread1
                0x08002fa4       0x68 VisualGDB/Debug/_main.o
 .text.LED_Thread2
                0x0800300c       0x6c VisualGDB/Debug/_main.o
 .text.NMI_Handler
                0x08003078        0x6 VisualGDB/Debug/__BSP_ROOT__/STM32L4xxxx/StartupFiles/startup_stm32l475xx.o
                0x08003078                NMI_Handler
 .text.HardFault_Handler
                0x0800307e        0x6 VisualGDB/Debug/__BSP_ROOT__/STM32L4xxxx/StartupFiles/startup_stm32l475xx.o
                0x0800307e                HardFault_Handler
 .text.MemManage_Handler
                0x08003084        0x6 VisualGDB/Debug/__BSP_ROOT__/STM32L4xxxx/StartupFiles/startup_stm32l475xx.o
                0x08003084                MemManage_Handler
 .text.BusFault_Handler
                0x0800308a        0x6 VisualGDB/Debug/__BSP_ROOT__/STM32L4xxxx/StartupFiles/startup_stm32l475xx.o
                0x0800308a                BusFault_Handler
 .text.UsageFault_Handler
                0x08003090        0x6 VisualGDB/Debug/__BSP_ROOT__/STM32L4xxxx/StartupFiles/startup_stm32l475xx.o
                0x08003090                UsageFault_Handler
 .text.DebugMon_Handler
                0x08003096        0x6 VisualGDB/Debug/__BSP_ROOT__/STM32L4xxxx/StartupFiles/startup_stm32l475xx.o
                0x08003096                DebugMon_Handler
 .text.WWDG_IRQHandler
                0x0800309c        0x6 VisualGDB/Debug/__BSP_ROOT__/STM32L4xxxx/StartupFiles/startup_stm32l475xx.o
                0x0800309c                WWDG_IRQHandler
 .text.PVD_PVM_IRQHandler
                0x080030a2        0x6 VisualGDB/Debug/__BSP_ROOT__/STM32L4xxxx/StartupFiles/startup_stm32l475xx.o
                0x080030a2                PVD_PVM_IRQHandler
 .text.TAMP_STAMP_IRQHandler
                0x080030a8        0x6 VisualGDB/Debug/__BSP_ROOT__/STM32L4xxxx/StartupFiles/startup_stm32l475xx.o
                0x080030a8                TAMP_STAMP_IRQHandler
 .text.RTC_WKUP_IRQHandler
                0x080030ae        0x6 VisualGDB/Debug/__BSP_ROOT__/STM32L4xxxx/StartupFiles/startup_stm32l475xx.o
                0x080030ae                RTC_WKUP_IRQHandler
 .text.FLASH_IRQHandler
                0x080030b4        0x6 VisualGDB/Debug/__BSP_ROOT__/STM32L4xxxx/StartupFiles/startup_stm32l475xx.o
                0x080030b4                FLASH_IRQHandler
 .text.RCC_IRQHandler
                0x080030ba        0x6 VisualGDB/Debug/__BSP_ROOT__/STM32L4xxxx/StartupFiles/startup_stm32l475xx.o
                0x080030ba                RCC_IRQHandler
 .text.EXTI0_IRQHandler
                0x080030c0        0x6 VisualGDB/Debug/__BSP_ROOT__/STM32L4xxxx/StartupFiles/startup_stm32l475xx.o
                0x080030c0                EXTI0_IRQHandler
 .text.EXTI1_IRQHandler
                0x080030c6        0x6 VisualGDB/Debug/__BSP_ROOT__/STM32L4xxxx/StartupFiles/startup_stm32l475xx.o
                0x080030c6                EXTI1_IRQHandler
 .text.EXTI2_IRQHandler
                0x080030cc        0x6 VisualGDB/Debug/__BSP_ROOT__/STM32L4xxxx/StartupFiles/startup_stm32l475xx.o
                0x080030cc                EXTI2_IRQHandler
 .text.EXTI3_IRQHandler
                0x080030d2        0x6 VisualGDB/Debug/__BSP_ROOT__/STM32L4xxxx/StartupFiles/startup_stm32l475xx.o
                0x080030d2                EXTI3_IRQHandler
 .text.EXTI4_IRQHandler
                0x080030d8        0x6 VisualGDB/Debug/__BSP_ROOT__/STM32L4xxxx/StartupFiles/startup_stm32l475xx.o
                0x080030d8                EXTI4_IRQHandler
 .text.DMA1_Channel1_IRQHandler
                0x080030de        0x6 VisualGDB/Debug/__BSP_ROOT__/STM32L4xxxx/StartupFiles/startup_stm32l475xx.o
                0x080030de                DMA1_Channel1_IRQHandler
 .text.DMA1_Channel2_IRQHandler
                0x080030e4        0x6 VisualGDB/Debug/__BSP_ROOT__/STM32L4xxxx/StartupFiles/startup_stm32l475xx.o
                0x080030e4                DMA1_Channel2_IRQHandler
 .text.DMA1_Channel3_IRQHandler
                0x080030ea        0x6 VisualGDB/Debug/__BSP_ROOT__/STM32L4xxxx/StartupFiles/startup_stm32l475xx.o
                0x080030ea                DMA1_Channel3_IRQHandler
 .text.DMA1_Channel4_IRQHandler
                0x080030f0        0x6 VisualGDB/Debug/__BSP_ROOT__/STM32L4xxxx/StartupFiles/startup_stm32l475xx.o
                0x080030f0                DMA1_Channel4_IRQHandler
 .text.DMA1_Channel5_IRQHandler
                0x080030f6        0x6 VisualGDB/Debug/__BSP_ROOT__/STM32L4xxxx/StartupFiles/startup_stm32l475xx.o
                0x080030f6                DMA1_Channel5_IRQHandler
 .text.DMA1_Channel6_IRQHandler
                0x080030fc        0x6 VisualGDB/Debug/__BSP_ROOT__/STM32L4xxxx/StartupFiles/startup_stm32l475xx.o
                0x080030fc                DMA1_Channel6_IRQHandler
 .text.DMA1_Channel7_IRQHandler
                0x08003102        0x6 VisualGDB/Debug/__BSP_ROOT__/STM32L4xxxx/StartupFiles/startup_stm32l475xx.o
                0x08003102                DMA1_Channel7_IRQHandler
 .text.ADC1_2_IRQHandler
                0x08003108        0x6 VisualGDB/Debug/__BSP_ROOT__/STM32L4xxxx/StartupFiles/startup_stm32l475xx.o
                0x08003108                ADC1_2_IRQHandler
 .text.CAN1_TX_IRQHandler
                0x0800310e        0x6 VisualGDB/Debug/__BSP_ROOT__/STM32L4xxxx/StartupFiles/startup_stm32l475xx.o
                0x0800310e                CAN1_TX_IRQHandler
 .text.CAN1_RX0_IRQHandler
                0x08003114        0x6 VisualGDB/Debug/__BSP_ROOT__/STM32L4xxxx/StartupFiles/startup_stm32l475xx.o
                0x08003114                CAN1_RX0_IRQHandler
 .text.CAN1_RX1_IRQHandler
                0x0800311a        0x6 VisualGDB/Debug/__BSP_ROOT__/STM32L4xxxx/StartupFiles/startup_stm32l475xx.o
                0x0800311a                CAN1_RX1_IRQHandler
 .text.CAN1_SCE_IRQHandler
                0x08003120        0x6 VisualGDB/Debug/__BSP_ROOT__/STM32L4xxxx/StartupFiles/startup_stm32l475xx.o
                0x08003120                CAN1_SCE_IRQHandler
 .text.EXTI9_5_IRQHandler
                0x08003126        0x6 VisualGDB/Debug/__BSP_ROOT__/STM32L4xxxx/StartupFiles/startup_stm32l475xx.o
                0x08003126                EXTI9_5_IRQHandler
 .text.TIM1_BRK_TIM15_IRQHandler
                0x0800312c        0x6 VisualGDB/Debug/__BSP_ROOT__/STM32L4xxxx/StartupFiles/startup_stm32l475xx.o
                0x0800312c                TIM1_BRK_TIM15_IRQHandler
 .text.TIM1_UP_TIM16_IRQHandler
                0x08003132        0x6 VisualGDB/Debug/__BSP_ROOT__/STM32L4xxxx/StartupFiles/startup_stm32l475xx.o
                0x08003132                TIM1_UP_TIM16_IRQHandler
 .text.TIM1_TRG_COM_TIM17_IRQHandler
                0x08003138        0x6 VisualGDB/Debug/__BSP_ROOT__/STM32L4xxxx/StartupFiles/startup_stm32l475xx.o
                0x08003138                TIM1_TRG_COM_TIM17_IRQHandler
 .text.TIM1_CC_IRQHandler
                0x0800313e        0x6 VisualGDB/Debug/__BSP_ROOT__/STM32L4xxxx/StartupFiles/startup_stm32l475xx.o
                0x0800313e                TIM1_CC_IRQHandler
 .text.TIM2_IRQHandler
                0x08003144        0x6 VisualGDB/Debug/__BSP_ROOT__/STM32L4xxxx/StartupFiles/startup_stm32l475xx.o
                0x08003144                TIM2_IRQHandler
 .text.TIM3_IRQHandler
                0x0800314a        0x6 VisualGDB/Debug/__BSP_ROOT__/STM32L4xxxx/StartupFiles/startup_stm32l475xx.o
                0x0800314a                TIM3_IRQHandler
 .text.TIM4_IRQHandler
                0x08003150        0x6 VisualGDB/Debug/__BSP_ROOT__/STM32L4xxxx/StartupFiles/startup_stm32l475xx.o
                0x08003150                TIM4_IRQHandler
 .text.I2C1_EV_IRQHandler
                0x08003156        0x6 VisualGDB/Debug/__BSP_ROOT__/STM32L4xxxx/StartupFiles/startup_stm32l475xx.o
                0x08003156                I2C1_EV_IRQHandler
 .text.I2C1_ER_IRQHandler
                0x0800315c        0x6 VisualGDB/Debug/__BSP_ROOT__/STM32L4xxxx/StartupFiles/startup_stm32l475xx.o
                0x0800315c                I2C1_ER_IRQHandler
 .text.I2C2_EV_IRQHandler
                0x08003162        0x6 VisualGDB/Debug/__BSP_ROOT__/STM32L4xxxx/StartupFiles/startup_stm32l475xx.o
                0x08003162                I2C2_EV_IRQHandler
 .text.I2C2_ER_IRQHandler
                0x08003168        0x6 VisualGDB/Debug/__BSP_ROOT__/STM32L4xxxx/StartupFiles/startup_stm32l475xx.o
                0x08003168                I2C2_ER_IRQHandler
 .text.SPI1_IRQHandler
                0x0800316e        0x6 VisualGDB/Debug/__BSP_ROOT__/STM32L4xxxx/StartupFiles/startup_stm32l475xx.o
                0x0800316e                SPI1_IRQHandler
 .text.SPI2_IRQHandler
                0x08003174        0x6 VisualGDB/Debug/__BSP_ROOT__/STM32L4xxxx/StartupFiles/startup_stm32l475xx.o
                0x08003174                SPI2_IRQHandler
 .text.USART1_IRQHandler
                0x0800317a        0x6 VisualGDB/Debug/__BSP_ROOT__/STM32L4xxxx/StartupFiles/startup_stm32l475xx.o
                0x0800317a                USART1_IRQHandler
 .text.USART2_IRQHandler
                0x08003180        0x6 VisualGDB/Debug/__BSP_ROOT__/STM32L4xxxx/StartupFiles/startup_stm32l475xx.o
                0x08003180                USART2_IRQHandler
 .text.USART3_IRQHandler
                0x08003186        0x6 VisualGDB/Debug/__BSP_ROOT__/STM32L4xxxx/StartupFiles/startup_stm32l475xx.o
                0x08003186                USART3_IRQHandler
 .text.RTC_Alarm_IRQHandler
                0x0800318c        0x6 VisualGDB/Debug/__BSP_ROOT__/STM32L4xxxx/StartupFiles/startup_stm32l475xx.o
                0x0800318c                RTC_Alarm_IRQHandler
 .text.DFSDM1_FLT3_IRQHandler
                0x08003192        0x6 VisualGDB/Debug/__BSP_ROOT__/STM32L4xxxx/StartupFiles/startup_stm32l475xx.o
                0x08003192                DFSDM1_FLT3_IRQHandler
 .text.TIM8_BRK_IRQHandler
                0x08003198        0x6 VisualGDB/Debug/__BSP_ROOT__/STM32L4xxxx/StartupFiles/startup_stm32l475xx.o
                0x08003198                TIM8_BRK_IRQHandler
 .text.TIM8_UP_IRQHandler
                0x0800319e        0x6 VisualGDB/Debug/__BSP_ROOT__/STM32L4xxxx/StartupFiles/startup_stm32l475xx.o
                0x0800319e                TIM8_UP_IRQHandler
 .text.TIM8_TRG_COM_IRQHandler
                0x080031a4        0x6 VisualGDB/Debug/__BSP_ROOT__/STM32L4xxxx/StartupFiles/startup_stm32l475xx.o
                0x080031a4                TIM8_TRG_COM_IRQHandler
 .text.TIM8_CC_IRQHandler
                0x080031aa        0x6 VisualGDB/Debug/__BSP_ROOT__/STM32L4xxxx/StartupFiles/startup_stm32l475xx.o
                0x080031aa                TIM8_CC_IRQHandler
 .text.ADC3_IRQHandler
                0x080031b0        0x6 VisualGDB/Debug/__BSP_ROOT__/STM32L4xxxx/StartupFiles/startup_stm32l475xx.o
                0x080031b0                ADC3_IRQHandler
 .text.FMC_IRQHandler
                0x080031b6        0x6 VisualGDB/Debug/__BSP_ROOT__/STM32L4xxxx/StartupFiles/startup_stm32l475xx.o
                0x080031b6                FMC_IRQHandler
 .text.SDMMC1_IRQHandler
                0x080031bc        0x6 VisualGDB/Debug/__BSP_ROOT__/STM32L4xxxx/StartupFiles/startup_stm32l475xx.o
                0x080031bc                SDMMC1_IRQHandler
 .text.TIM5_IRQHandler
                0x080031c2        0x6 VisualGDB/Debug/__BSP_ROOT__/STM32L4xxxx/StartupFiles/startup_stm32l475xx.o
                0x080031c2                TIM5_IRQHandler
 .text.SPI3_IRQHandler
                0x080031c8        0x6 VisualGDB/Debug/__BSP_ROOT__/STM32L4xxxx/StartupFiles/startup_stm32l475xx.o
                0x080031c8                SPI3_IRQHandler
 .text.UART4_IRQHandler
                0x080031ce        0x6 VisualGDB/Debug/__BSP_ROOT__/STM32L4xxxx/StartupFiles/startup_stm32l475xx.o
                0x080031ce                UART4_IRQHandler
 .text.UART5_IRQHandler
                0x080031d4        0x6 VisualGDB/Debug/__BSP_ROOT__/STM32L4xxxx/StartupFiles/startup_stm32l475xx.o
                0x080031d4                UART5_IRQHandler
 .text.TIM6_DAC_IRQHandler
                0x080031da        0x6 VisualGDB/Debug/__BSP_ROOT__/STM32L4xxxx/StartupFiles/startup_stm32l475xx.o
                0x080031da                TIM6_DAC_IRQHandler
 .text.TIM7_IRQHandler
                0x080031e0        0x6 VisualGDB/Debug/__BSP_ROOT__/STM32L4xxxx/StartupFiles/startup_stm32l475xx.o
                0x080031e0                TIM7_IRQHandler
 .text.DMA2_Channel1_IRQHandler
                0x080031e6        0x6 VisualGDB/Debug/__BSP_ROOT__/STM32L4xxxx/StartupFiles/startup_stm32l475xx.o
                0x080031e6                DMA2_Channel1_IRQHandler
 .text.DMA2_Channel2_IRQHandler
                0x080031ec        0x6 VisualGDB/Debug/__BSP_ROOT__/STM32L4xxxx/StartupFiles/startup_stm32l475xx.o
                0x080031ec                DMA2_Channel2_IRQHandler
 .text.DMA2_Channel3_IRQHandler
                0x080031f2        0x6 VisualGDB/Debug/__BSP_ROOT__/STM32L4xxxx/StartupFiles/startup_stm32l475xx.o
                0x080031f2                DMA2_Channel3_IRQHandler
 .text.DMA2_Channel4_IRQHandler
                0x080031f8        0x6 VisualGDB/Debug/__BSP_ROOT__/STM32L4xxxx/StartupFiles/startup_stm32l475xx.o
                0x080031f8                DMA2_Channel4_IRQHandler
 .text.DMA2_Channel5_IRQHandler
                0x080031fe        0x6 VisualGDB/Debug/__BSP_ROOT__/STM32L4xxxx/StartupFiles/startup_stm32l475xx.o
                0x080031fe                DMA2_Channel5_IRQHandler
 .text.DFSDM1_FLT0_IRQHandler
                0x08003204        0x6 VisualGDB/Debug/__BSP_ROOT__/STM32L4xxxx/StartupFiles/startup_stm32l475xx.o
                0x08003204                DFSDM1_FLT0_IRQHandler
 .text.DFSDM1_FLT1_IRQHandler
                0x0800320a        0x6 VisualGDB/Debug/__BSP_ROOT__/STM32L4xxxx/StartupFiles/startup_stm32l475xx.o
                0x0800320a                DFSDM1_FLT1_IRQHandler
 .text.DFSDM1_FLT2_IRQHandler
                0x08003210        0x6 VisualGDB/Debug/__BSP_ROOT__/STM32L4xxxx/StartupFiles/startup_stm32l475xx.o
                0x08003210                DFSDM1_FLT2_IRQHandler
 .text.COMP_IRQHandler
                0x08003216        0x6 VisualGDB/Debug/__BSP_ROOT__/STM32L4xxxx/StartupFiles/startup_stm32l475xx.o
                0x08003216                COMP_IRQHandler
 .text.LPTIM1_IRQHandler
                0x0800321c        0x6 VisualGDB/Debug/__BSP_ROOT__/STM32L4xxxx/StartupFiles/startup_stm32l475xx.o
                0x0800321c                LPTIM1_IRQHandler
 .text.LPTIM2_IRQHandler
                0x08003222        0x6 VisualGDB/Debug/__BSP_ROOT__/STM32L4xxxx/StartupFiles/startup_stm32l475xx.o
                0x08003222                LPTIM2_IRQHandler
 .text.OTG_FS_IRQHandler
                0x08003228        0x6 VisualGDB/Debug/__BSP_ROOT__/STM32L4xxxx/StartupFiles/startup_stm32l475xx.o
                0x08003228                OTG_FS_IRQHandler
 .text.DMA2_Channel6_IRQHandler
                0x0800322e        0x6 VisualGDB/Debug/__BSP_ROOT__/STM32L4xxxx/StartupFiles/startup_stm32l475xx.o
                0x0800322e                DMA2_Channel6_IRQHandler
 .text.DMA2_Channel7_IRQHandler
                0x08003234        0x6 VisualGDB/Debug/__BSP_ROOT__/STM32L4xxxx/StartupFiles/startup_stm32l475xx.o
                0x08003234                DMA2_Channel7_IRQHandler
 .text.LPUART1_IRQHandler
                0x0800323a        0x6 VisualGDB/Debug/__BSP_ROOT__/STM32L4xxxx/StartupFiles/startup_stm32l475xx.o
                0x0800323a                LPUART1_IRQHandler
 .text.QUADSPI_IRQHandler
                0x08003240        0x6 VisualGDB/Debug/__BSP_ROOT__/STM32L4xxxx/StartupFiles/startup_stm32l475xx.o
                0x08003240                QUADSPI_IRQHandler
 .text.I2C3_EV_IRQHandler
                0x08003246        0x6 VisualGDB/Debug/__BSP_ROOT__/STM32L4xxxx/StartupFiles/startup_stm32l475xx.o
                0x08003246                I2C3_EV_IRQHandler
 .text.I2C3_ER_IRQHandler
                0x0800324c        0x6 VisualGDB/Debug/__BSP_ROOT__/STM32L4xxxx/StartupFiles/startup_stm32l475xx.o
                0x0800324c                I2C3_ER_IRQHandler
 .text.SAI1_IRQHandler
                0x08003252        0x6 VisualGDB/Debug/__BSP_ROOT__/STM32L4xxxx/StartupFiles/startup_stm32l475xx.o
                0x08003252                SAI1_IRQHandler
 .text.SAI2_IRQHandler
                0x08003258        0x6 VisualGDB/Debug/__BSP_ROOT__/STM32L4xxxx/StartupFiles/startup_stm32l475xx.o
                0x08003258                SAI2_IRQHandler
 .text.SWPMI1_IRQHandler
                0x0800325e        0x6 VisualGDB/Debug/__BSP_ROOT__/STM32L4xxxx/StartupFiles/startup_stm32l475xx.o
                0x0800325e                SWPMI1_IRQHandler
 .text.TSC_IRQHandler
                0x08003264        0x6 VisualGDB/Debug/__BSP_ROOT__/STM32L4xxxx/StartupFiles/startup_stm32l475xx.o
                0x08003264                TSC_IRQHandler
 .text.RNG_IRQHandler
                0x0800326a        0x6 VisualGDB/Debug/__BSP_ROOT__/STM32L4xxxx/StartupFiles/startup_stm32l475xx.o
                0x0800326a                RNG_IRQHandler
 .text.FPU_IRQHandler
                0x08003270        0x6 VisualGDB/Debug/__BSP_ROOT__/STM32L4xxxx/StartupFiles/startup_stm32l475xx.o
                0x08003270                FPU_IRQHandler
 *fill*         0x08003276        0x2 
 .text.Reset_Handler
                0x08003278       0x48 VisualGDB/Debug/__BSP_ROOT__/STM32L4xxxx/StartupFiles/startup_stm32l475xx.o
                0x08003278                Reset_Handler
 .text.vListInitialise
                0x080032c0       0x40 VisualGDB/Debug/__BSP_ROOT__/FreeRTOS/Source/list.o
                0x080032c0                vListInitialise
 .text.vListInitialiseItem
                0x08003300       0x1a VisualGDB/Debug/__BSP_ROOT__/FreeRTOS/Source/list.o
                0x08003300                vListInitialiseItem
 .text.vListInsertEnd
                0x0800331a       0x48 VisualGDB/Debug/__BSP_ROOT__/FreeRTOS/Source/list.o
                0x0800331a                vListInsertEnd
 .text.vListInsert
                0x08003362       0x72 VisualGDB/Debug/__BSP_ROOT__/FreeRTOS/Source/list.o
                0x08003362                vListInsert
 .text.uxListRemove
                0x080033d4       0x54 VisualGDB/Debug/__BSP_ROOT__/FreeRTOS/Source/list.o
                0x080033d4                uxListRemove
 .text.xQueueGenericReset
                0x08003428       0xd0 VisualGDB/Debug/__BSP_ROOT__/FreeRTOS/Source/queue.o
                0x08003428                xQueueGenericReset
 .text.xQueueGenericCreate
                0x080034f8       0x78 VisualGDB/Debug/__BSP_ROOT__/FreeRTOS/Source/queue.o
                0x080034f8                xQueueGenericCreate
 .text.prvInitialiseNewQueue
                0x08003570       0x46 VisualGDB/Debug/__BSP_ROOT__/FreeRTOS/Source/queue.o
 .text.prvInitialiseMutex
                0x080035b6       0x34 VisualGDB/Debug/__BSP_ROOT__/FreeRTOS/Source/queue.o
 .text.xQueueCreateMutex
                0x080035ea       0x30 VisualGDB/Debug/__BSP_ROOT__/FreeRTOS/Source/queue.o
                0x080035ea                xQueueCreateMutex
 *fill*         0x0800361a        0x2 
 .text.xQueueGenericSend
                0x0800361c      0x1fc VisualGDB/Debug/__BSP_ROOT__/FreeRTOS/Source/queue.o
                0x0800361c                xQueueGenericSend
 .text.xQueueGenericSendFromISR
                0x08003818      0x130 VisualGDB/Debug/__BSP_ROOT__/FreeRTOS/Source/queue.o
                0x08003818                xQueueGenericSendFromISR
 .text.xQueueReceive
                0x08003948      0x1c0 VisualGDB/Debug/__BSP_ROOT__/FreeRTOS/Source/queue.o
                0x08003948                xQueueReceive
 .text.xQueueSemaphoreTake
                0x08003b08      0x218 VisualGDB/Debug/__BSP_ROOT__/FreeRTOS/Source/queue.o
                0x08003b08                xQueueSemaphoreTake
 .text.prvGetDisinheritPriorityAfterTimeout
                0x08003d20       0x30 VisualGDB/Debug/__BSP_ROOT__/FreeRTOS/Source/queue.o
 .text.prvCopyDataToQueue
                0x08003d50       0xd4 VisualGDB/Debug/__BSP_ROOT__/FreeRTOS/Source/queue.o
 .text.prvCopyDataFromQueue
                0x08003e24       0x4c VisualGDB/Debug/__BSP_ROOT__/FreeRTOS/Source/queue.o
 .text.prvUnlockQueue
                0x08003e70       0xa4 VisualGDB/Debug/__BSP_ROOT__/FreeRTOS/Source/queue.o
 .text.prvIsQueueEmpty
                0x08003f14       0x2c VisualGDB/Debug/__BSP_ROOT__/FreeRTOS/Source/queue.o
 .text.prvIsQueueFull
                0x08003f40       0x30 VisualGDB/Debug/__BSP_ROOT__/FreeRTOS/Source/queue.o
 .text.vQueueAddToRegistry
                0x08003f70       0x54 VisualGDB/Debug/__BSP_ROOT__/FreeRTOS/Source/queue.o
                0x08003f70                vQueueAddToRegistry
 .text.vQueueWaitForMessageRestricted
                0x08003fc4       0x68 VisualGDB/Debug/__BSP_ROOT__/FreeRTOS/Source/queue.o
                0x08003fc4                vQueueWaitForMessageRestricted
 .text.xTaskCreate
                0x0800402c       0x82 VisualGDB/Debug/__BSP_ROOT__/FreeRTOS/Source/tasks.o
                0x0800402c                xTaskCreate
 .text.prvInitialiseNewTask
                0x080040ae      0x11e VisualGDB/Debug/__BSP_ROOT__/FreeRTOS/Source/tasks.o
 .text.prvAddNewTaskToReadyList
                0x080041cc       0xdc VisualGDB/Debug/__BSP_ROOT__/FreeRTOS/Source/tasks.o
 .text.vTaskDelay
                0x080042a8       0x68 VisualGDB/Debug/__BSP_ROOT__/FreeRTOS/Source/tasks.o
                0x080042a8                vTaskDelay
 .text.vTaskStartScheduler
                0x08004310       0x9c VisualGDB/Debug/__BSP_ROOT__/FreeRTOS/Source/tasks.o
                0x08004310                vTaskStartScheduler
 .text.vTaskSuspendAll
                0x080043ac       0x1c VisualGDB/Debug/__BSP_ROOT__/FreeRTOS/Source/tasks.o
                0x080043ac                vTaskSuspendAll
 .text.xTaskResumeAll
                0x080043c8      0x138 VisualGDB/Debug/__BSP_ROOT__/FreeRTOS/Source/tasks.o
                0x080043c8                xTaskResumeAll
 .text.xTaskGetTickCount
                0x08004500       0x20 VisualGDB/Debug/__BSP_ROOT__/FreeRTOS/Source/tasks.o
                0x08004500                xTaskGetTickCount
 .text.xTaskIncrementTick
                0x08004520      0x170 VisualGDB/Debug/__BSP_ROOT__/FreeRTOS/Source/tasks.o
                0x08004520                xTaskIncrementTick
 .text.vTaskSwitchContext
                0x08004690       0xb8 VisualGDB/Debug/__BSP_ROOT__/FreeRTOS/Source/tasks.o
                0x08004690                vTaskSwitchContext
 .text.vTaskPlaceOnEventList
                0x08004748       0x48 VisualGDB/Debug/__BSP_ROOT__/FreeRTOS/Source/tasks.o
                0x08004748                vTaskPlaceOnEventList
 .text.vTaskPlaceOnEventListRestricted
                0x08004790       0x58 VisualGDB/Debug/__BSP_ROOT__/FreeRTOS/Source/tasks.o
                0x08004790                vTaskPlaceOnEventListRestricted
 .text.xTaskRemoveFromEventList
                0x080047e8       0xc4 VisualGDB/Debug/__BSP_ROOT__/FreeRTOS/Source/tasks.o
                0x080047e8                xTaskRemoveFromEventList
 .text.vTaskInternalSetTimeOutState
                0x080048ac       0x2c VisualGDB/Debug/__BSP_ROOT__/FreeRTOS/Source/tasks.o
                0x080048ac                vTaskInternalSetTimeOutState
 .text.xTaskCheckForTimeOut
                0x080048d8       0xc4 VisualGDB/Debug/__BSP_ROOT__/FreeRTOS/Source/tasks.o
                0x080048d8                xTaskCheckForTimeOut
 .text.vTaskMissedYield
                0x0800499c       0x18 VisualGDB/Debug/__BSP_ROOT__/FreeRTOS/Source/tasks.o
                0x0800499c                vTaskMissedYield
 .text.prvIdleTask
                0x080049b4       0x30 VisualGDB/Debug/__BSP_ROOT__/FreeRTOS/Source/tasks.o
 .text.prvInitialiseTaskLists
                0x080049e4       0x80 VisualGDB/Debug/__BSP_ROOT__/FreeRTOS/Source/tasks.o
 .text.prvCheckTasksWaitingTermination
                0x08004a64       0x5c VisualGDB/Debug/__BSP_ROOT__/FreeRTOS/Source/tasks.o
 .text.prvDeleteTCB
                0x08004ac0       0x20 VisualGDB/Debug/__BSP_ROOT__/FreeRTOS/Source/tasks.o
 .text.prvResetNextTaskUnblockTime
                0x08004ae0       0x40 VisualGDB/Debug/__BSP_ROOT__/FreeRTOS/Source/tasks.o
 .text.xTaskGetSchedulerState
                0x08004b20       0x3c VisualGDB/Debug/__BSP_ROOT__/FreeRTOS/Source/tasks.o
                0x08004b20                xTaskGetSchedulerState
 .text.xTaskPriorityInherit
                0x08004b5c      0x100 VisualGDB/Debug/__BSP_ROOT__/FreeRTOS/Source/tasks.o
                0x08004b5c                xTaskPriorityInherit
 .text.xTaskPriorityDisinherit
                0x08004c5c      0x10c VisualGDB/Debug/__BSP_ROOT__/FreeRTOS/Source/tasks.o
                0x08004c5c                xTaskPriorityDisinherit
 .text.vTaskPriorityDisinheritAfterTimeout
                0x08004d68      0x134 VisualGDB/Debug/__BSP_ROOT__/FreeRTOS/Source/tasks.o
                0x08004d68                vTaskPriorityDisinheritAfterTimeout
 .text.pvTaskIncrementMutexHeldCount
                0x08004e9c       0x28 VisualGDB/Debug/__BSP_ROOT__/FreeRTOS/Source/tasks.o
                0x08004e9c                pvTaskIncrementMutexHeldCount
 .text.prvAddCurrentTaskToDelayedList
                0x08004ec4       0xcc VisualGDB/Debug/__BSP_ROOT__/FreeRTOS/Source/tasks.o
 .text.xTimerCreateTimerTask
                0x08004f90       0x64 VisualGDB/Debug/__BSP_ROOT__/FreeRTOS/Source/timers.o
                0x08004f90                xTimerCreateTimerTask
 .text.xTimerGenericCommand
                0x08004ff4       0x9c VisualGDB/Debug/__BSP_ROOT__/FreeRTOS/Source/timers.o
                0x08004ff4                xTimerGenericCommand
 .text.prvProcessExpiredTimer
                0x08005090       0x98 VisualGDB/Debug/__BSP_ROOT__/FreeRTOS/Source/timers.o
 .text.prvTimerTask
                0x08005128       0x24 VisualGDB/Debug/__BSP_ROOT__/FreeRTOS/Source/timers.o
 .text.prvProcessTimerOrBlockTask
                0x0800514c       0x9c VisualGDB/Debug/__BSP_ROOT__/FreeRTOS/Source/timers.o
 .text.prvGetNextExpireTime
                0x080051e8       0x48 VisualGDB/Debug/__BSP_ROOT__/FreeRTOS/Source/timers.o
 .text.prvSampleTimeNow
                0x08005230       0x40 VisualGDB/Debug/__BSP_ROOT__/FreeRTOS/Source/timers.o
 .text.prvInsertTimerInActiveList
                0x08005270       0x84 VisualGDB/Debug/__BSP_ROOT__/FreeRTOS/Source/timers.o
 .text.prvProcessReceivedCommands
                0x080052f4      0x18c VisualGDB/Debug/__BSP_ROOT__/FreeRTOS/Source/timers.o
 .text.prvSwitchTimerLists
                0x08005480       0xc8 VisualGDB/Debug/__BSP_ROOT__/FreeRTOS/Source/timers.o
 .text.prvCheckForValidListAndQueue
                0x08005548       0x6c VisualGDB/Debug/__BSP_ROOT__/FreeRTOS/Source/timers.o
 .text.makeFreeRtosPriority
                0x080055b4       0x30 VisualGDB/Debug/__BSP_ROOT__/FreeRTOS/Source/CMSIS_RTOS/cmsis_os.o
 .text.osKernelStart
                0x080055e4        0xe VisualGDB/Debug/__BSP_ROOT__/FreeRTOS/Source/CMSIS_RTOS/cmsis_os.o
                0x080055e4                osKernelStart
 .text.osThreadCreate
                0x080055f2       0x4e VisualGDB/Debug/__BSP_ROOT__/FreeRTOS/Source/CMSIS_RTOS/cmsis_os.o
                0x080055f2                osThreadCreate
 .text.osDelay  0x08005640       0x28 VisualGDB/Debug/__BSP_ROOT__/FreeRTOS/Source/CMSIS_RTOS/cmsis_os.o
                0x08005640                osDelay
 .text.osSystickHandler
                0x08005668       0x16 VisualGDB/Debug/__BSP_ROOT__/FreeRTOS/Source/CMSIS_RTOS/cmsis_os.o
                0x08005668                osSystickHandler
 *fill*         0x0800567e        0x2 
 .text.pxPortInitialiseStack
                0x08005680       0x5c VisualGDB/Debug/__BSP_ROOT__/FreeRTOS/Source/portable/GCC/ARM_CM3/port.o
                0x08005680                pxPortInitialiseStack
 .text.prvTaskExitError
                0x080056dc       0x58 VisualGDB/Debug/__BSP_ROOT__/FreeRTOS/Source/portable/GCC/ARM_CM3/port.o
 *fill*         0x08005734        0xc 
 .text.SVC_Handler
                0x08005740       0x28 VisualGDB/Debug/__BSP_ROOT__/FreeRTOS/Source/portable/GCC/ARM_CM3/port.o
                0x08005740                SVC_Handler
 .text.prvPortStartFirstTask
                0x08005768       0x20 VisualGDB/Debug/__BSP_ROOT__/FreeRTOS/Source/portable/GCC/ARM_CM3/port.o
 .text.xPortStartScheduler
                0x08005788       0xe4 VisualGDB/Debug/__BSP_ROOT__/FreeRTOS/Source/portable/GCC/ARM_CM3/port.o
                0x08005788                xPortStartScheduler
 .text.vPortEnterCritical
                0x0800586c       0x60 VisualGDB/Debug/__BSP_ROOT__/FreeRTOS/Source/portable/GCC/ARM_CM3/port.o
                0x0800586c                vPortEnterCritical
 .text.vPortExitCritical
                0x080058cc       0x54 VisualGDB/Debug/__BSP_ROOT__/FreeRTOS/Source/portable/GCC/ARM_CM3/port.o
                0x080058cc                vPortExitCritical
 .text.PendSV_Handler
                0x08005920       0x48 VisualGDB/Debug/__BSP_ROOT__/FreeRTOS/Source/portable/GCC/ARM_CM3/port.o
                0x08005920                PendSV_Handler
 .text.xPortSysTickHandler
                0x08005968       0x44 VisualGDB/Debug/__BSP_ROOT__/FreeRTOS/Source/portable/GCC/ARM_CM3/port.o
                0x08005968                xPortSysTickHandler
 .text.vPortSetupTimerInterrupt
                0x080059ac       0x48 VisualGDB/Debug/__BSP_ROOT__/FreeRTOS/Source/portable/GCC/ARM_CM3/port.o
                0x080059ac                vPortSetupTimerInterrupt
 .text.vPortValidateInterruptPriority
                0x080059f4       0x80 VisualGDB/Debug/__BSP_ROOT__/FreeRTOS/Source/portable/GCC/ARM_CM3/port.o
                0x080059f4                vPortValidateInterruptPriority
 .text.pvPortMalloc
                0x08005a74      0x188 VisualGDB/Debug/__BSP_ROOT__/FreeRTOS/Source/portable/MemMang/heap_4.o
                0x08005a74                pvPortMalloc
 .text.vPortFree
                0x08005bfc       0xb4 VisualGDB/Debug/__BSP_ROOT__/FreeRTOS/Source/portable/MemMang/heap_4.o
                0x08005bfc                vPortFree
 .text.xPortGetFreeHeapSize
                0x08005cb0       0x18 VisualGDB/Debug/__BSP_ROOT__/FreeRTOS/Source/portable/MemMang/heap_4.o
                0x08005cb0                xPortGetFreeHeapSize
 .text.prvHeapInit
                0x08005cc8       0xc4 VisualGDB/Debug/__BSP_ROOT__/FreeRTOS/Source/portable/MemMang/heap_4.o
 .text.prvInsertBlockIntoFreeList
                0x08005d8c       0xb4 VisualGDB/Debug/__BSP_ROOT__/FreeRTOS/Source/portable/MemMang/heap_4.o
 .text.HAL_Init
                0x08005e40       0x30 VisualGDB/Debug/__BSP_ROOT__/STM32L4xxxx/STM32L4xx_HAL_Driver/Src/stm32l4xx_hal.o
                0x08005e40                HAL_Init
 .text.HAL_InitTick
                0x08005e70       0x78 VisualGDB/Debug/__BSP_ROOT__/STM32L4xxxx/STM32L4xx_HAL_Driver/Src/stm32l4xx_hal.o
                0x08005e70                HAL_InitTick
 .text.HAL_IncTick
                0x08005ee8       0x28 VisualGDB/Debug/__BSP_ROOT__/STM32L4xxxx/STM32L4xx_HAL_Driver/Src/stm32l4xx_hal.o
                0x08005ee8                HAL_IncTick
 .text.HAL_GetTick
                0x08005f10       0x18 VisualGDB/Debug/__BSP_ROOT__/STM32L4xxxx/STM32L4xx_HAL_Driver/Src/stm32l4xx_hal.o
                0x08005f10                HAL_GetTick
 .text.HAL_Delay
                0x08005f28       0x48 VisualGDB/Debug/__BSP_ROOT__/STM32L4xxxx/STM32L4xx_HAL_Driver/Src/stm32l4xx_hal.o
                0x08005f28                HAL_Delay
 .text.__NVIC_SetPriorityGrouping
                0x08005f70       0x48 VisualGDB/Debug/__BSP_ROOT__/STM32L4xxxx/STM32L4xx_HAL_Driver/Src/stm32l4xx_hal_cortex.o
 .text.__NVIC_GetPriorityGrouping
                0x08005fb8       0x1c VisualGDB/Debug/__BSP_ROOT__/STM32L4xxxx/STM32L4xx_HAL_Driver/Src/stm32l4xx_hal_cortex.o
 .text.__NVIC_EnableIRQ
                0x08005fd4       0x3c VisualGDB/Debug/__BSP_ROOT__/STM32L4xxxx/STM32L4xx_HAL_Driver/Src/stm32l4xx_hal_cortex.o
 .text.__NVIC_SetPriority
                0x08006010       0x54 VisualGDB/Debug/__BSP_ROOT__/STM32L4xxxx/STM32L4xx_HAL_Driver/Src/stm32l4xx_hal_cortex.o
 .text.NVIC_EncodePriority
                0x08006064       0x66 VisualGDB/Debug/__BSP_ROOT__/STM32L4xxxx/STM32L4xx_HAL_Driver/Src/stm32l4xx_hal_cortex.o
 *fill*         0x080060ca        0x2 
 .text.SysTick_Config
                0x080060cc       0x44 VisualGDB/Debug/__BSP_ROOT__/STM32L4xxxx/STM32L4xx_HAL_Driver/Src/stm32l4xx_hal_cortex.o
 .text.HAL_NVIC_SetPriorityGrouping
                0x08006110       0x16 VisualGDB/Debug/__BSP_ROOT__/STM32L4xxxx/STM32L4xx_HAL_Driver/Src/stm32l4xx_hal_cortex.o
                0x08006110                HAL_NVIC_SetPriorityGrouping
 .text.HAL_NVIC_SetPriority
                0x08006126       0x38 VisualGDB/Debug/__BSP_ROOT__/STM32L4xxxx/STM32L4xx_HAL_Driver/Src/stm32l4xx_hal_cortex.o
                0x08006126                HAL_NVIC_SetPriority
 .text.HAL_NVIC_EnableIRQ
                0x0800615e       0x1c VisualGDB/Debug/__BSP_ROOT__/STM32L4xxxx/STM32L4xx_HAL_Driver/Src/stm32l4xx_hal_cortex.o
                0x0800615e                HAL_NVIC_EnableIRQ
 .text.HAL_SYSTICK_Config
                0x0800617a       0x18 VisualGDB/Debug/__BSP_ROOT__/STM32L4xxxx/STM32L4xx_HAL_Driver/Src/stm32l4xx_hal_cortex.o
                0x0800617a                HAL_SYSTICK_Config
 .text.HAL_SYSTICK_IRQHandler
                0x08006192        0xc VisualGDB/Debug/__BSP_ROOT__/STM32L4xxxx/STM32L4xx_HAL_Driver/Src/stm32l4xx_hal_cortex.o
                0x08006192                HAL_SYSTICK_IRQHandler
 .text.HAL_SYSTICK_Callback
                0x0800619e        0xe VisualGDB/Debug/__BSP_ROOT__/STM32L4xxxx/STM32L4xx_HAL_Driver/Src/stm32l4xx_hal_cortex.o
                0x0800619e                HAL_SYSTICK_Callback
 .text.HAL_GPIO_Init
                0x080061ac      0x354 VisualGDB/Debug/__BSP_ROOT__/STM32L4xxxx/STM32L4xx_HAL_Driver/Src/stm32l4xx_hal_gpio.o
                0x080061ac                HAL_GPIO_Init
 .text.HAL_GPIO_ReadPin
                0x08006500       0x30 VisualGDB/Debug/__BSP_ROOT__/STM32L4xxxx/STM32L4xx_HAL_Driver/Src/stm32l4xx_hal_gpio.o
                0x08006500                HAL_GPIO_ReadPin
 .text.HAL_GPIO_WritePin
                0x08006530       0x30 VisualGDB/Debug/__BSP_ROOT__/STM32L4xxxx/STM32L4xx_HAL_Driver/Src/stm32l4xx_hal_gpio.o
                0x08006530                HAL_GPIO_WritePin
 .text.HAL_GPIO_TogglePin
                0x08006560       0x34 VisualGDB/Debug/__BSP_ROOT__/STM32L4xxxx/STM32L4xx_HAL_Driver/Src/stm32l4xx_hal_gpio.o
                0x08006560                HAL_GPIO_TogglePin
 .text.HAL_GPIO_EXTI_IRQHandler
                0x08006594       0x30 VisualGDB/Debug/__BSP_ROOT__/STM32L4xxxx/STM32L4xx_HAL_Driver/Src/stm32l4xx_hal_gpio.o
                0x08006594                HAL_GPIO_EXTI_IRQHandler
 .text.HAL_I2C_Init
                0x080065c4      0x11e VisualGDB/Debug/__BSP_ROOT__/STM32L4xxxx/STM32L4xx_HAL_Driver/Src/stm32l4xx_hal_i2c.o
                0x080065c4                HAL_I2C_Init
 .text.HAL_I2C_MspInit
                0x080066e2       0x14 VisualGDB/Debug/__BSP_ROOT__/STM32L4xxxx/STM32L4xx_HAL_Driver/Src/stm32l4xx_hal_i2c.o
                0x080066e2                HAL_I2C_MspInit
 *fill*         0x080066f6        0x2 
 .text.HAL_I2C_Mem_Write
                0x080066f8      0x228 VisualGDB/Debug/__BSP_ROOT__/STM32L4xxxx/STM32L4xx_HAL_Driver/Src/stm32l4xx_hal_i2c.o
                0x080066f8                HAL_I2C_Mem_Write
 .text.I2C_RequestMemoryWrite
                0x08006920       0xa8 VisualGDB/Debug/__BSP_ROOT__/STM32L4xxxx/STM32L4xx_HAL_Driver/Src/stm32l4xx_hal_i2c.o
 .text.I2C_Flush_TXDR
                0x080069c8       0x48 VisualGDB/Debug/__BSP_ROOT__/STM32L4xxxx/STM32L4xx_HAL_Driver/Src/stm32l4xx_hal_i2c.o
 .text.I2C_WaitOnFlagUntilTimeout
                0x08006a10       0x80 VisualGDB/Debug/__BSP_ROOT__/STM32L4xxxx/STM32L4xx_HAL_Driver/Src/stm32l4xx_hal_i2c.o
 .text.I2C_WaitOnTXISFlagUntilTimeout
                0x08006a90       0x80 VisualGDB/Debug/__BSP_ROOT__/STM32L4xxxx/STM32L4xx_HAL_Driver/Src/stm32l4xx_hal_i2c.o
 .text.I2C_WaitOnSTOPFlagUntilTimeout
                0x08006b10       0x78 VisualGDB/Debug/__BSP_ROOT__/STM32L4xxxx/STM32L4xx_HAL_Driver/Src/stm32l4xx_hal_i2c.o
 .text.I2C_IsAcknowledgeFailed
                0x08006b88       0xcc VisualGDB/Debug/__BSP_ROOT__/STM32L4xxxx/STM32L4xx_HAL_Driver/Src/stm32l4xx_hal_i2c.o
 .text.I2C_TransferConfig
                0x08006c54       0x5c VisualGDB/Debug/__BSP_ROOT__/STM32L4xxxx/STM32L4xx_HAL_Driver/Src/stm32l4xx_hal_i2c.o
 .text.HAL_PWREx_GetVoltageRange
                0x08006cb0       0x1c VisualGDB/Debug/__BSP_ROOT__/STM32L4xxxx/STM32L4xx_HAL_Driver/Src/stm32l4xx_hal_pwr_ex.o
                0x08006cb0                HAL_PWREx_GetVoltageRange
 .text.HAL_PWREx_ControlVoltageScaling
                0x08006ccc       0xac VisualGDB/Debug/__BSP_ROOT__/STM32L4xxxx/STM32L4xx_HAL_Driver/Src/stm32l4xx_hal_pwr_ex.o
                0x08006ccc                HAL_PWREx_ControlVoltageScaling
 .text.HAL_RCC_OscConfig
                0x08006d78      0x7d0 VisualGDB/Debug/__BSP_ROOT__/STM32L4xxxx/STM32L4xx_HAL_Driver/Src/stm32l4xx_hal_rcc.o
                0x08006d78                HAL_RCC_OscConfig
 .text.HAL_RCC_ClockConfig
                0x08007548      0x1c4 VisualGDB/Debug/__BSP_ROOT__/STM32L4xxxx/STM32L4xx_HAL_Driver/Src/stm32l4xx_hal_rcc.o
                0x08007548                HAL_RCC_ClockConfig
 .text.HAL_RCC_MCOConfig
                0x0800770c       0x68 VisualGDB/Debug/__BSP_ROOT__/STM32L4xxxx/STM32L4xx_HAL_Driver/Src/stm32l4xx_hal_rcc.o
                0x0800770c                HAL_RCC_MCOConfig
 .text.HAL_RCC_GetSysClockFreq
                0x08007774      0x118 VisualGDB/Debug/__BSP_ROOT__/STM32L4xxxx/STM32L4xx_HAL_Driver/Src/stm32l4xx_hal_rcc.o
                0x08007774                HAL_RCC_GetSysClockFreq
 .text.HAL_RCC_GetHCLKFreq
                0x0800788c       0x18 VisualGDB/Debug/__BSP_ROOT__/STM32L4xxxx/STM32L4xx_HAL_Driver/Src/stm32l4xx_hal_rcc.o
                0x0800788c                HAL_RCC_GetHCLKFreq
 .text.HAL_RCC_GetPCLK1Freq
                0x080078a4       0x2c VisualGDB/Debug/__BSP_ROOT__/STM32L4xxxx/STM32L4xx_HAL_Driver/Src/stm32l4xx_hal_rcc.o
                0x080078a4                HAL_RCC_GetPCLK1Freq
 .text.HAL_RCC_GetPCLK2Freq
                0x080078d0       0x2c VisualGDB/Debug/__BSP_ROOT__/STM32L4xxxx/STM32L4xx_HAL_Driver/Src/stm32l4xx_hal_rcc.o
                0x080078d0                HAL_RCC_GetPCLK2Freq
 .text.RCC_SetFlashLatencyFromMSIRange
                0x080078fc       0xc0 VisualGDB/Debug/__BSP_ROOT__/STM32L4xxxx/STM32L4xx_HAL_Driver/Src/stm32l4xx_hal_rcc.o
 .text.HAL_TIM_Base_Init
                0x080079bc       0xae VisualGDB/Debug/__BSP_ROOT__/STM32L4xxxx/STM32L4xx_HAL_Driver/Src/stm32l4xx_hal_tim.o
                0x080079bc                HAL_TIM_Base_Init
 *fill*         0x08007a6a        0x2 
 .text.HAL_TIM_Base_Start_IT
                0x08007a6c       0xe0 VisualGDB/Debug/__BSP_ROOT__/STM32L4xxxx/STM32L4xx_HAL_Driver/Src/stm32l4xx_hal_tim.o
                0x08007a6c                HAL_TIM_Base_Start_IT
 .text.HAL_TIM_PWM_Init
                0x08007b4c       0xae VisualGDB/Debug/__BSP_ROOT__/STM32L4xxxx/STM32L4xx_HAL_Driver/Src/stm32l4xx_hal_tim.o
                0x08007b4c                HAL_TIM_PWM_Init
 .text.HAL_TIM_PWM_MspInit
                0x08007bfa       0x14 VisualGDB/Debug/__BSP_ROOT__/STM32L4xxxx/STM32L4xx_HAL_Driver/Src/stm32l4xx_hal_tim.o
                0x08007bfa                HAL_TIM_PWM_MspInit
 *fill*         0x08007c0e        0x2 
 .text.HAL_TIM_PWM_ConfigChannel
                0x08007c10      0x220 VisualGDB/Debug/__BSP_ROOT__/STM32L4xxxx/STM32L4xx_HAL_Driver/Src/stm32l4xx_hal_tim.o
                0x08007c10                HAL_TIM_PWM_ConfigChannel
 .text.HAL_TIM_ConfigClockSource
                0x08007e30      0x18c VisualGDB/Debug/__BSP_ROOT__/STM32L4xxxx/STM32L4xx_HAL_Driver/Src/stm32l4xx_hal_tim.o
                0x08007e30                HAL_TIM_ConfigClockSource
 .text.TIM_Base_SetConfig
                0x08007fbc      0x134 VisualGDB/Debug/__BSP_ROOT__/STM32L4xxxx/STM32L4xx_HAL_Driver/Src/stm32l4xx_hal_tim.o
                0x08007fbc                TIM_Base_SetConfig
 .text.TIM_OC1_SetConfig
                0x080080f0      0x120 VisualGDB/Debug/__BSP_ROOT__/STM32L4xxxx/STM32L4xx_HAL_Driver/Src/stm32l4xx_hal_tim.o
 .text.TIM_OC2_SetConfig
                0x08008210      0x114 VisualGDB/Debug/__BSP_ROOT__/STM32L4xxxx/STM32L4xx_HAL_Driver/Src/stm32l4xx_hal_tim.o
                0x08008210                TIM_OC2_SetConfig
 .text.TIM_OC3_SetConfig
                0x08008324      0x110 VisualGDB/Debug/__BSP_ROOT__/STM32L4xxxx/STM32L4xx_HAL_Driver/Src/stm32l4xx_hal_tim.o
 .text.TIM_OC4_SetConfig
                0x08008434       0xd4 VisualGDB/Debug/__BSP_ROOT__/STM32L4xxxx/STM32L4xx_HAL_Driver/Src/stm32l4xx_hal_tim.o
 .text.TIM_OC5_SetConfig
                0x08008508       0xc8 VisualGDB/Debug/__BSP_ROOT__/STM32L4xxxx/STM32L4xx_HAL_Driver/Src/stm32l4xx_hal_tim.o
 .text.TIM_OC6_SetConfig
                0x080085d0       0xcc VisualGDB/Debug/__BSP_ROOT__/STM32L4xxxx/STM32L4xx_HAL_Driver/Src/stm32l4xx_hal_tim.o
 .text.TIM_TI1_ConfigInputStage
                0x0800869c       0x5e VisualGDB/Debug/__BSP_ROOT__/STM32L4xxxx/STM32L4xx_HAL_Driver/Src/stm32l4xx_hal_tim.o
 .text.TIM_TI2_ConfigInputStage
                0x080086fa       0x60 VisualGDB/Debug/__BSP_ROOT__/STM32L4xxxx/STM32L4xx_HAL_Driver/Src/stm32l4xx_hal_tim.o
 .text.TIM_ITRx_SetConfig
                0x0800875a       0x36 VisualGDB/Debug/__BSP_ROOT__/STM32L4xxxx/STM32L4xx_HAL_Driver/Src/stm32l4xx_hal_tim.o
 .text.TIM_ETR_SetConfig
                0x08008790       0x40 VisualGDB/Debug/__BSP_ROOT__/STM32L4xxxx/STM32L4xx_HAL_Driver/Src/stm32l4xx_hal_tim.o
                0x08008790                TIM_ETR_SetConfig
 .text.HAL_TIMEx_MasterConfigSynchronization
                0x080087d0      0x110 VisualGDB/Debug/__BSP_ROOT__/STM32L4xxxx/STM32L4xx_HAL_Driver/Src/stm32l4xx_hal_tim_ex.o
                0x080087d0                HAL_TIMEx_MasterConfigSynchronization
 .text.HAL_UART_Init
                0x080088e0       0x9c VisualGDB/Debug/__BSP_ROOT__/STM32L4xxxx/STM32L4xx_HAL_Driver/Src/stm32l4xx_hal_uart.o
                0x080088e0                HAL_UART_Init
 .text.HAL_UART_MspInit
                0x0800897c       0x14 VisualGDB/Debug/__BSP_ROOT__/STM32L4xxxx/STM32L4xx_HAL_Driver/Src/stm32l4xx_hal_uart.o
                0x0800897c                HAL_UART_MspInit
 .text.HAL_UART_Transmit
                0x08008990      0x126 VisualGDB/Debug/__BSP_ROOT__/STM32L4xxxx/STM32L4xx_HAL_Driver/Src/stm32l4xx_hal_uart.o
                0x08008990                HAL_UART_Transmit
 .text.HAL_UART_Receive
                0x08008ab6      0x19a VisualGDB/Debug/__BSP_ROOT__/STM32L4xxxx/STM32L4xx_HAL_Driver/Src/stm32l4xx_hal_uart.o
                0x08008ab6                HAL_UART_Receive
 .text.UART_SetConfig
                0x08008c50      0x574 VisualGDB/Debug/__BSP_ROOT__/STM32L4xxxx/STM32L4xx_HAL_Driver/Src/stm32l4xx_hal_uart.o
                0x08008c50                UART_SetConfig
 .text.UART_AdvFeatureConfig
                0x080091c4      0x144 VisualGDB/Debug/__BSP_ROOT__/STM32L4xxxx/STM32L4xx_HAL_Driver/Src/stm32l4xx_hal_uart.o
                0x080091c4                UART_AdvFeatureConfig
 .text.UART_CheckIdleState
                0x08009308       0x8a VisualGDB/Debug/__BSP_ROOT__/STM32L4xxxx/STM32L4xx_HAL_Driver/Src/stm32l4xx_hal_uart.o
                0x08009308                UART_CheckIdleState
 .text.UART_WaitOnFlagUntilTimeout
                0x08009392       0xf6 VisualGDB/Debug/__BSP_ROOT__/STM32L4xxxx/STM32L4xx_HAL_Driver/Src/stm32l4xx_hal_uart.o
                0x08009392                UART_WaitOnFlagUntilTimeout
 .text.__aeabi_atexit
                0x08009488        0xa c:/sysgcc/arm-eabi/bin/../lib/gcc/arm-none-eabi/10.3.1/../../../../arm-none-eabi/lib/thumb/v7e-m+fp/hard\libstdc++_nano.a(atexit_arm.o)
                0x08009488                __aeabi_atexit
 .text._ZdlPvj  0x08009492        0x4 c:/sysgcc/arm-eabi/bin/../lib/gcc/arm-none-eabi/10.3.1/../../../../arm-none-eabi/lib/thumb/v7e-m+fp/hard\libstdc++_nano.a(del_ops.o)
                0x08009492                operator delete(void*, unsigned int)
 .text._ZdlPv   0x08009496        0x4 c:/sysgcc/arm-eabi/bin/../lib/gcc/arm-none-eabi/10.3.1/../../../../arm-none-eabi/lib/thumb/v7e-m+fp/hard\libstdc++_nano.a(del_op.o)
                0x08009496                operator delete(void*)
 *fill*         0x0800949a        0x6 
 .text.cos      0x080094a0       0x90 c:/sysgcc/arm-eabi/bin/../lib/gcc/arm-none-eabi/10.3.1/../../../../arm-none-eabi/lib/thumb/v7e-m+fp/hard\libm.a(lib_a-s_cos.o)
                0x080094a0                cos
 .text.sin      0x08009530       0x90 c:/sysgcc/arm-eabi/bin/../lib/gcc/arm-none-eabi/10.3.1/../../../../arm-none-eabi/lib/thumb/v7e-m+fp/hard\libm.a(lib_a-s_sin.o)
                0x08009530                sin
 .text.__ieee754_rem_pio2
                0x080095c0      0x44c c:/sysgcc/arm-eabi/bin/../lib/gcc/arm-none-eabi/10.3.1/../../../../arm-none-eabi/lib/thumb/v7e-m+fp/hard\libm.a(lib_a-e_rem_pio2.o)
                0x080095c0                __ieee754_rem_pio2
 *fill*         0x08009a0c        0x4 
 .text.__kernel_cos
                0x08009a10      0x27c c:/sysgcc/arm-eabi/bin/../lib/gcc/arm-none-eabi/10.3.1/../../../../arm-none-eabi/lib/thumb/v7e-m+fp/hard\libm.a(lib_a-k_cos.o)
                0x08009a10                __kernel_cos
 *fill*         0x08009c8c        0x4 
 .text.__kernel_rem_pio2
                0x08009c90      0x850 c:/sysgcc/arm-eabi/bin/../lib/gcc/arm-none-eabi/10.3.1/../../../../arm-none-eabi/lib/thumb/v7e-m+fp/hard\libm.a(lib_a-k_rem_pio2.o)
                0x08009c90                __kernel_rem_pio2
 .text.__kernel_sin
                0x0800a4e0      0x17c c:/sysgcc/arm-eabi/bin/../lib/gcc/arm-none-eabi/10.3.1/../../../../arm-none-eabi/lib/thumb/v7e-m+fp/hard\libm.a(lib_a-k_sin.o)
                0x0800a4e0                __kernel_sin
 .text.fabs     0x0800a65c       0x14 c:/sysgcc/arm-eabi/bin/../lib/gcc/arm-none-eabi/10.3.1/../../../../arm-none-eabi/lib/thumb/v7e-m+fp/hard\libm.a(lib_a-s_fabs.o)
                0x0800a65c                fabs
 .text.floor    0x0800a670      0x108 c:/sysgcc/arm-eabi/bin/../lib/gcc/arm-none-eabi/10.3.1/../../../../arm-none-eabi/lib/thumb/v7e-m+fp/hard\libm.a(lib_a-s_floor.o)
                0x0800a670                floor
 .text.scalbn   0x0800a778      0x124 c:/sysgcc/arm-eabi/bin/../lib/gcc/arm-none-eabi/10.3.1/../../../../arm-none-eabi/lib/thumb/v7e-m+fp/hard\libm.a(lib_a-s_scalbn.o)
                0x0800a778                scalbn
 .text.__cxa_atexit
                0x0800a89c       0x1c c:/sysgcc/arm-eabi/bin/../lib/gcc/arm-none-eabi/10.3.1/../../../../arm-none-eabi/lib/thumb/v7e-m+fp/hard\libc_nano.a(lib_a-cxa_atexit.o)
                0x0800a89c                __cxa_atexit
 .text.__libc_init_array
                0x0800a8b8       0x48 c:/sysgcc/arm-eabi/bin/../lib/gcc/arm-none-eabi/10.3.1/../../../../arm-none-eabi/lib/thumb/v7e-m+fp/hard\libc_nano.a(lib_a-init.o)
                0x0800a8b8                __libc_init_array
 .text.malloc   0x0800a900       0x10 c:/sysgcc/arm-eabi/bin/../lib/gcc/arm-none-eabi/10.3.1/../../../../arm-none-eabi/lib/thumb/v7e-m+fp/hard\libc_nano.a(lib_a-malloc.o)
                0x0800a900                malloc
 .text.free     0x0800a910       0x10 c:/sysgcc/arm-eabi/bin/../lib/gcc/arm-none-eabi/10.3.1/../../../../arm-none-eabi/lib/thumb/v7e-m+fp/hard\libc_nano.a(lib_a-malloc.o)
                0x0800a910                free
 .text.memcpy   0x0800a920       0x1c c:/sysgcc/arm-eabi/bin/../lib/gcc/arm-none-eabi/10.3.1/../../../../arm-none-eabi/lib/thumb/v7e-m+fp/hard\libc_nano.a(lib_a-memcpy-stub.o)
                0x0800a920                memcpy
 .text.memmove  0x0800a93c       0x34 c:/sysgcc/arm-eabi/bin/../lib/gcc/arm-none-eabi/10.3.1/../../../../arm-none-eabi/lib/thumb/v7e-m+fp/hard\libc_nano.a(lib_a-memmove.o)
                0x0800a93c                memmove
 .text.memset   0x0800a970       0x10 c:/sysgcc/arm-eabi/bin/../lib/gcc/arm-none-eabi/10.3.1/../../../../arm-none-eabi/lib/thumb/v7e-m+fp/hard\libc_nano.a(lib_a-memset.o)
                0x0800a970                memset
 .text._free_r  0x0800a980       0x98 c:/sysgcc/arm-eabi/bin/../lib/gcc/arm-none-eabi/10.3.1/../../../../arm-none-eabi/lib/thumb/v7e-m+fp/hard\libc_nano.a(lib_a-nano-freer.o)
                0x0800a980                _free_r
 .text.sbrk_aligned
                0x0800aa18       0x40 c:/sysgcc/arm-eabi/bin/../lib/gcc/arm-none-eabi/10.3.1/../../../../arm-none-eabi/lib/thumb/v7e-m+fp/hard\libc_nano.a(lib_a-nano-mallocr.o)
 .text._malloc_r
                0x0800aa58       0xe8 c:/sysgcc/arm-eabi/bin/../lib/gcc/arm-none-eabi/10.3.1/../../../../arm-none-eabi/lib/thumb/v7e-m+fp/hard\libc_nano.a(lib_a-nano-mallocr.o)
                0x0800aa58                _malloc_r
 .text._sbrk_r  0x0800ab40       0x20 c:/sysgcc/arm-eabi/bin/../lib/gcc/arm-none-eabi/10.3.1/../../../../arm-none-eabi/lib/thumb/v7e-m+fp/hard\libc_nano.a(lib_a-sbrkr.o)
                0x0800ab40                _sbrk_r
 .text.snprintf
                0x0800ab60       0x68 c:/sysgcc/arm-eabi/bin/../lib/gcc/arm-none-eabi/10.3.1/../../../../arm-none-eabi/lib/thumb/v7e-m+fp/hard\libc_nano.a(lib_a-snprintf.o)
                0x0800ab60                sniprintf
                0x0800ab60                snprintf
 .text.__malloc_lock
                0x0800abc8        0xc c:/sysgcc/arm-eabi/bin/../lib/gcc/arm-none-eabi/10.3.1/../../../../arm-none-eabi/lib/thumb/v7e-m+fp/hard\libc_nano.a(lib_a-mlock.o)
                0x0800abc8                __malloc_lock
 .text.__malloc_unlock
                0x0800abd4        0xc c:/sysgcc/arm-eabi/bin/../lib/gcc/arm-none-eabi/10.3.1/../../../../arm-none-eabi/lib/thumb/v7e-m+fp/hard\libc_nano.a(lib_a-mlock.o)
                0x0800abd4                __malloc_unlock
 .text.__ssputs_r
                0x0800abe0       0xb6 c:/sysgcc/arm-eabi/bin/../lib/gcc/arm-none-eabi/10.3.1/../../../../arm-none-eabi/lib/thumb/v7e-m+fp/hard\libc_nano.a(lib_a-nano-svfprintf.o)
                0x0800abe0                __ssputs_r
 *fill*         0x0800ac96        0x2 
 .text._svfprintf_r
                0x0800ac98      0x200 c:/sysgcc/arm-eabi/bin/../lib/gcc/arm-none-eabi/10.3.1/../../../../arm-none-eabi/lib/thumb/v7e-m+fp/hard\libc_nano.a(lib_a-nano-svfprintf.o)
                0x0800ac98                _svfiprintf_r
                0x0800ac98                _svfprintf_r
 .text._printf_common
                0x0800ae98       0xda c:/sysgcc/arm-eabi/bin/../lib/gcc/arm-none-eabi/10.3.1/../../../../arm-none-eabi/lib/thumb/v7e-m+fp/hard\libc_nano.a(lib_a-nano-vfprintf_i.o)
                0x0800ae98                _printf_common
 *fill*         0x0800af72        0x2 
 .text._printf_i
                0x0800af74      0x24c c:/sysgcc/arm-eabi/bin/../lib/gcc/arm-none-eabi/10.3.1/../../../../arm-none-eabi/lib/thumb/v7e-m+fp/hard\libc_nano.a(lib_a-nano-vfprintf_i.o)
                0x0800af74                _printf_i
 .text.__retarget_lock_acquire_recursive
                0x0800b1c0        0x2 c:/sysgcc/arm-eabi/bin/../lib/gcc/arm-none-eabi/10.3.1/../../../../arm-none-eabi/lib/thumb/v7e-m+fp/hard\libc_nano.a(lib_a-lock.o)
                0x0800b1c0                __retarget_lock_acquire_recursive
 .text.__retarget_lock_release_recursive
                0x0800b1c2        0x2 c:/sysgcc/arm-eabi/bin/../lib/gcc/arm-none-eabi/10.3.1/../../../../arm-none-eabi/lib/thumb/v7e-m+fp/hard\libc_nano.a(lib_a-lock.o)
                0x0800b1c2                __retarget_lock_release_recursive
 .text._realloc_r
                0x0800b1c4       0x5e c:/sysgcc/arm-eabi/bin/../lib/gcc/arm-none-eabi/10.3.1/../../../../arm-none-eabi/lib/thumb/v7e-m+fp/hard\libc_nano.a(lib_a-nano-reallocr.o)
                0x0800b1c4                _realloc_r
 .text._malloc_usable_size_r
                0x0800b222       0x10 c:/sysgcc/arm-eabi/bin/../lib/gcc/arm-none-eabi/10.3.1/../../../../arm-none-eabi/lib/thumb/v7e-m+fp/hard\libc_nano.a(lib_a-nano-msizer.o)
                0x0800b222                _malloc_usable_size_r
 *fill*         0x0800b232        0x2 
 .text._sbrk    0x0800b234       0x1c c:/sysgcc/arm-eabi/bin/../lib/gcc/arm-none-eabi/10.3.1/../../../../arm-none-eabi/lib/thumb/v7e-m+fp/hard\libnosys.a(sbrk.o)
                0x0800b234                _sbrk
 *(.rodata)
 .rodata        0x0800b250        0x3 VisualGDB/Debug/HX711/HX711.o
 *fill*         0x0800b253        0x1 
 .rodata        0x0800b254       0x6a VisualGDB/Debug/SSD1306/ssd1306_tests.o
 *fill*         0x0800b2be        0x2 
 .rodata        0x0800b2c0       0x19 VisualGDB/Debug/SSD1306/SSD1306_demo.o
 *fill*         0x0800b2d9        0x3 
 .rodata        0x0800b2dc       0x88 VisualGDB/Debug/_main.o
 .rodata        0x0800b364        0x5 VisualGDB/Debug/__BSP_ROOT__/FreeRTOS/Source/tasks.o
 *fill*         0x0800b369        0x3 
 .rodata        0x0800b36c        0xd VisualGDB/Debug/__BSP_ROOT__/FreeRTOS/Source/timers.o
 *(.rodata*)
 *fill*         0x0800b379        0x3 
 .rodata._ZTV5HX711
                0x0800b37c       0x10 VisualGDB/Debug/HX711/HX711.o
                0x0800b37c                vtable for HX711
 .rodata.Font7x10
                0x0800b38c      0x76c VisualGDB/Debug/SSD1306/ssd1306_fonts.o
 .rodata.Font11x18
                0x0800baf8      0xd5c VisualGDB/Debug/SSD1306/ssd1306_fonts.o
 .rodata.Font16x26
                0x0800c854     0x134c VisualGDB/Debug/SSD1306/ssd1306_fonts.o
 .rodata.Font6x8
                0x0800dba0      0x5f0 VisualGDB/Debug/SSD1306/ssd1306_fonts.o
 .rodata.garfield_128x64
                0x0800e190      0x400 VisualGDB/Debug/SSD1306/ssd1306_tests.o
                0x0800e190                garfield_128x64
 .rodata.github_logo_64x64
                0x0800e590      0x200 VisualGDB/Debug/SSD1306/ssd1306_tests.o
                0x0800e590                github_logo_64x64
 .rodata.AHBPrescTable
                0x0800e790       0x10 VisualGDB/Debug/system_stm32l4xx.o
                0x0800e790                AHBPrescTable
 .rodata.APBPrescTable
                0x0800e7a0        0x8 VisualGDB/Debug/system_stm32l4xx.o
                0x0800e7a0                APBPrescTable
 .rodata.MSIRangeTable
                0x0800e7a8       0x30 VisualGDB/Debug/system_stm32l4xx.o
                0x0800e7a8                MSIRangeTable
 .rodata.npio2_hw
                0x0800e7d8       0x80 c:/sysgcc/arm-eabi/bin/../lib/gcc/arm-none-eabi/10.3.1/../../../../arm-none-eabi/lib/thumb/v7e-m+fp/hard\libm.a(lib_a-e_rem_pio2.o)
 .rodata.two_over_pi
                0x0800e858      0x108 c:/sysgcc/arm-eabi/bin/../lib/gcc/arm-none-eabi/10.3.1/../../../../arm-none-eabi/lib/thumb/v7e-m+fp/hard\libm.a(lib_a-e_rem_pio2.o)
 .rodata.PIo2   0x0800e960       0x40 c:/sysgcc/arm-eabi/bin/../lib/gcc/arm-none-eabi/10.3.1/../../../../arm-none-eabi/lib/thumb/v7e-m+fp/hard\libm.a(lib_a-k_rem_pio2.o)
 .rodata.init_jk
                0x0800e9a0       0x10 c:/sysgcc/arm-eabi/bin/../lib/gcc/arm-none-eabi/10.3.1/../../../../arm-none-eabi/lib/thumb/v7e-m+fp/hard\libm.a(lib_a-k_rem_pio2.o)
 .rodata._svfprintf_r.str1.1
                0x0800e9b0       0x11 c:/sysgcc/arm-eabi/bin/../lib/gcc/arm-none-eabi/10.3.1/../../../../arm-none-eabi/lib/thumb/v7e-m+fp/hard\libc_nano.a(lib_a-nano-svfprintf.o)
 .rodata._printf_i.str1.1
                0x0800e9c1       0x22 c:/sysgcc/arm-eabi/bin/../lib/gcc/arm-none-eabi/10.3.1/../../../../arm-none-eabi/lib/thumb/v7e-m+fp/hard\libc_nano.a(lib_a-nano-vfprintf_i.o)
 *(.glue_7)
 .glue_7        0x0800e9e3        0x0 linker stubs
 *(.glue_7t)
 .glue_7t       0x0800e9e3        0x0 linker stubs
 *(.init)
 *fill*         0x0800e9e3        0x1 
 .init          0x0800e9e4        0x4 c:/sysgcc/arm-eabi/bin/../lib/gcc/arm-none-eabi/10.3.1/thumb/v7e-m+fp/hard/crti.o
                0x0800e9e4                _init
 .init          0x0800e9e8        0x8 c:/sysgcc/arm-eabi/bin/../lib/gcc/arm-none-eabi/10.3.1/thumb/v7e-m+fp/hard/crtn.o
 *(.fini)
 .fini          0x0800e9f0        0x4 c:/sysgcc/arm-eabi/bin/../lib/gcc/arm-none-eabi/10.3.1/thumb/v7e-m+fp/hard/crti.o
                0x0800e9f0                _fini
 .fini          0x0800e9f4        0x8 c:/sysgcc/arm-eabi/bin/../lib/gcc/arm-none-eabi/10.3.1/thumb/v7e-m+fp/hard/crtn.o
                0x0800e9fc                . = ALIGN (0x4)
                0x0800e9fc                _etext = .

.eh_frame       0x0800e9fc        0x0
 .eh_frame      0x0800e9fc        0x0 c:/sysgcc/arm-eabi/bin/../lib/gcc/arm-none-eabi/10.3.1/thumb/v7e-m+fp/hard/crtbegin.o

.vfp11_veneer   0x0800e9fc        0x0
 .vfp11_veneer  0x0800e9fc        0x0 linker stubs

.v4_bx          0x0800e9fc        0x0
 .v4_bx         0x0800e9fc        0x0 linker stubs

.iplt           0x0800e9fc        0x0
 .iplt          0x0800e9fc        0x0 c:/sysgcc/arm-eabi/bin/../lib/gcc/arm-none-eabi/10.3.1/thumb/v7e-m+fp/hard/crtbegin.o

.ARM.extab      0x0800e9fc        0x0
                0x0800e9fc                . = ALIGN (0x4)
 *(.ARM.extab)
 *(.gnu.linkonce.armextab.*)
                0x0800e9fc                . = ALIGN (0x4)

.exidx          0x0800e9fc        0x8
                0x0800e9fc                . = ALIGN (0x4)
                [!provide]                PROVIDE (__exidx_start = .)
 *(.ARM.exidx*)
 .ARM.exidx     0x0800e9fc        0x8 c:/sysgcc/arm-eabi/bin/../lib/gcc/arm-none-eabi/10.3.1/thumb/v7e-m+fp/hard\libgcc.a(_udivmoddi4.o)
                0x0800ea04                . = ALIGN (0x4)
                [!provide]                PROVIDE (__exidx_end = .)

.rel.dyn        0x0800ea04        0x0
 .rel.iplt      0x0800ea04        0x0 c:/sysgcc/arm-eabi/bin/../lib/gcc/arm-none-eabi/10.3.1/thumb/v7e-m+fp/hard/crtbegin.o

.ARM.attributes
                0x0800ea04       0x30
 *(.ARM.attributes)
 .ARM.attributes
                0x0800ea04       0x1e c:/sysgcc/arm-eabi/bin/../lib/gcc/arm-none-eabi/10.3.1/thumb/v7e-m+fp/hard/crti.o
 .ARM.attributes
                0x0800ea22       0x34 c:/sysgcc/arm-eabi/bin/../lib/gcc/arm-none-eabi/10.3.1/thumb/v7e-m+fp/hard/crtbegin.o
 .ARM.attributes
                0x0800ea56       0x34 VisualGDB/Debug/Common/stm32l4xx_hal_msp.o
 .ARM.attributes
                0x0800ea8a       0x34 VisualGDB/Debug/DISPLAY/DISPLAY.o
 .ARM.attributes
                0x0800eabe       0x34 VisualGDB/Debug/Flash/Flash_Sim_Demo.o
 .ARM.attributes
                0x0800eaf2       0x34 VisualGDB/Debug/Flash/spi_flash.o
 .ARM.attributes
                0x0800eb26       0x34 VisualGDB/Debug/HX711/HX711.o
 .ARM.attributes
                0x0800eb5a       0x34 VisualGDB/Debug/LED/LED.o
 .ARM.attributes
                0x0800eb8e       0x34 VisualGDB/Debug/SSD1306/ssd1306.o
 .ARM.attributes
                0x0800ebc2       0x39 VisualGDB/Debug/SSD1306/ssd1306_fonts.o
 .ARM.attributes
                0x0800ebfb       0x34 VisualGDB/Debug/SSD1306/ssd1306_tests.o
 .ARM.attributes
                0x0800ec2f       0x34 VisualGDB/Debug/SSD1306/SSD1306_demo.o
 .ARM.attributes
                0x0800ec63       0x34 VisualGDB/Debug/UART/UART.o
 .ARM.attributes
                0x0800ec97       0x34 VisualGDB/Debug/system_stm32l4xx.o
 .ARM.attributes
                0x0800eccb       0x34 VisualGDB/Debug/Tasks/task_weight_monitor.o
 .ARM.attributes
                0x0800ecff       0x34 VisualGDB/Debug/_Init/Init_GPIO.o
 .ARM.attributes
                0x0800ed33       0x34 VisualGDB/Debug/_Init/Init_GPIO_I2C.o
 .ARM.attributes
                0x0800ed67       0x34 VisualGDB/Debug/_main.o
 .ARM.attributes
                0x0800ed9b       0x34 VisualGDB/Debug/__BSP_ROOT__/STM32L4xxxx/StartupFiles/startup_stm32l475xx.o
 .ARM.attributes
                0x0800edcf       0x34 VisualGDB/Debug/__BSP_ROOT__/FreeRTOS/Source/list.o
 .ARM.attributes
                0x0800ee03       0x34 VisualGDB/Debug/__BSP_ROOT__/FreeRTOS/Source/queue.o
 .ARM.attributes
                0x0800ee37       0x34 VisualGDB/Debug/__BSP_ROOT__/FreeRTOS/Source/tasks.o
 .ARM.attributes
                0x0800ee6b       0x34 VisualGDB/Debug/__BSP_ROOT__/FreeRTOS/Source/timers.o
 .ARM.attributes
                0x0800ee9f       0x34 VisualGDB/Debug/__BSP_ROOT__/FreeRTOS/Source/CMSIS_RTOS/cmsis_os.o
 .ARM.attributes
                0x0800eed3       0x34 VisualGDB/Debug/__BSP_ROOT__/FreeRTOS/Source/portable/GCC/ARM_CM3/port.o
 .ARM.attributes
                0x0800ef07       0x34 VisualGDB/Debug/__BSP_ROOT__/FreeRTOS/Source/portable/MemMang/heap_4.o
 .ARM.attributes
                0x0800ef3b       0x34 VisualGDB/Debug/__BSP_ROOT__/STM32L4xxxx/STM32L4xx_HAL_Driver/Src/stm32l4xx_hal.o
 .ARM.attributes
                0x0800ef6f       0x34 VisualGDB/Debug/__BSP_ROOT__/STM32L4xxxx/STM32L4xx_HAL_Driver/Src/stm32l4xx_hal_cortex.o
 .ARM.attributes
                0x0800efa3       0x34 VisualGDB/Debug/__BSP_ROOT__/STM32L4xxxx/STM32L4xx_HAL_Driver/Src/stm32l4xx_hal_gpio.o
 .ARM.attributes
                0x0800efd7       0x34 VisualGDB/Debug/__BSP_ROOT__/STM32L4xxxx/STM32L4xx_HAL_Driver/Src/stm32l4xx_hal_i2c.o
 .ARM.attributes
                0x0800f00b       0x34 VisualGDB/Debug/__BSP_ROOT__/STM32L4xxxx/STM32L4xx_HAL_Driver/Src/stm32l4xx_hal_pwr_ex.o
 .ARM.attributes
                0x0800f03f       0x34 VisualGDB/Debug/__BSP_ROOT__/STM32L4xxxx/STM32L4xx_HAL_Driver/Src/stm32l4xx_hal_rcc.o
 .ARM.attributes
                0x0800f073       0x34 VisualGDB/Debug/__BSP_ROOT__/STM32L4xxxx/STM32L4xx_HAL_Driver/Src/stm32l4xx_hal_tim.o
 .ARM.attributes
                0x0800f0a7       0x34 VisualGDB/Debug/__BSP_ROOT__/STM32L4xxxx/STM32L4xx_HAL_Driver/Src/stm32l4xx_hal_tim_ex.o
 .ARM.attributes
                0x0800f0db       0x34 VisualGDB/Debug/__BSP_ROOT__/STM32L4xxxx/STM32L4xx_HAL_Driver/Src/stm32l4xx_hal_uart.o
 .ARM.attributes
                0x0800f10f       0x34 c:/sysgcc/arm-eabi/bin/../lib/gcc/arm-none-eabi/10.3.1/../../../../arm-none-eabi/lib/thumb/v7e-m+fp/hard\libstdc++_nano.a(atexit_arm.o)
 .ARM.attributes
                0x0800f143       0x34 c:/sysgcc/arm-eabi/bin/../lib/gcc/arm-none-eabi/10.3.1/../../../../arm-none-eabi/lib/thumb/v7e-m+fp/hard\libstdc++_nano.a(del_ops.o)
 .ARM.attributes
                0x0800f177       0x34 c:/sysgcc/arm-eabi/bin/../lib/gcc/arm-none-eabi/10.3.1/../../../../arm-none-eabi/lib/thumb/v7e-m+fp/hard\libstdc++_nano.a(del_op.o)
 .ARM.attributes
                0x0800f1ab       0x34 c:/sysgcc/arm-eabi/bin/../lib/gcc/arm-none-eabi/10.3.1/../../../../arm-none-eabi/lib/thumb/v7e-m+fp/hard\libm.a(lib_a-s_cos.o)
 .ARM.attributes
                0x0800f1df       0x34 c:/sysgcc/arm-eabi/bin/../lib/gcc/arm-none-eabi/10.3.1/../../../../arm-none-eabi/lib/thumb/v7e-m+fp/hard\libm.a(lib_a-s_sin.o)
 .ARM.attributes
                0x0800f213       0x34 c:/sysgcc/arm-eabi/bin/../lib/gcc/arm-none-eabi/10.3.1/../../../../arm-none-eabi/lib/thumb/v7e-m+fp/hard\libm.a(lib_a-e_rem_pio2.o)
 .ARM.attributes
                0x0800f247       0x34 c:/sysgcc/arm-eabi/bin/../lib/gcc/arm-none-eabi/10.3.1/../../../../arm-none-eabi/lib/thumb/v7e-m+fp/hard\libm.a(lib_a-k_cos.o)
 .ARM.attributes
                0x0800f27b       0x34 c:/sysgcc/arm-eabi/bin/../lib/gcc/arm-none-eabi/10.3.1/../../../../arm-none-eabi/lib/thumb/v7e-m+fp/hard\libm.a(lib_a-k_rem_pio2.o)
 .ARM.attributes
                0x0800f2af       0x34 c:/sysgcc/arm-eabi/bin/../lib/gcc/arm-none-eabi/10.3.1/../../../../arm-none-eabi/lib/thumb/v7e-m+fp/hard\libm.a(lib_a-k_sin.o)
 .ARM.attributes
                0x0800f2e3       0x34 c:/sysgcc/arm-eabi/bin/../lib/gcc/arm-none-eabi/10.3.1/../../../../arm-none-eabi/lib/thumb/v7e-m+fp/hard\libm.a(lib_a-s_fabs.o)
 .ARM.attributes
                0x0800f317       0x34 c:/sysgcc/arm-eabi/bin/../lib/gcc/arm-none-eabi/10.3.1/../../../../arm-none-eabi/lib/thumb/v7e-m+fp/hard\libm.a(lib_a-s_floor.o)
 .ARM.attributes
                0x0800f34b       0x34 c:/sysgcc/arm-eabi/bin/../lib/gcc/arm-none-eabi/10.3.1/../../../../arm-none-eabi/lib/thumb/v7e-m+fp/hard\libm.a(lib_a-s_scalbn.o)
 .ARM.attributes