Archive member included to satisfy reference by file (symbol)

c:/sysgcc/arm-eabi/bin/../lib/gcc/arm-none-eabi/10.3.1/../../../../arm-none-eabi/lib/thumb/v7e-m+fp/hard\libstdc++_nano.a(atexit_arm.o)
                              VisualGDB/Debug/Tasks/task_weight_monitor.o (__aeabi_atexit)
c:/sysgcc/arm-eabi/bin/../lib/gcc/arm-none-eabi/10.3.1/../../../../arm-none-eabi/lib/thumb/v7e-m+fp/hard\libstdc++_nano.a(del_ops.o)
                              VisualGDB/Debug/HX711/HX711.o (operator delete(void*, unsigned int))
c:/sysgcc/arm-eabi/bin/../lib/gcc/arm-none-eabi/10.3.1/../../../../arm-none-eabi/lib/thumb/v7e-m+fp/hard\libstdc++_nano.a(del_op.o)
                              c:/sysgcc/arm-eabi/bin/../lib/gcc/arm-none-eabi/10.3.1/../../../../arm-none-eabi/lib/thumb/v7e-m+fp/hard\libstdc++_nano.a(del_ops.o) (operator delete(void*))
c:/sysgcc/arm-eabi/bin/../lib/gcc/arm-none-eabi/10.3.1/../../../../arm-none-eabi/lib/thumb/v7e-m+fp/hard\libm.a(lib_a-s_cos.o)
                              VisualGDB/Debug/SSD1306/ssd1306.o (cos)
c:/sysgcc/arm-eabi/bin/../lib/gcc/arm-none-eabi/10.3.1/../../../../arm-none-eabi/lib/thumb/v7e-m+fp/hard\libm.a(lib_a-s_sin.o)
                              VisualGDB/Debug/SSD1306/ssd1306.o (sin)
c:/sysgcc/arm-eabi/bin/../lib/gcc/arm-none-eabi/10.3.1/../../../../arm-none-eabi/lib/thumb/v7e-m+fp/hard\libm.a(lib_a-e_rem_pio2.o)
                              c:/sysgcc/arm-eabi/bin/../lib/gcc/arm-none-eabi/10.3.1/../../../../arm-none-eabi/lib/thumb/v7e-m+fp/hard\libm.a(lib_a-s_cos.o) (__ieee754_rem_pio2)
c:/sysgcc/arm-eabi/bin/../lib/gcc/arm-none-eabi/10.3.1/../../../../arm-none-eabi/lib/thumb/v7e-m+fp/hard\libm.a(lib_a-k_cos.o)
                              c:/sysgcc/arm-eabi/bin/../lib/gcc/arm-none-eabi/10.3.1/../../../../arm-none-eabi/lib/thumb/v7e-m+fp/hard\libm.a(lib_a-s_cos.o) (__kernel_cos)
c:/sysgcc/arm-eabi/bin/../lib/gcc/arm-none-eabi/10.3.1/../../../../arm-none-eabi/lib/thumb/v7e-m+fp/hard\libm.a(lib_a-k_rem_pio2.o)
                              c:/sysgcc/arm-eabi/bin/../lib/gcc/arm-none-eabi/10.3.1/../../../../arm-none-eabi/lib/thumb/v7e-m+fp/hard\libm.a(lib_a-e_rem_pio2.o) (__kernel_rem_pio2)
c:/sysgcc/arm-eabi/bin/../lib/gcc/arm-none-eabi/10.3.1/../../../../arm-none-eabi/lib/thumb/v7e-m+fp/hard\libm.a(lib_a-k_sin.o)
                              c:/sysgcc/arm-eabi/bin/../lib/gcc/arm-none-eabi/10.3.1/../../../../arm-none-eabi/lib/thumb/v7e-m+fp/hard\libm.a(lib_a-s_cos.o) (__kernel_sin)
c:/sysgcc/arm-eabi/bin/../lib/gcc/arm-none-eabi/10.3.1/../../../../arm-none-eabi/lib/thumb/v7e-m+fp/hard\libm.a(lib_a-s_fabs.o)
                              c:/sysgcc/arm-eabi/bin/../lib/gcc/arm-none-eabi/10.3.1/../../../../arm-none-eabi/lib/thumb/v7e-m+fp/hard\libm.a(lib_a-e_rem_pio2.o) (fabs)
c:/sysgcc/arm-eabi/bin/../lib/gcc/arm-none-eabi/10.3.1/../../../../arm-none-eabi/lib/thumb/v7e-m+fp/hard\libm.a(lib_a-s_floor.o)
                              c:/sysgcc/arm-eabi/bin/../lib/gcc/arm-none-eabi/10.3.1/../../../../arm-none-eabi/lib/thumb/v7e-m+fp/hard\libm.a(lib_a-k_rem_pio2.o) (floor)
c:/sysgcc/arm-eabi/bin/../lib/gcc/arm-none-eabi/10.3.1/../../../../arm-none-eabi/lib/thumb/v7e-m+fp/hard\libm.a(lib_a-s_scalbn.o)
                              c:/sysgcc/arm-eabi/bin/../lib/gcc/arm-none-eabi/10.3.1/../../../../arm-none-eabi/lib/thumb/v7e-m+fp/hard\libm.a(lib_a-k_rem_pio2.o) (scalbn)
c:/sysgcc/arm-eabi/bin/../lib/gcc/arm-none-eabi/10.3.1/thumb/v7e-m+fp/hard\libgcc.a(_arm_muldf3.o)
                              VisualGDB/Debug/SSD1306/ssd1306.o (__aeabi_dmul)
c:/sysgcc/arm-eabi/bin/../lib/gcc/arm-none-eabi/10.3.1/thumb/v7e-m+fp/hard\libgcc.a(_arm_addsubdf3.o)
                              c:/sysgcc/arm-eabi/bin/../lib/gcc/arm-none-eabi/10.3.1/../../../../arm-none-eabi/lib/thumb/v7e-m+fp/hard\libm.a(lib_a-s_cos.o) (__aeabi_dsub)
c:/sysgcc/arm-eabi/bin/../lib/gcc/arm-none-eabi/10.3.1/thumb/v7e-m+fp/hard\libgcc.a(_arm_muldivdf3.o)
                              VisualGDB/Debug/HX711/HX711.o (__aeabi_ddiv)
c:/sysgcc/arm-eabi/bin/../lib/gcc/arm-none-eabi/10.3.1/thumb/v7e-m+fp/hard\libgcc.a(_arm_cmpdf2.o)
                              c:/sysgcc/arm-eabi/bin/../lib/gcc/arm-none-eabi/10.3.1/../../../../arm-none-eabi/lib/thumb/v7e-m+fp/hard\libm.a(lib_a-e_rem_pio2.o) (__aeabi_dcmpeq)
c:/sysgcc/arm-eabi/bin/../lib/gcc/arm-none-eabi/10.3.1/thumb/v7e-m+fp/hard\libgcc.a(_arm_fixdfsi.o)
                              VisualGDB/Debug/HX711/HX711.o (__aeabi_d2iz)
c:/sysgcc/arm-eabi/bin/../lib/gcc/arm-none-eabi/10.3.1/thumb/v7e-m+fp/hard\libgcc.a(_arm_truncdfsf2.o)
                              VisualGDB/Debug/HX711/HX711.o (__aeabi_d2f)
c:/sysgcc/arm-eabi/bin/../lib/gcc/arm-none-eabi/10.3.1/thumb/v7e-m+fp/hard\libgcc.a(_aeabi_uldivmod.o)
                              VisualGDB/Debug/__BSP_ROOT__/STM32L4xxxx/STM32L4xx_HAL_Driver/Src/stm32l4xx_hal_uart.o (__aeabi_uldivmod)
c:/sysgcc/arm-eabi/bin/../lib/gcc/arm-none-eabi/10.3.1/thumb/v7e-m+fp/hard\libgcc.a(_udivmoddi4.o)
[...]
Memory Configuration

Name             Origin             Length             Attributes
FLASH            0x08000000         0x00100000         xr
SRAM             0x20000000         0x00018000         xrw
RAM2             0x10000000         0x00008000         xrw
*default*        0x00000000         0xffffffff

Linker script and memory map

LOAD c:/sysgcc/arm-eabi/bin/../lib/gcc/arm-none-eabi/10.3.1/thumb/v7e-m+fp/hard/crti.o
LOAD c:/sysgcc/arm-eabi/bin/../lib/gcc/arm-none-eabi/10.3.1/thumb/v7e-m+fp/hard/crtbegin.o
LOAD c:/sysgcc/arm-eabi/bin/../lib/gcc/arm-none-eabi/10.3.1/../../../../arm-none-eabi/lib/thumb/v7e-m+fp/hard/crt0.o
START GROUP
LOAD VisualGDB/Debug/Common/psensor.o
LOAD VisualGDB/Debug/Common/stm32l4xx_hal_msp.o
LOAD VisualGDB/Debug/Common/tsensor.o
LOAD VisualGDB/Debug/Components/lps22hb/lps22hb.o
LOAD VisualGDB/Debug/DISPLAY/DISPLAY.o
LOAD VisualGDB/Debug/Flash/Flash_Sim_Demo.o
LOAD VisualGDB/Debug/Flash/spi_flash.o
LOAD VisualGDB/Debug/HX711/HX711.o
LOAD VisualGDB/Debug/LED/LED.o
LOAD VisualGDB/Debug/LPS22HB/stm32l475e_iot01_psensor.o
LOAD VisualGDB/Debug/SSD1306/ssd1306.o
LOAD VisualGDB/Debug/SSD1306/ssd1306_fonts.o
LOAD VisualGDB/Debug/SSD1306/ssd1306_tests.o
LOAD VisualGDB/Debug/SSD1306/SSD1306_demo.o
LOAD VisualGDB/Debug/Tasks/state_machine.o
LOAD VisualGDB/Debug/Tasks/task_display.o
LOAD VisualGDB/Debug/UART/int_to_string.o
LOAD VisualGDB/Debug/UART/UART.o
LOAD VisualGDB/Debug/_Init/startup.o
LOAD VisualGDB/Debug/system_stm32l4xx.o
LOAD VisualGDB/Debug/Tasks/task_weight_monitor.o
LOAD VisualGDB/Debug/wiring_shift.o
LOAD VisualGDB/Debug/_Init/Init_GPIO.o
LOAD VisualGDB/Debug/_Init/Init_GPIO_I2C.o
LOAD VisualGDB/Debug/_main.o
LOAD VisualGDB/Debug/__BSP_ROOT__/STM32L4xxxx/StartupFiles/startup_stm32l475xx.o
LOAD VisualGDB/Debug/__BSP_ROOT__/FreeRTOS/Source/croutine.o
LOAD VisualGDB/Debug/__BSP_ROOT__/FreeRTOS/Source/event_groups.o
LOAD VisualGDB/Debug/__BSP_ROOT__/FreeRTOS/Source/list.o
LOAD VisualGDB/Debug/__BSP_ROOT__/FreeRTOS/Source/queue.o
LOAD VisualGDB/Debug/__BSP_ROOT__/FreeRTOS/Source/stream_buffer.o
LOAD VisualGDB/Debug/__BSP_ROOT__/FreeRTOS/Source/tasks.o
LOAD VisualGDB/Debug/__BSP_ROOT__/FreeRTOS/Source/timers.o
LOAD VisualGDB/Debug/__BSP_ROOT__/FreeRTOS/Source/CMSIS_RTOS/cmsis_os.o
LOAD VisualGDB/Debug/__BSP_ROOT__/FreeRTOS/Source/portable/GCC/ARM_CM3/port.o
LOAD VisualGDB/Debug/__BSP_ROOT__/FreeRTOS/Source/portable/MemMang/heap_4.o
LOAD VisualGDB/Debug/__BSP_ROOT__/STM32L4xxxx/STM32L4xx_HAL_Driver/Src/stm32l4xx_hal.o
LOAD VisualGDB/Debug/__BSP_ROOT__/STM32L4xxxx/STM32L4xx_HAL_Driver/Src/stm32l4xx_hal_adc.o
LOAD VisualGDB/Debug/__BSP_ROOT__/STM32L4xxxx/STM32L4xx_HAL_Driver/Src/stm32l4xx_hal_adc_ex.o
LOAD VisualGDB/Debug/__BSP_ROOT__/STM32L4xxxx/STM32L4xx_HAL_Driver/Src/stm32l4xx_hal_can.o
LOAD VisualGDB/Debug/__BSP_ROOT__/STM32L4xxxx/STM32L4xx_HAL_Driver/Src/stm32l4xx_hal_comp.o
LOAD VisualGDB/Debug/__BSP_ROOT__/STM32L4xxxx/STM32L4xx_HAL_Driver/Src/stm32l4xx_hal_cortex.o
LOAD VisualGDB/Debug/__BSP_ROOT__/STM32L4xxxx/STM32L4xx_HAL_Driver/Src/stm32l4xx_hal_crc.o
LOAD VisualGDB/Debug/__BSP_ROOT__/STM32L4xxxx/STM32L4xx_HAL_Driver/Src/stm32l4xx_hal_crc_ex.o
LOAD VisualGDB/Debug/__BSP_ROOT__/STM32L4xxxx/STM32L4xx_HAL_Driver/Src/stm32l4xx_hal_cryp.o
LOAD VisualGDB/Debug/__BSP_ROOT__/STM32L4xxxx/STM32L4xx_HAL_Driver/Src/stm32l4xx_hal_cryp_ex.o
LOAD VisualGDB/Debug/__BSP_ROOT__/STM32L4xxxx/STM32L4xx_HAL_Driver/Src/stm32l4xx_hal_dac.o
LOAD VisualGDB/Debug/__BSP_ROOT__/STM32L4xxxx/STM32L4xx_HAL_Driver/Src/stm32l4xx_hal_dac_ex.o
LOAD VisualGDB/Debug/__BSP_ROOT__/STM32L4xxxx/STM32L4xx_HAL_Driver/Src/stm32l4xx_hal_dcmi.o
LOAD VisualGDB/Debug/__BSP_ROOT__/STM32L4xxxx/STM32L4xx_HAL_Driver/Src/stm32l4xx_hal_dfsdm.o
LOAD VisualGDB/Debug/__BSP_ROOT__/STM32L4xxxx/STM32L4xx_HAL_Driver/Src/stm32l4xx_hal_dfsdm_ex.o
LOAD VisualGDB/Debug/__BSP_ROOT__/STM32L4xxxx/STM32L4xx_HAL_Driver/Src/stm32l4xx_hal_dma.o
LOAD VisualGDB/Debug/__BSP_ROOT__/STM32L4xxxx/STM32L4xx_HAL_Driver/Src/stm32l4xx_hal_dma2d.o
LOAD VisualGDB/Debug/__BSP_ROOT__/STM32L4xxxx/STM32L4xx_HAL_Driver/Src/stm32l4xx_hal_dma_ex.o
LOAD VisualGDB/Debug/__BSP_ROOT__/STM32L4xxxx/STM32L4xx_HAL_Driver/Src/stm32l4xx_hal_dsi.o
LOAD VisualGDB/Debug/__BSP_ROOT__/STM32L4xxxx/STM32L4xx_HAL_Driver/Src/stm32l4xx_hal_exti.o
LOAD VisualGDB/Debug/__BSP_ROOT__/STM32L4xxxx/STM32L4xx_HAL_Driver/Src/stm32l4xx_hal_firewall.o
LOAD VisualGDB/Debug/__BSP_ROOT__/STM32L4xxxx/STM32L4xx_HAL_Driver/Src/stm32l4xx_hal_flash.o
LOAD VisualGDB/Debug/__BSP_ROOT__/STM32L4xxxx/STM32L4xx_HAL_Driver/Src/stm32l4xx_hal_flash_ex.o
LOAD VisualGDB/Debug/__BSP_ROOT__/STM32L4xxxx/STM32L4xx_HAL_Driver/Src/stm32l4xx_hal_flash_ramfunc.o
LOAD VisualGDB/Debug/__BSP_ROOT__/STM32L4xxxx/STM32L4xx_HAL_Driver/Src/stm32l4xx_hal_gfxmmu.o
LOAD VisualGDB/Debug/__BSP_ROOT__/STM32L4xxxx/STM32L4xx_HAL_Driver/Src/stm32l4xx_hal_gpio.o
LOAD VisualGDB/Debug/__BSP_ROOT__/STM32L4xxxx/STM32L4xx_HAL_Driver/Src/stm32l4xx_hal_hash.o
LOAD VisualGDB/Debug/__BSP_ROOT__/STM32L4xxxx/STM32L4xx_HAL_Driver/Src/stm32l4xx_hal_hash_ex.o
LOAD VisualGDB/Debug/__BSP_ROOT__/STM32L4xxxx/STM32L4xx_HAL_Driver/Src/stm32l4xx_hal_hcd.o
LOAD VisualGDB/Debug/__BSP_ROOT__/STM32L4xxxx/STM32L4xx_HAL_Driver/Src/stm32l4xx_hal_i2c.o
LOAD VisualGDB/Debug/__BSP_ROOT__/STM32L4xxxx/STM32L4xx_HAL_Driver/Src/stm32l4xx_hal_i2c_ex.o
LOAD VisualGDB/Debug/__BSP_ROOT__/STM32L4xxxx/STM32L4xx_HAL_Driver/Src/stm32l4xx_hal_irda.o
LOAD VisualGDB/Debug/__BSP_ROOT__/STM32L4xxxx/STM32L4xx_HAL_Driver/Src/stm32l4xx_hal_iwdg.o
LOAD VisualGDB/Debug/__BSP_ROOT__/STM32L4xxxx/STM32L4xx_HAL_Driver/Src/stm32l4xx_hal_lcd.o
LOAD VisualGDB/Debug/__BSP_ROOT__/STM32L4xxxx/STM32L4xx_HAL_Driver/Src/stm32l4xx_hal_lptim.o
LOAD VisualGDB/Debug/__BSP_ROOT__/STM32L4xxxx/STM32L4xx_HAL_Driver/Src/stm32l4xx_hal_ltdc.o
LOAD VisualGDB/Debug/__BSP_ROOT__/STM32L4xxxx/STM32L4xx_HAL_Driver/Src/stm32l4xx_hal_ltdc_ex.o
LOAD VisualGDB/Debug/__BSP_ROOT__/STM32L4xxxx/STM32L4xx_HAL_Driver/Src/stm32l4xx_hal_mmc.o
LOAD VisualGDB/Debug/__BSP_ROOT__/STM32L4xxxx/STM32L4xx_HAL_Driver/Src/stm32l4xx_hal_mmc_ex.o
LOAD VisualGDB/Debug/__BSP_ROOT__/STM32L4xxxx/STM32L4xx_HAL_Driver/Src/stm32l4xx_hal_nand.o
LOAD VisualGDB/Debug/__BSP_ROOT__/STM32L4xxxx/STM32L4xx_HAL_Driver/Src/stm32l4xx_hal_nor.o
LOAD VisualGDB/Debug/__BSP_ROOT__/STM32L4xxxx/STM32L4xx_HAL_Driver/Src/stm32l4xx_hal_opamp.o
LOAD VisualGDB/Debug/__BSP_ROOT__/STM32L4xxxx/STM32L4xx_HAL_Driver/Src/stm32l4xx_hal_opamp_ex.o
LOAD VisualGDB/Debug/__BSP_ROOT__/STM32L4xxxx/STM32L4xx_HAL_Driver/Src/stm32l4xx_hal_ospi.o
LOAD VisualGDB/Debug/__BSP_ROOT__/STM32L4xxxx/STM32L4xx_HAL_Driver/Src/stm32l4xx_hal_pcd.o
LOAD VisualGDB/Debug/__BSP_ROOT__/STM32L4xxxx/STM32L4xx_HAL_Driver/Src/stm32l4xx_hal_pcd_ex.o
LOAD VisualGDB/Debug/__BSP_ROOT__/STM32L4xxxx/STM32L4xx_HAL_Driver/Src/stm32l4xx_hal_pka.o
LOAD VisualGDB/Debug/__BSP_ROOT__/STM32L4xxxx/STM32L4xx_HAL_Driver/Src/stm32l4xx_hal_pssi.o
LOAD VisualGDB/Debug/__BSP_ROOT__/STM32L4xxxx/STM32L4xx_HAL_Driver/Src/stm32l4xx_hal_pwr.o
LOAD VisualGDB/Debug/__BSP_ROOT__/STM32L4xxxx/STM32L4xx_HAL_Driver/Src/stm32l4xx_hal_pwr_ex.o
LOAD VisualGDB/Debug/__BSP_ROOT__/STM32L4xxxx/STM32L4xx_HAL_Driver/Src/stm32l4xx_hal_qspi.o
LOAD VisualGDB/Debug/__BSP_ROOT__/STM32L4xxxx/STM32L4xx_HAL_Driver/Src/stm32l4xx_hal_rcc.o
LOAD VisualGDB/Debug/__BSP_ROOT__/STM32L4xxxx/STM32L4xx_HAL_Driver/Src/stm32l4xx_hal_rcc_ex.o
LOAD VisualGDB/Debug/__BSP_ROOT__/STM32L4xxxx/STM32L4xx_HAL_Driver/Src/stm32l4xx_hal_rng.o
LOAD VisualGDB/Debug/__BSP_ROOT__/STM32L4xxxx/STM32L4xx_HAL_Driver/Src/stm32l4xx_hal_rng_ex.o
LOAD VisualGDB/Debug/__BSP_ROOT__/STM32L4xxxx/STM32L4xx_HAL_Driver/Src/stm32l4xx_hal_rtc.o
LOAD VisualGDB/Debug/__BSP_ROOT__/STM32L4xxxx/STM32L4xx_HAL_Driver/Src/stm32l4xx_hal_rtc_ex.o
LOAD VisualGDB/Debug/__BSP_ROOT__/STM32L4xxxx/STM32L4xx_HAL_Driver/Src/stm32l4xx_hal_sai.o
LOAD VisualGDB/Debug/__BSP_ROOT__/STM32L4xxxx/STM32L4xx_HAL_Driver/Src/stm32l4xx_hal_sai_ex.o
LOAD VisualGDB/Debug/__BSP_ROOT__/STM32L4xxxx/STM32L4xx_HAL_Driver/Src/stm32l4xx_hal_sd.o
LOAD VisualGDB/Debug/__BSP_ROOT__/STM32L4xxxx/STM32L4xx_HAL_Driver/Src/stm32l4xx_hal_sd_ex.o
LOAD VisualGDB/Debug/__BSP_ROOT__/STM32L4xxxx/STM32L4xx_HAL_Driver/Src/stm32l4xx_hal_smartcard.o
LOAD VisualGDB/Debug/__BSP_ROOT__/STM32L4xxxx/STM32L4xx_HAL_Driver/Src/stm32l4xx_hal_smartcard_ex.o
LOAD VisualGDB/Debug/__BSP_ROOT__/STM32L4xxxx/STM32L4xx_HAL_Driver/Src/stm32l4xx_hal_smbus.o
LOAD VisualGDB/Debug/__BSP_ROOT__/STM32L4xxxx/STM32L4xx_HAL_Driver/Src/stm32l4xx_hal_spi.o
LOAD VisualGDB/Debug/__BSP_ROOT__/STM32L4xxxx/STM32L4xx_HAL_Driver/Src/stm32l4xx_hal_spi_ex.o
LOAD VisualGDB/Debug/__BSP_ROOT__/STM32L4xxxx/STM32L4xx_HAL_Driver/Src/stm32l4xx_hal_sram.o
LOAD VisualGDB/Debug/__BSP_ROOT__/STM32L4xxxx/STM32L4xx_HAL_Driver/Src/stm32l4xx_hal_swpmi.o
LOAD VisualGDB/Debug/__BSP_ROOT__/STM32L4xxxx/STM32L4xx_HAL_Driver/Src/stm32l4xx_hal_tim.o
LOAD VisualGDB/Debug/__BSP_ROOT__/STM32L4xxxx/STM32L4xx_HAL_Driver/Src/stm32l4xx_hal_tim_ex.o
LOAD VisualGDB/Debug/__BSP_ROOT__/STM32L4xxxx/STM32L4xx_HAL_Driver/Src/stm32l4xx_hal_tsc.o
LOAD VisualGDB/Debug/__BSP_ROOT__/STM32L4xxxx/STM32L4xx_HAL_Driver/Src/stm32l4xx_hal_uart.o
LOAD VisualGDB/Debug/__BSP_ROOT__/STM32L4xxxx/STM32L4xx_HAL_Driver/Src/stm32l4xx_hal_uart_ex.o
LOAD VisualGDB/Debug/__BSP_ROOT__/STM32L4xxxx/STM32L4xx_HAL_Driver/Src/stm32l4xx_hal_usart.o
LOAD VisualGDB/Debug/__BSP_ROOT__/STM32L4xxxx/STM32L4xx_HAL_Driver/Src/stm32l4xx_hal_usart_ex.o
LOAD VisualGDB/Debug/__BSP_ROOT__/STM32L4xxxx/STM32L4xx_HAL_Driver/Src/stm32l4xx_hal_wwdg.o
LOAD VisualGDB/Debug/__BSP_ROOT__/STM32L4xxxx/STM32L4xx_HAL_Driver/Src/stm32l4xx_ll_usb.o
LOAD VisualGDB/Debug/__BSP_ROOT__/STM32L4xxxx/STM32L4xx_HAL_Driver/Src/stm32l4xx_ll_adc.o
LOAD VisualGDB/Debug/__BSP_ROOT__/STM32L4xxxx/STM32L4xx_HAL_Driver/Src/stm32l4xx_ll_comp.o
LOAD VisualGDB/Debug/__BSP_ROOT__/STM32L4xxxx/STM32L4xx_HAL_Driver/Src/stm32l4xx_ll_crc.o
LOAD VisualGDB/Debug/__BSP_ROOT__/STM32L4xxxx/STM32L4xx_HAL_Driver/Src/stm32l4xx_ll_crs.o
LOAD VisualGDB/Debug/__BSP_ROOT__/STM32L4xxxx/STM32L4xx_HAL_Driver/Src/stm32l4xx_ll_dac.o
LOAD VisualGDB/Debug/__BSP_ROOT__/STM32L4xxxx/STM32L4xx_HAL_Driver/Src/stm32l4xx_ll_dma.o
LOAD VisualGDB/Debug/__BSP_ROOT__/STM32L4xxxx/STM32L4xx_HAL_Driver/Src/stm32l4xx_ll_dma2d.o
LOAD VisualGDB/Debug/__BSP_ROOT__/STM32L4xxxx/STM32L4xx_HAL_Driver/Src/stm32l4xx_ll_exti.o
LOAD VisualGDB/Debug/__BSP_ROOT__/STM32L4xxxx/STM32L4xx_HAL_Driver/Src/stm32l4xx_ll_fmc.o
LOAD VisualGDB/Debug/__BSP_ROOT__/STM32L4xxxx/STM32L4xx_HAL_Driver/Src/stm32l4xx_ll_gpio.o
LOAD VisualGDB/Debug/__BSP_ROOT__/STM32L4xxxx/STM32L4xx_HAL_Driver/Src/stm32l4xx_ll_i2c.o
LOAD VisualGDB/Debug/__BSP_ROOT__/STM32L4xxxx/STM32L4xx_HAL_Driver/Src/stm32l4xx_ll_lptim.o
LOAD VisualGDB/Debug/__BSP_ROOT__/STM32L4xxxx/STM32L4xx_HAL_Driver/Src/stm32l4xx_ll_lpuart.o
LOAD VisualGDB/Debug/__BSP_ROOT__/STM32L4xxxx/STM32L4xx_HAL_Driver/Src/stm32l4xx_ll_opamp.o
LOAD VisualGDB/Debug/__BSP_ROOT__/STM32L4xxxx/STM32L4xx_HAL_Driver/Src/stm32l4xx_ll_pka.o
LOAD VisualGDB/Debug/__BSP_ROOT__/STM32L4xxxx/STM32L4xx_HAL_Driver/Src/stm32l4xx_ll_pwr.o
LOAD VisualGDB/Debug/__BSP_ROOT__/STM32L4xxxx/STM32L4xx_HAL_Driver/Src/stm32l4xx_ll_rcc.o
LOAD VisualGDB/Debug/__BSP_ROOT__/STM32L4xxxx/STM32L4xx_HAL_Driver/Src/stm32l4xx_ll_rng.o
LOAD VisualGDB/Debug/__BSP_ROOT__/STM32L4xxxx/STM32L4xx_HAL_Driver/Src/stm32l4xx_ll_rtc.o
LOAD VisualGDB/Debug/__BSP_ROOT__/STM32L4xxxx/STM32L4xx_HAL_Driver/Src/stm32l4xx_ll_sdmmc.o
LOAD VisualGDB/Debug/__BSP_ROOT__/STM32L4xxxx/STM32L4xx_HAL_Driver/Src/stm32l4xx_ll_spi.o
LOAD VisualGDB/Debug/__BSP_ROOT__/STM32L4xxxx/STM32L4xx_HAL_Driver/Src/stm32l4xx_ll_swpmi.o
LOAD VisualGDB/Debug/__BSP_ROOT__/STM32L4xxxx/STM32L4xx_HAL_Driver/Src/stm32l4xx_ll_tim.o
LOAD VisualGDB/Debug/__BSP_ROOT__/STM32L4xxxx/STM32L4xx_HAL_Driver/Src/stm32l4xx_ll_usart.o
LOAD VisualGDB/Debug/__BSP_ROOT__/STM32L4xxxx/STM32L4xx_HAL_Driver/Src/stm32l4xx_ll_utils.o
END GROUP
LOAD c:/sysgcc/arm-eabi/bin/../lib/gcc/arm-none-eabi/10.3.1/../../../../arm-none-eabi/lib/thumb/v7e-m+fp/hard\libstdc++_nano.a
LOAD c:/sysgcc/arm-eabi/bin/../lib/gcc/arm-none-eabi/10.3.1/../../../../arm-none-eabi/lib/thumb/v7e-m+fp/hard\libm.a
START GROUP
LOAD c:/sysgcc/arm-eabi/bin/../lib/gcc/arm-none-eabi/10.3.1/thumb/v7e-m+fp/hard\libgcc.a
LOAD c:/sysgcc/arm-eabi/bin/../lib/gcc/arm-none-eabi/10.3.1/../../../../arm-none-eabi/lib/thumb/v7e-m+fp/hard\libc_nano.a
END GROUP
START GROUP
LOAD c:/sysgcc/arm-eabi/bin/../lib/gcc/arm-none-eabi/10.3.1/thumb/v7e-m+fp/hard\libgcc.a
LOAD c:/sysgcc/arm-eabi/bin/../lib/gcc/arm-none-eabi/10.3.1/../../../../arm-none-eabi/lib/thumb/v7e-m+fp/hard\libc_nano.a
LOAD c:/sysgcc/arm-eabi/bin/../lib/gcc/arm-none-eabi/10.3.1/../../../../arm-none-eabi/lib/thumb/v7e-m+fp/hard\libnosys.a
END GROUP
START GROUP
LOAD c:/sysgcc/arm-eabi/bin/../lib/gcc/arm-none-eabi/10.3.1/thumb/v7e-m+fp/hard\libgcc.a
LOAD c:/sysgcc/arm-eabi/bin/../lib/gcc/arm-none-eabi/10.3.1/../../../../arm-none-eabi/lib/thumb/v7e-m+fp/hard\libc_nano.a
LOAD c:/sysgcc/arm-eabi/bin/../lib/gcc/arm-none-eabi/10.3.1/../../../../arm-none-eabi/lib/thumb/v7e-m+fp/hard\libnosys.a
END GROUP
LOAD c:/sysgcc/arm-eabi/bin/../lib/gcc/arm-none-eabi/10.3.1/thumb/v7e-m+fp/hard/crtend.o
LOAD c:/sysgcc/arm-eabi/bin/../lib/gcc/arm-none-eabi/10.3.1/thumb/v7e-m+fp/hard/crtn.o
                0x20018000                _estack = 0x20018000

.isr_vector     0x08000000      0x188
                0x08000000                . = ALIGN (0x4)
 *(.isr_vector)
 .isr_vector    0x08000000      0x188 VisualGDB/Debug/__BSP_ROOT__/STM32L4xxxx/StartupFiles/startup_stm32l475xx.o
                0x08000000                g_pfnVectors
                0x08000188                . = ALIGN (0x4)

.text           0x08000190     0xebf4
                0x08000190                . = ALIGN (0x4)
                0x08000190                _stext = .
 *(.text)
 .text          0x08000190       0x40 c:/sysgcc/arm-eabi/bin/../lib/gcc/arm-none-eabi/10.3.1/thumb/v7e-m+fp/hard/crtbegin.o
 .text          0x080001d0      0x378 c:/sysgcc/arm-eabi/bin/../lib/gcc/arm-none-eabi/10.3.1/thumb/v7e-m+fp/hard\libgcc.a(_arm_addsubdf3.o)
                0x080001d0                __aeabi_drsub
                0x080001d8                __aeabi_dsub
                0x080001d8                __subdf3
                0x080001dc                __aeabi_dadd
                0x080001dc                __adddf3
                0x08000454                __floatunsidf
                0x08000454                __aeabi_ui2d
                0x08000474                __floatsidf
                0x08000474                __aeabi_i2d
                0x08000498                __aeabi_f2d
                0x08000498                __extendsfdf2
                0x080004dc                __floatundidf
                0x080004dc                __aeabi_ul2d
                0x080004ec                __floatdidf
                0x080004ec                __aeabi_l2d
 .text          0x08000548      0x424 c:/sysgcc/arm-eabi/bin/../lib/gcc/arm-none-eabi/10.3.1/thumb/v7e-m+fp/hard\libgcc.a(_arm_muldivdf3.o)
                0x08000548                __aeabi_dmul
                0x08000548                __muldf3
                0x0800079c                __divdf3
                0x0800079c                __aeabi_ddiv
 .text          0x0800096c      0x110 c:/sysgcc/arm-eabi/bin/../lib/gcc/arm-none-eabi/10.3.1/thumb/v7e-m+fp/hard\libgcc.a(_arm_cmpdf2.o)
                0x0800096c                __gtdf2
                0x0800096c                __gedf2
                0x08000974                __ltdf2
                0x08000974                __ledf2
                0x0800097c                __nedf2
                0x0800097c                __eqdf2
                0x0800097c                __cmpdf2
                0x080009f8                __aeabi_cdrcmple
                0x08000a08                __aeabi_cdcmpeq
                0x08000a08                __aeabi_cdcmple
                0x08000a18                __aeabi_dcmpeq
                0x08000a2c                __aeabi_dcmplt
                0x08000a40                __aeabi_dcmple
                0x08000a54                __aeabi_dcmpge
                0x08000a68                __aeabi_dcmpgt
 .text          0x08000a7c       0x50 c:/sysgcc/arm-eabi/bin/../lib/gcc/arm-none-eabi/10.3.1/thumb/v7e-m+fp/hard\libgcc.a(_arm_fixdfsi.o)
                0x08000a7c                __aeabi_d2iz
                0x08000a7c                __fixdfsi
 .text          0x08000acc       0xa0 c:/sysgcc/arm-eabi/bin/../lib/gcc/arm-none-eabi/10.3.1/thumb/v7e-m+fp/hard\libgcc.a(_arm_truncdfsf2.o)
                0x08000acc                __truncdfsf2
                0x08000acc                __aeabi_d2f
 .text          0x08000b6c       0x30 c:/sysgcc/arm-eabi/bin/../lib/gcc/arm-none-eabi/10.3.1/thumb/v7e-m+fp/hard\libgcc.a(_aeabi_uldivmod.o)
                0x08000b6c                __aeabi_uldivmod
 .text          0x08000b9c      0x2d0 c:/sysgcc/arm-eabi/bin/../lib/gcc/arm-none-eabi/10.3.1/thumb/v7e-m+fp/hard\libgcc.a(_udivmoddi4.o)
                0x08000b9c                __udivmoddi4
 .text          0x08000e6c        0x4 c:/sysgcc/arm-eabi/bin/../lib/gcc/arm-none-eabi/10.3.1/thumb/v7e-m+fp/hard\libgcc.a(_dvmd_tls.o)
                0x08000e6c                __aeabi_idiv0
                0x08000e6c                __aeabi_ldiv0
 .text          0x08000e70       0xa0 c:/sysgcc/arm-eabi/bin/../lib/gcc/arm-none-eabi/10.3.1/../../../../arm-none-eabi/lib/thumb/v7e-m+fp/hard\libc_nano.a(lib_a-memchr.o)
                0x08000e70                memchr
 *(.text*)
 .text.HAL_MspInit
                0x08000f10       0x48 VisualGDB/Debug/Common/stm32l4xx_hal_msp.o
                0x08000f10                HAL_MspInit
 .text.HAL_TIM_Base_MspInit
                0x08000f58       0x3c VisualGDB/Debug/Common/stm32l4xx_hal_msp.o
                0x08000f58                HAL_TIM_Base_MspInit
 .text.HAL_TIM_MspPostInit
                0x08000f94       0x68 VisualGDB/Debug/Common/stm32l4xx_hal_msp.o
                0x08000f94                HAL_TIM_MspPostInit
 .text.DISPLAY_Thread1
                0x08000ffc        0xe VisualGDB/Debug/DISPLAY/DISPLAY.o
                0x08000ffc                DISPLAY_Thread1
 .text.Flash_Sim_Demo
                0x0800100a       0x74 VisualGDB/Debug/Flash/Flash_Sim_Demo.o
                0x0800100a                Flash_Sim_Demo
 *fill*         0x0800107e        0x2 
 .text.sFLASH_ReadBuffer
                0x08001080       0x34 VisualGDB/Debug/Flash/spi_flash.o
                0x08001080                sFLASH_ReadBuffer
 .text.sFLASH_WriteBuffer
                0x080010b4       0x7c VisualGDB/Debug/Flash/spi_flash.o
                0x080010b4                sFLASH_WriteBuffer
 .text.sFLASH_EraseBulk
                0x08001130       0x38 VisualGDB/Debug/Flash/spi_flash.o
                0x08001130                sFLASH_EraseBulk
 .text.sFLASH_Init
                0x08001168       0x2c VisualGDB/Debug/Flash/spi_flash.o
                0x08001168                sFLASH_Init
 .text.DWT_Delay_us
                0x08001194       0x34 VisualGDB/Debug/HX711/HX711.o
 .text._Z7shiftIntth
                0x080011c8       0xa0 VisualGDB/Debug/HX711/HX711.o
                0x080011c8                shiftIn(unsigned short, unsigned short, unsigned char)
 .text._ZN5HX711C2Ev
                0x08001268       0x30 VisualGDB/Debug/HX711/HX711.o
                0x08001268                HX711::HX711()
                0x08001268                HX711::HX711()
 .text._ZN5HX711D2Ev
                0x08001298       0x20 VisualGDB/Debug/HX711/HX711.o
                0x08001298                HX711::~HX711()
                0x08001298                HX711::~HX711()
 .text._ZN5HX711D0Ev
                0x080012b8       0x20 VisualGDB/Debug/HX711/HX711.o
                0x080012b8                HX711::~HX711()
 .text._ZN5HX7115beginEtth
                0x080012d8       0x88 VisualGDB/Debug/HX711/HX711.o
                0x080012d8                HX711::begin(unsigned short, unsigned short, unsigned char)
 .text._ZN5HX7118is_readyEv
                0x08001360       0x2a VisualGDB/Debug/HX711/HX711.o
                0x08001360                HX711::is_ready()
 .text._ZN5HX7118set_gainEh
                0x0800138a       0x44 VisualGDB/Debug/HX711/HX711.o
                0x0800138a                HX711::set_gain(unsigned char)
 *fill*         0x080013ce        0x2 
 .text._ZN5HX7114readEv
                0x080013d0       0xe0 VisualGDB/Debug/HX711/HX711.o
                0x080013d0                HX711::read()
 .text._ZN5HX71110wait_readyEm
                0x080014b0       0x36 VisualGDB/Debug/HX711/HX711.o
                0x080014b0                HX711::wait_ready(unsigned long)
 .text._ZN5HX71112read_averageEh
                0x080014e6       0x48 VisualGDB/Debug/HX711/HX711.o
                0x080014e6                HX711::read_average(unsigned char)
 *fill*         0x0800152e        0x2 
 .text._ZN5HX7118power_upEv
                0x08001530       0x24 VisualGDB/Debug/HX711/HX711.o
                0x08001530                HX711::power_up()
 .text.LED_GetMode
                0x08001554       0x20 VisualGDB/Debug/LED/LED.o
                0x08001554                LED_GetMode
 .text.LED_SetMode
                0x08001574       0x24 VisualGDB/Debug/LED/LED.o
                0x08001574                LED_SetMode
 .text.LED_init
                0x08001598       0x2c VisualGDB/Debug/LED/LED.o
                0x08001598                LED_init
 .text.LED2_init
                0x080015c4       0x30 VisualGDB/Debug/LED/LED.o
                0x080015c4                LED2_init
 .text.LED_ON   0x080015f4       0x14 VisualGDB/Debug/LED/LED.o
                0x080015f4                LED_ON
 .text.LED_OFF  0x08001608       0x14 VisualGDB/Debug/LED/LED.o
                0x08001608                LED_OFF
 .text.LED2_ON  0x0800161c       0x18 VisualGDB/Debug/LED/LED.o
                0x0800161c                LED2_ON
 .text.LED2_OFF
                0x08001634       0x18 VisualGDB/Debug/LED/LED.o
                0x08001634                LED2_OFF
 .text.LED2_TOGGLE
                0x0800164c       0x18 VisualGDB/Debug/LED/LED.o
                0x0800164c                LED2_TOGGLE
 .text.STATE_LED_ON
                0x08001664       0x3c VisualGDB/Debug/LED/LED.o
                0x08001664                STATE_LED_ON
 .text.STATE_LED_OFF
                0x080016a0       0x3c VisualGDB/Debug/LED/LED.o
                0x080016a0                STATE_LED_OFF
 .text.ssd1306_Reset
                0x080016dc        0xe VisualGDB/Debug/SSD1306/ssd1306.o
                0x080016dc                ssd1306_Reset
 *fill*         0x080016ea        0x2 
 .text.ssd1306_WriteCommand
                0x080016ec       0x30 VisualGDB/Debug/SSD1306/ssd1306.o
                0x080016ec                ssd1306_WriteCommand
 .text.ssd1306_WriteData
                0x0800171c       0x34 VisualGDB/Debug/SSD1306/ssd1306.o
                0x0800171c                ssd1306_WriteData
 .text.ssd1306_Init
                0x08001750       0xd4 VisualGDB/Debug/SSD1306/ssd1306.o
                0x08001750                ssd1306_Init
 .text.ssd1306_Fill
                0x08001824       0x48 VisualGDB/Debug/SSD1306/ssd1306.o
                0x08001824                ssd1306_Fill
 .text.ssd1306_UpdateScreen
                0x0800186c       0x50 VisualGDB/Debug/SSD1306/ssd1306.o
                0x0800186c                ssd1306_UpdateScreen
 .text.ssd1306_DrawPixel
                0x080018bc       0xa8 VisualGDB/Debug/SSD1306/ssd1306.o
                0x080018bc                ssd1306_DrawPixel
 .text.ssd1306_WriteChar
                0x08001964      0x110 VisualGDB/Debug/SSD1306/ssd1306.o
                0x08001964                ssd1306_WriteChar
 .text.ssd1306_WriteString
                0x08001a74       0x4c VisualGDB/Debug/SSD1306/ssd1306.o
                0x08001a74                ssd1306_WriteString
 .text.ssd1306_SetCursor
                0x08001ac0       0x30 VisualGDB/Debug/SSD1306/ssd1306.o
                0x08001ac0                ssd1306_SetCursor
 .text.ssd1306_Line
                0x08001af0       0xd8 VisualGDB/Debug/SSD1306/ssd1306.o
                0x08001af0                ssd1306_Line
 .text.ssd1306_Polyline
                0x08001bc8       0x74 VisualGDB/Debug/SSD1306/ssd1306.o
                0x08001bc8                ssd1306_Polyline
 *fill*         0x08001c3c        0x4 
 .text.ssd1306_DegToRad
                0x08001c40       0x54 VisualGDB/Debug/SSD1306/ssd1306.o
 .text.ssd1306_NormalizeTo0_360
                0x08001c94       0x54 VisualGDB/Debug/SSD1306/ssd1306.o
 .text.ssd1306_DrawArc
                0x08001ce8      0x218 VisualGDB/Debug/SSD1306/ssd1306.o
                0x08001ce8                ssd1306_DrawArc
 .text.ssd1306_DrawCircle
                0x08001f00      0x10e VisualGDB/Debug/SSD1306/ssd1306.o
                0x08001f00                ssd1306_DrawCircle
 .text.ssd1306_DrawRectangle
                0x0800200e       0x6e VisualGDB/Debug/SSD1306/ssd1306.o
                0x0800200e                ssd1306_DrawRectangle
 .text.ssd1306_DrawBitmap
                0x0800207c       0xb6 VisualGDB/Debug/SSD1306/ssd1306.o
                0x0800207c                ssd1306_DrawBitmap
 .text.ssd1306_SetContrast
                0x08002132       0x26 VisualGDB/Debug/SSD1306/ssd1306.o
                0x08002132                ssd1306_SetContrast
 .text.ssd1306_SetDisplayOn
                0x08002158       0x3c VisualGDB/Debug/SSD1306/ssd1306.o
                0x08002158                ssd1306_SetDisplayOn
 .text.ssd1306_TestBorder
                0x08002194       0xa4 VisualGDB/Debug/SSD1306/ssd1306_tests.o
                0x08002194                ssd1306_TestBorder
 .text.ssd1306_TestFonts
                0x08002238       0xa8 VisualGDB/Debug/SSD1306/ssd1306_tests.o
                0x08002238                ssd1306_TestFonts
 .text.ssd1306_TestFPS
                0x080022e0      0x140 VisualGDB/Debug/SSD1306/ssd1306_tests.o
                0x080022e0                ssd1306_TestFPS
 .text.ssd1306_TestLine
                0x08002420       0x30 VisualGDB/Debug/SSD1306/ssd1306_tests.o
                0x08002420                ssd1306_TestLine
 .text.ssd1306_TestRectangle
                0x08002450       0x70 VisualGDB/Debug/SSD1306/ssd1306_tests.o
                0x08002450                ssd1306_TestRectangle
 .text.ssd1306_TestCircle
                0x080024c0       0x40 VisualGDB/Debug/SSD1306/ssd1306_tests.o
                0x080024c0                ssd1306_TestCircle
 .text.ssd1306_TestArc
                0x08002500       0x26 VisualGDB/Debug/SSD1306/ssd1306_tests.o
                0x08002500                ssd1306_TestArc
 *fill*         0x08002526        0x2 
 .text.ssd1306_TestPolyline
                0x08002528       0x2c VisualGDB/Debug/SSD1306/ssd1306_tests.o
                0x08002528                ssd1306_TestPolyline
 .text.ssd1306_TestDrawBitmap
                0x08002554       0x80 VisualGDB/Debug/SSD1306/ssd1306_tests.o
                0x08002554                ssd1306_TestDrawBitmap
 .text.ssd1306_TestAll
                0x080025d4       0x80 VisualGDB/Debug/SSD1306/ssd1306_tests.o
                0x080025d4                ssd1306_TestAll
 .text._Z17SSD1306_test_initv
                0x08002654        0xe VisualGDB/Debug/SSD1306/SSD1306_demo.o
                0x08002654                SSD1306_test_init()
 .text._Z17SSD1306_test_loopv
                0x08002662        0xc VisualGDB/Debug/SSD1306/SSD1306_demo.o
                0x08002662                SSD1306_test_loop()
 *fill*         0x0800266e        0x2 
 .text._ZL12MX_GPIO_Initv
                0x08002670       0x78 VisualGDB/Debug/SSD1306/SSD1306_demo.o
 .text.SSD1306_test
                0x080026e8       0x16 VisualGDB/Debug/SSD1306/SSD1306_demo.o
                0x080026e8                SSD1306_test
 *fill*         0x080026fe        0x2 
 .text._ZL12MX_I2C3_Initv
                0x08002700       0x8c VisualGDB/Debug/SSD1306/SSD1306_demo.o
 .text._Error_Handler
                0x0800278c        0xc VisualGDB/Debug/SSD1306/SSD1306_demo.o
                0x0800278c                _Error_Handler
 .text.int_to_string_helper
                0x08002798       0x78 VisualGDB/Debug/UART/int_to_string.o
 .text.int_to_string
                0x08002810       0x6e VisualGDB/Debug/UART/int_to_string.o
                0x08002810                int_to_string
 *fill*         0x0800287e        0x2 
 .text.int_to_hex
                0x08002880       0x8c VisualGDB/Debug/UART/int_to_string.o
                0x08002880                int_to_hex
 .text.UART_TxMessage
                0x0800290c       0x64 VisualGDB/Debug/UART/UART.o
                0x0800290c                UART_TxMessage
 .text.UART_TxMessageIntValue
                0x08002970       0x50 VisualGDB/Debug/UART/UART.o
                0x08002970                UART_TxMessageIntValue
 .text.UART_TxMessageIntValueHex
                0x080029c0       0x50 VisualGDB/Debug/UART/UART.o
                0x080029c0                UART_TxMessageIntValueHex
 .text.UART_Thread1
                0x08002a10       0x30 VisualGDB/Debug/UART/UART.o
                0x08002a10                UART_Thread1
 .text.UART_init
                0x08002a40       0xd8 VisualGDB/Debug/UART/UART.o
                0x08002a40                UART_init
 .text.SystemInit
                0x08002b18       0x6c VisualGDB/Debug/system_stm32l4xx.o
                0x08002b18                SystemInit
 .text.GetScaleWeight
                0x08002b84       0x90 VisualGDB/Debug/Tasks/task_weight_monitor.o
                0x08002b84                GetScaleWeight
 .text.theScaleTask
                0x08002c14       0x12 VisualGDB/Debug/Tasks/task_weight_monitor.o
                0x08002c14                theScaleTask
 *fill*         0x08002c26        0x2 
 .text._Z41__static_initialization_and_destruction_0ii
                0x08002c28       0x50 VisualGDB/Debug/Tasks/task_weight_monitor.o
 .text._GLOBAL__sub_I_xHX711_Semaphore
                0x08002c78       0x10 VisualGDB/Debug/Tasks/task_weight_monitor.o
 .text.GPIO_init
                0x08002c88      0x104 VisualGDB/Debug/_Init/Init_GPIO.o
                0x08002c88                GPIO_init
 .text.ConfigureI2CPins
                0x08002d8c       0x4c VisualGDB/Debug/_Init/Init_GPIO_I2C.o
                0x08002d8c                ConfigureI2CPins
 .text.HAL_GPIO_EXTI_Callback
                0x08002dd8       0x6c VisualGDB/Debug/_main.o
                0x08002dd8                HAL_GPIO_EXTI_Callback
 .text.EXTI15_10_IRQHandler
                0x08002e44       0x10 VisualGDB/Debug/_main.o
                0x08002e44                EXTI15_10_IRQHandler
 .text.Error_Handler
                0x08002e54        0xa VisualGDB/Debug/_main.o
                0x08002e54                Error_Handler
 .text.pwm_SystemClock_Config
                0x08002e5e       0x98 VisualGDB/Debug/_main.o
                0x08002e5e                pwm_SystemClock_Config
 *fill*         0x08002ef6        0x2 
 .text.MX_TIM2_Init
                0x08002ef8       0xec VisualGDB/Debug/_main.o
 .text.pwm_MX_GPIO_Init
                0x08002fe4       0x78 VisualGDB/Debug/_main.o
 .text.main     0x0800305c      0x13c VisualGDB/Debug/_main.o
                0x0800305c                main
 .text.SysTick_Handler
                0x08003198       0x14 VisualGDB/Debug/_main.o
                0x08003198                SysTick_Handler
 .text.PWM_Thread1
                0x080031ac      0x170 VisualGDB/Debug/_main.o
 .text.LED_Thread1
                0x0800331c       0x68 VisualGDB/Debug/_main.o
 .text.LED_Thread2
                0x08003384       0x6c VisualGDB/Debug/_main.o
 .text.NMI_Handler
                0x080033f0        0x6 VisualGDB/Debug/__BSP_ROOT__/STM32L4xxxx/StartupFiles/startup_stm32l475xx.o
                0x080033f0                NMI_Handler
 .text.HardFault_Handler
                0x080033f6        0x6 VisualGDB/Debug/__BSP_ROOT__/STM32L4xxxx/StartupFiles/startup_stm32l475xx.o
                0x080033f6                HardFault_Handler
 .text.MemManage_Handler
                0x080033fc        0x6 VisualGDB/Debug/__BSP_ROOT__/STM32L4xxxx/StartupFiles/startup_stm32l475xx.o
                0x080033fc                MemManage_Handler
 .text.BusFault_Handler
                0x08003402        0x6 VisualGDB/Debug/__BSP_ROOT__/STM32L4xxxx/StartupFiles/startup_stm32l475xx.o
                0x08003402                BusFault_Handler
 .text.UsageFault_Handler
                0x08003408        0x6 VisualGDB/Debug/__BSP_ROOT__/STM32L4xxxx/StartupFiles/startup_stm32l475xx.o
                0x08003408                UsageFault_Handler
 .text.DebugMon_Handler
                0x0800340e        0x6 VisualGDB/Debug/__BSP_ROOT__/STM32L4xxxx/StartupFiles/startup_stm32l475xx.o
                0x0800340e                DebugMon_Handler
 .text.WWDG_IRQHandler
                0x08003414        0x6 VisualGDB/Debug/__BSP_ROOT__/STM32L4xxxx/StartupFiles/startup_stm32l475xx.o
                0x08003414                WWDG_IRQHandler
 .text.PVD_PVM_IRQHandler
                0x0800341a        0x6 VisualGDB/Debug/__BSP_ROOT__/STM32L4xxxx/StartupFiles/startup_stm32l475xx.o
                0x0800341a                PVD_PVM_IRQHandler
 .text.TAMP_STAMP_IRQHandler
                0x08003420        0x6 VisualGDB/Debug/__BSP_ROOT__/STM32L4xxxx/StartupFiles/startup_stm32l475xx.o
                0x08003420                TAMP_STAMP_IRQHandler
 .text.RTC_WKUP_IRQHandler
                0x08003426        0x6 VisualGDB/Debug/__BSP_ROOT__/STM32L4xxxx/StartupFiles/startup_stm32l475xx.o
                0x08003426                RTC_WKUP_IRQHandler
 .text.FLASH_IRQHandler
                0x0800342c        0x6 VisualGDB/Debug/__BSP_ROOT__/STM32L4xxxx/StartupFiles/startup_stm32l475xx.o
                0x0800342c                FLASH_IRQHandler
 .text.RCC_IRQHandler
                0x08003432        0x6 VisualGDB/Debug/__BSP_ROOT__/STM32L4xxxx/StartupFiles/startup_stm32l475xx.o
                0x08003432                RCC_IRQHandler
 .text.EXTI0_IRQHandler
                0x08003438        0x6 VisualGDB/Debug/__BSP_ROOT__/STM32L4xxxx/StartupFiles/startup_stm32l475xx.o
                0x08003438                EXTI0_IRQHandler
 .text.EXTI1_IRQHandler
                0x0800343e        0x6 VisualGDB/Debug/__BSP_ROOT__/STM32L4xxxx/StartupFiles/startup_stm32l475xx.o
                0x0800343e                EXTI1_IRQHandler
 .text.EXTI2_IRQHandler
                0x08003444        0x6 VisualGDB/Debug/__BSP_ROOT__/STM32L4xxxx/StartupFiles/startup_stm32l475xx.o
                0x08003444                EXTI2_IRQHandler
 .text.EXTI3_IRQHandler
                0x0800344a        0x6 VisualGDB/Debug/__BSP_ROOT__/STM32L4xxxx/StartupFiles/startup_stm32l475xx.o
                0x0800344a                EXTI3_IRQHandler
 .text.EXTI4_IRQHandler
                0x08003450        0x6 VisualGDB/Debug/__BSP_ROOT__/STM32L4xxxx/StartupFiles/startup_stm32l475xx.o
                0x08003450                EXTI4_IRQHandler
 .text.DMA1_Channel1_IRQHandler
                0x08003456        0x6 VisualGDB/Debug/__BSP_ROOT__/STM32L4xxxx/StartupFiles/startup_stm32l475xx.o
                0x08003456                DMA1_Channel1_IRQHandler
 .text.DMA1_Channel2_IRQHandler
                0x0800345c        0x6 VisualGDB/Debug/__BSP_ROOT__/STM32L4xxxx/StartupFiles/startup_stm32l475xx.o
                0x0800345c                DMA1_Channel2_IRQHandler
 .text.DMA1_Channel3_IRQHandler
                0x08003462        0x6 VisualGDB/Debug/__BSP_ROOT__/STM32L4xxxx/StartupFiles/startup_stm32l475xx.o
                0x08003462                DMA1_Channel3_IRQHandler
 .text.DMA1_Channel4_IRQHandler
                0x08003468        0x6 VisualGDB/Debug/__BSP_ROOT__/STM32L4xxxx/StartupFiles/startup_stm32l475xx.o
                0x08003468                DMA1_Channel4_IRQHandler
 .text.DMA1_Channel5_IRQHandler
                0x0800346e        0x6 VisualGDB/Debug/__BSP_ROOT__/STM32L4xxxx/StartupFiles/startup_stm32l475xx.o
                0x0800346e                DMA1_Channel5_IRQHandler
 .text.DMA1_Channel6_IRQHandler
                0x08003474        0x6 VisualGDB/Debug/__BSP_ROOT__/STM32L4xxxx/StartupFiles/startup_stm32l475xx.o
                0x08003474                DMA1_Channel6_IRQHandler
 .text.DMA1_Channel7_IRQHandler
                0x0800347a        0x6 VisualGDB/Debug/__BSP_ROOT__/STM32L4xxxx/StartupFiles/startup_stm32l475xx.o
                0x0800347a                DMA1_Channel7_IRQHandler
 .text.ADC1_2_IRQHandler
                0x08003480        0x6 VisualGDB/Debug/__BSP_ROOT__/STM32L4xxxx/StartupFiles/startup_stm32l475xx.o
                0x08003480                ADC1_2_IRQHandler
 .text.CAN1_TX_IRQHandler
                0x08003486        0x6 VisualGDB/Debug/__BSP_ROOT__/STM32L4xxxx/StartupFiles/startup_stm32l475xx.o
                0x08003486                CAN1_TX_IRQHandler
 .text.CAN1_RX0_IRQHandler
                0x0800348c        0x6 VisualGDB/Debug/__BSP_ROOT__/STM32L4xxxx/StartupFiles/startup_stm32l475xx.o
                0x0800348c                CAN1_RX0_IRQHandler
 .text.CAN1_RX1_IRQHandler
                0x08003492        0x6 VisualGDB/Debug/__BSP_ROOT__/STM32L4xxxx/StartupFiles/startup_stm32l475xx.o
                0x08003492                CAN1_RX1_IRQHandler
 .text.CAN1_SCE_IRQHandler
                0x08003498        0x6 VisualGDB/Debug/__BSP_ROOT__/STM32L4xxxx/StartupFiles/startup_stm32l475xx.o
                0x08003498                CAN1_SCE_IRQHandler
 .text.EXTI9_5_IRQHandler
                0x0800349e        0x6 VisualGDB/Debug/__BSP_ROOT__/STM32L4xxxx/StartupFiles/startup_stm32l475xx.o
                0x0800349e                EXTI9_5_IRQHandler
 .text.TIM1_BRK_TIM15_IRQHandler
                0x080034a4        0x6 VisualGDB/Debug/__BSP_ROOT__/STM32L4xxxx/StartupFiles/startup_stm32l475xx.o
                0x080034a4                TIM1_BRK_TIM15_IRQHandler
 .text.TIM1_UP_TIM16_IRQHandler
                0x080034aa        0x6 VisualGDB/Debug/__BSP_ROOT__/STM32L4xxxx/StartupFiles/startup_stm32l475xx.o
                0x080034aa                TIM1_UP_TIM16_IRQHandler
 .text.TIM1_TRG_COM_TIM17_IRQHandler
                0x080034b0        0x6 VisualGDB/Debug/__BSP_ROOT__/STM32L4xxxx/StartupFiles/startup_stm32l475xx.o
                0x080034b0                TIM1_TRG_COM_TIM17_IRQHandler
 .text.TIM1_CC_IRQHandler
                0x080034b6        0x6 VisualGDB/Debug/__BSP_ROOT__/STM32L4xxxx/StartupFiles/startup_stm32l475xx.o
                0x080034b6                TIM1_CC_IRQHandler
 .text.TIM2_IRQHandler
                0x080034bc        0x6 VisualGDB/Debug/__BSP_ROOT__/STM32L4xxxx/StartupFiles/startup_stm32l475xx.o
                0x080034bc                TIM2_IRQHandler
 .text.TIM3_IRQHandler
                0x080034c2        0x6 VisualGDB/Debug/__BSP_ROOT__/STM32L4xxxx/StartupFiles/startup_stm32l475xx.o
                0x080034c2                TIM3_IRQHandler
 .text.TIM4_IRQHandler
                0x080034c8        0x6 VisualGDB/Debug/__BSP_ROOT__/STM32L4xxxx/StartupFiles/startup_stm32l475xx.o
                0x080034c8                TIM4_IRQHandler
 .text.I2C1_EV_IRQHandler
                0x080034ce        0x6 VisualGDB/Debug/__BSP_ROOT__/STM32L4xxxx/StartupFiles/startup_stm32l475xx.o
                0x080034ce                I2C1_EV_IRQHandler
 .text.I2C1_ER_IRQHandler
                0x080034d4        0x6 VisualGDB/Debug/__BSP_ROOT__/STM32L4xxxx/StartupFiles/startup_stm32l475xx.o
                0x080034d4                I2C1_ER_IRQHandler
 .text.I2C2_EV_IRQHandler
                0x080034da        0x6 VisualGDB/Debug/__BSP_ROOT__/STM32L4xxxx/StartupFiles/startup_stm32l475xx.o
                0x080034da                I2C2_EV_IRQHandler
 .text.I2C2_ER_IRQHandler
                0x080034e0        0x6 VisualGDB/Debug/__BSP_ROOT__/STM32L4xxxx/StartupFiles/startup_stm32l475xx.o
                0x080034e0                I2C2_ER_IRQHandler
 .text.SPI1_IRQHandler
                0x080034e6        0x6 VisualGDB/Debug/__BSP_ROOT__/STM32L4xxxx/StartupFiles/startup_stm32l475xx.o
                0x080034e6                SPI1_IRQHandler
 .text.SPI2_IRQHandler
                0x080034ec        0x6 VisualGDB/Debug/__BSP_ROOT__/STM32L4xxxx/StartupFiles/startup_stm32l475xx.o
                0x080034ec                SPI2_IRQHandler
 .text.USART1_IRQHandler
                0x080034f2        0x6 VisualGDB/Debug/__BSP_ROOT__/STM32L4xxxx/StartupFiles/startup_stm32l475xx.o
                0x080034f2                USART1_IRQHandler
 .text.USART2_IRQHandler
                0x080034f8        0x6 VisualGDB/Debug/__BSP_ROOT__/STM32L4xxxx/StartupFiles/startup_stm32l475xx.o
                0x080034f8                USART2_IRQHandler
 .text.USART3_IRQHandler
                0x080034fe        0x6 VisualGDB/Debug/__BSP_ROOT__/STM32L4xxxx/StartupFiles/startup_stm32l475xx.o
                0x080034fe                USART3_IRQHandler
 .text.RTC_Alarm_IRQHandler
                0x08003504        0x6 VisualGDB/Debug/__BSP_ROOT__/STM32L4xxxx/StartupFiles/startup_stm32l475xx.o
                0x08003504                RTC_Alarm_IRQHandler
 .text.DFSDM1_FLT3_IRQHandler
                0x0800350a        0x6 VisualGDB/Debug/__BSP_ROOT__/STM32L4xxxx/StartupFiles/startup_stm32l475xx.o
                0x0800350a                DFSDM1_FLT3_IRQHandler
 .text.TIM8_BRK_IRQHandler
                0x08003510        0x6 VisualGDB/Debug/__BSP_ROOT__/STM32L4xxxx/StartupFiles/startup_stm32l475xx.o
                0x08003510                TIM8_BRK_IRQHandler
 .text.TIM8_UP_IRQHandler
                0x08003516        0x6 VisualGDB/Debug/__BSP_ROOT__/STM32L4xxxx/StartupFiles/startup_stm32l475xx.o
                0x08003516                TIM8_UP_IRQHandler
 .text.TIM8_TRG_COM_IRQHandler
                0x0800351c        0x6 VisualGDB/Debug/__BSP_ROOT__/STM32L4xxxx/StartupFiles/startup_stm32l475xx.o
                0x0800351c                TIM8_TRG_COM_IRQHandler
 .text.TIM8_CC_IRQHandler
                0x08003522        0x6 VisualGDB/Debug/__BSP_ROOT__/STM32L4xxxx/StartupFiles/startup_stm32l475xx.o
                0x08003522                TIM8_CC_IRQHandler
 .text.ADC3_IRQHandler
                0x08003528        0x6 VisualGDB/Debug/__BSP_ROOT__/STM32L4xxxx/StartupFiles/startup_stm32l475xx.o
                0x08003528                ADC3_IRQHandler
 .text.FMC_IRQHandler
                0x0800352e        0x6 VisualGDB/Debug/__BSP_ROOT__/STM32L4xxxx/StartupFiles/startup_stm32l475xx.o
                0x0800352e                FMC_IRQHandler
 .text.SDMMC1_IRQHandler
                0x08003534        0x6 VisualGDB/Debug/__BSP_ROOT__/STM32L4xxxx/StartupFiles/startup_stm32l475xx.o
                0x08003534                SDMMC1_IRQHandler
 .text.TIM5_IRQHandler
                0x0800353a        0x6 VisualGDB/Debug/__BSP_ROOT__/STM32L4xxxx/StartupFiles/startup_stm32l475xx.o
                0x0800353a                TIM5_IRQHandler
 .text.SPI3_IRQHandler
                0x08003540        0x6 VisualGDB/Debug/__BSP_ROOT__/STM32L4xxxx/StartupFiles/startup_stm32l475xx.o
                0x08003540                SPI3_IRQHandler
 .text.UART4_IRQHandler
                0x08003546        0x6 VisualGDB/Debug/__BSP_ROOT__/STM32L4xxxx/StartupFiles/startup_stm32l475xx.o
                0x08003546                UART4_IRQHandler
 .text.UART5_IRQHandler
                0x0800354c        0x6 VisualGDB/Debug/__BSP_ROOT__/STM32L4xxxx/StartupFiles/startup_stm32l475xx.o
                0x0800354c                UART5_IRQHandler
 .text.TIM6_DAC_IRQHandler
                0x08003552        0x6 VisualGDB/Debug/__BSP_ROOT__/STM32L4xxxx/StartupFiles/startup_stm32l475xx.o
                0x08003552                TIM6_DAC_IRQHandler
 .text.TIM7_IRQHandler
                0x08003558        0x6 VisualGDB/Debug/__BSP_ROOT__/STM32L4xxxx/StartupFiles/startup_stm32l475xx.o
                0x08003558                TIM7_IRQHandler
 .text.DMA2_Channel1_IRQHandler
                0x0800355e        0x6 VisualGDB/Debug/__BSP_ROOT__/STM32L4xxxx/StartupFiles/startup_stm32l475xx.o
                0x0800355e                DMA2_Channel1_IRQHandler
 .text.DMA2_Channel2_IRQHandler
                0x08003564        0x6 VisualGDB/Debug/__BSP_ROOT__/STM32L4xxxx/StartupFiles/startup_stm32l475xx.o
                0x08003564                DMA2_Channel2_IRQHandler
 .text.DMA2_Channel3_IRQHandler
                0x0800356a        0x6 VisualGDB/Debug/__BSP_ROOT__/STM32L4xxxx/StartupFiles/startup_stm32l475xx.o
                0x0800356a                DMA2_Channel3_IRQHandler
 .text.DMA2_Channel4_IRQHandler
                0x08003570        0x6 VisualGDB/Debug/__BSP_ROOT__/STM32L4xxxx/StartupFiles/startup_stm32l475xx.o
                0x08003570                DMA2_Channel4_IRQHandler
 .text.DMA2_Channel5_IRQHandler
                0x08003576        0x6 VisualGDB/Debug/__BSP_ROOT__/STM32L4xxxx/StartupFiles/startup_stm32l475xx.o
                0x08003576                DMA2_Channel5_IRQHandler
 .text.DFSDM1_FLT0_IRQHandler
                0x0800357c        0x6 VisualGDB/Debug/__BSP_ROOT__/STM32L4xxxx/StartupFiles/startup_stm32l475xx.o
                0x0800357c                DFSDM1_FLT0_IRQHandler
 .text.DFSDM1_FLT1_IRQHandler
                0x08003582        0x6 VisualGDB/Debug/__BSP_ROOT__/STM32L4xxxx/StartupFiles/startup_stm32l475xx.o
                0x08003582                DFSDM1_FLT1_IRQHandler
 .text.DFSDM1_FLT2_IRQHandler
                0x08003588        0x6 VisualGDB/Debug/__BSP_ROOT__/STM32L4xxxx/StartupFiles/startup_stm32l475xx.o
                0x08003588                DFSDM1_FLT2_IRQHandler
 .text.COMP_IRQHandler
                0x0800358e        0x6 VisualGDB/Debug/__BSP_ROOT__/STM32L4xxxx/StartupFiles/startup_stm32l475xx.o
                0x0800358e                COMP_IRQHandler
 .text.LPTIM1_IRQHandler
                0x08003594        0x6 VisualGDB/Debug/__BSP_ROOT__/STM32L4xxxx/StartupFiles/startup_stm32l475xx.o
                0x08003594                LPTIM1_IRQHandler
 .text.LPTIM2_IRQHandler
                0x0800359a        0x6 VisualGDB/Debug/__BSP_ROOT__/STM32L4xxxx/StartupFiles/startup_stm32l475xx.o
                0x0800359a                LPTIM2_IRQHandler
 .text.OTG_FS_IRQHandler
                0x080035a0        0x6 VisualGDB/Debug/__BSP_ROOT__/STM32L4xxxx/StartupFiles/startup_stm32l475xx.o
                0x080035a0                OTG_FS_IRQHandler
 .text.DMA2_Channel6_IRQHandler
                0x080035a6        0x6 VisualGDB/Debug/__BSP_ROOT__/STM32L4xxxx/StartupFiles/startup_stm32l475xx.o
                0x080035a6                DMA2_Channel6_IRQHandler
 .text.DMA2_Channel7_IRQHandler
                0x080035ac        0x6 VisualGDB/Debug/__BSP_ROOT__/STM32L4xxxx/StartupFiles/startup_stm32l475xx.o
                0x080035ac                DMA2_Channel7_IRQHandler
 .text.LPUART1_IRQHandler
                0x080035b2        0x6 VisualGDB/Debug/__BSP_ROOT__/STM32L4xxxx/StartupFiles/startup_stm32l475xx.o
                0x080035b2                LPUART1_IRQHandler
 .text.QUADSPI_IRQHandler
                0x080035b8        0x6 VisualGDB/Debug/__BSP_ROOT__/STM32L4xxxx/StartupFiles/startup_stm32l475xx.o
                0x080035b8                QUADSPI_IRQHandler
 .text.I2C3_EV_IRQHandler
                0x080035be        0x6 VisualGDB/Debug/__BSP_ROOT__/STM32L4xxxx/StartupFiles/startup_stm32l475xx.o
                0x080035be                I2C3_EV_IRQHandler
 .text.I2C3_ER_IRQHandler
                0x080035c4        0x6 VisualGDB/Debug/__BSP_ROOT__/STM32L4xxxx/StartupFiles/startup_stm32l475xx.o
                0x080035c4                I2C3_ER_IRQHandler
 .text.SAI1_IRQHandler
                0x080035ca        0x6 VisualGDB/Debug/__BSP_ROOT__/STM32L4xxxx/StartupFiles/startup_stm32l475xx.o
                0x080035ca                SAI1_IRQHandler
 .text.SAI2_IRQHandler
                0x080035d0        0x6 VisualGDB/Debug/__BSP_ROOT__/STM32L4xxxx/StartupFiles/startup_stm32l475xx.o
                0x080035d0                SAI2_IRQHandler
 .text.SWPMI1_IRQHandler
                0x080035d6        0x6 VisualGDB/Debug/__BSP_ROOT__/STM32L4xxxx/StartupFiles/startup_stm32l475xx.o
                0x080035d6                SWPMI1_IRQHandler
 .text.TSC_IRQHandler
                0x080035dc        0x6 VisualGDB/Debug/__BSP_ROOT__/STM32L4xxxx/StartupFiles/startup_stm32l475xx.o
                0x080035dc                TSC_IRQHandler
 .text.RNG_IRQHandler
                0x080035e2        0x6 VisualGDB/Debug/__BSP_ROOT__/STM32L4xxxx/StartupFiles/startup_stm32l475xx.o
                0x080035e2                RNG_IRQHandler
 .text.FPU_IRQHandler
                0x080035e8        0x6 VisualGDB/Debug/__BSP_ROOT__/STM32L4xxxx/StartupFiles/startup_stm32l475xx.o
                0x080035e8                FPU_IRQHandler
 *fill*         0x080035ee        0x2 
 .text.Reset_Handler
                0x080035f0       0x48 VisualGDB/Debug/__BSP_ROOT__/STM32L4xxxx/StartupFiles/startup_stm32l475xx.o
                0x080035f0                Reset_Handler
 .text.vListInitialise
                0x08003638       0x40 VisualGDB/Debug/__BSP_ROOT__/FreeRTOS/Source/list.o
                0x08003638                vListInitialise
 .text.vListInitialiseItem
                0x08003678       0x1a VisualGDB/Debug/__BSP_ROOT__/FreeRTOS/Source/list.o
                0x08003678                vListInitialiseItem
 .text.vListInsertEnd
                0x08003692       0x48 VisualGDB/Debug/__BSP_ROOT__/FreeRTOS/Source/list.o
                0x08003692                vListInsertEnd
 .text.vListInsert
                0x080036da       0x72 VisualGDB/Debug/__BSP_ROOT__/FreeRTOS/Source/list.o
                0x080036da                vListInsert
 .text.uxListRemove
                0x0800374c       0x54 VisualGDB/Debug/__BSP_ROOT__/FreeRTOS/Source/list.o
                0x0800374c                uxListRemove
 .text.xQueueGenericReset
                0x080037a0       0xd0 VisualGDB/Debug/__BSP_ROOT__/FreeRTOS/Source/queue.o
                0x080037a0                xQueueGenericReset
 .text.xQueueGenericCreate
                0x08003870       0x78 VisualGDB/Debug/__BSP_ROOT__/FreeRTOS/Source/queue.o
                0x08003870                xQueueGenericCreate
 .text.prvInitialiseNewQueue
                0x080038e8       0x46 VisualGDB/Debug/__BSP_ROOT__/FreeRTOS/Source/queue.o
 .text.prvInitialiseMutex
                0x0800392e       0x34 VisualGDB/Debug/__BSP_ROOT__/FreeRTOS/Source/queue.o
 .text.xQueueCreateMutex
                0x08003962       0x30 VisualGDB/Debug/__BSP_ROOT__/FreeRTOS/Source/queue.o
                0x08003962                xQueueCreateMutex
 *fill*         0x08003992        0x2 
 .text.xQueueGenericSend
                0x08003994      0x1fc VisualGDB/Debug/__BSP_ROOT__/FreeRTOS/Source/queue.o
                0x08003994                xQueueGenericSend
 .text.xQueueGenericSendFromISR
                0x08003b90      0x130 VisualGDB/Debug/__BSP_ROOT__/FreeRTOS/Source/queue.o
                0x08003b90                xQueueGenericSendFromISR
 .text.xQueueReceive
                0x08003cc0      0x1c0 VisualGDB/Debug/__BSP_ROOT__/FreeRTOS/Source/queue.o
                0x08003cc0                xQueueReceive
 .text.xQueueSemaphoreTake
                0x08003e80      0x218 VisualGDB/Debug/__BSP_ROOT__/FreeRTOS/Source/queue.o
                0x08003e80                xQueueSemaphoreTake
 .text.prvGetDisinheritPriorityAfterTimeout
                0x08004098       0x30 VisualGDB/Debug/__BSP_ROOT__/FreeRTOS/Source/queue.o
 .text.prvCopyDataToQueue
                0x080040c8       0xd4 VisualGDB/Debug/__BSP_ROOT__/FreeRTOS/Source/queue.o
 .text.prvCopyDataFromQueue
                0x0800419c       0x4c VisualGDB/Debug/__BSP_ROOT__/FreeRTOS/Source/queue.o
 .text.prvUnlockQueue
                0x080041e8       0xa4 VisualGDB/Debug/__BSP_ROOT__/FreeRTOS/Source/queue.o
 .text.prvIsQueueEmpty
                0x0800428c       0x2c VisualGDB/Debug/__BSP_ROOT__/FreeRTOS/Source/queue.o
 .text.prvIsQueueFull
                0x080042b8       0x30 VisualGDB/Debug/__BSP_ROOT__/FreeRTOS/Source/queue.o
 .text.vQueueAddToRegistry
                0x080042e8       0x54 VisualGDB/Debug/__BSP_ROOT__/FreeRTOS/Source/queue.o
                0x080042e8                vQueueAddToRegistry
 .text.vQueueWaitForMessageRestricted
                0x0800433c       0x68 VisualGDB/Debug/__BSP_ROOT__/FreeRTOS/Source/queue.o
                0x0800433c                vQueueWaitForMessageRestricted
 .text.xTaskCreate
                0x080043a4       0x82 VisualGDB/Debug/__BSP_ROOT__/FreeRTOS/Source/tasks.o
                0x080043a4                xTaskCreate
 .text.prvInitialiseNewTask
                0x08004426      0x11e VisualGDB/Debug/__BSP_ROOT__/FreeRTOS/Source/tasks.o
 .text.prvAddNewTaskToReadyList
                0x08004544       0xdc VisualGDB/Debug/__BSP_ROOT__/FreeRTOS/Source/tasks.o
 .text.vTaskDelay
                0x08004620       0x68 VisualGDB/Debug/__BSP_ROOT__/FreeRTOS/Source/tasks.o
                0x08004620                vTaskDelay
 .text.vTaskStartScheduler
                0x08004688       0x9c VisualGDB/Debug/__BSP_ROOT__/FreeRTOS/Source/tasks.o
                0x08004688                vTaskStartScheduler
 .text.vTaskSuspendAll
                0x08004724       0x1c VisualGDB/Debug/__BSP_ROOT__/FreeRTOS/Source/tasks.o
                0x08004724                vTaskSuspendAll
 .text.xTaskResumeAll
                0x08004740      0x138 VisualGDB/Debug/__BSP_ROOT__/FreeRTOS/Source/tasks.o
                0x08004740                xTaskResumeAll
 .text.xTaskGetTickCount
                0x08004878       0x20 VisualGDB/Debug/__BSP_ROOT__/FreeRTOS/Source/tasks.o
                0x08004878                xTaskGetTickCount
 .text.xTaskIncrementTick
                0x08004898      0x170 VisualGDB/Debug/__BSP_ROOT__/FreeRTOS/Source/tasks.o
                0x08004898                xTaskIncrementTick
 .text.vTaskSwitchContext
                0x08004a08       0xb8 VisualGDB/Debug/__BSP_ROOT__/FreeRTOS/Source/tasks.o
                0x08004a08                vTaskSwitchContext
 .text.vTaskPlaceOnEventList
                0x08004ac0       0x48 VisualGDB/Debug/__BSP_ROOT__/FreeRTOS/Source/tasks.o
                0x08004ac0                vTaskPlaceOnEventList
 .text.vTaskPlaceOnEventListRestricted
                0x08004b08       0x58 VisualGDB/Debug/__BSP_ROOT__/FreeRTOS/Source/tasks.o
                0x08004b08                vTaskPlaceOnEventListRestricted
 .text.xTaskRemoveFromEventList
                0x08004b60       0xc4 VisualGDB/Debug/__BSP_ROOT__/FreeRTOS/Source/tasks.o
                0x08004b60                xTaskRemoveFromEventList
 .text.vTaskInternalSetTimeOutState
                0x08004c24       0x2c VisualGDB/Debug/__BSP_ROOT__/FreeRTOS/Source/tasks.o
                0x08004c24                vTaskInternalSetTimeOutState
 .text.xTaskCheckForTimeOut
                0x08004c50       0xc4 VisualGDB/Debug/__BSP_ROOT__/FreeRTOS/Source/tasks.o
                0x08004c50                xTaskCheckForTimeOut
 .text.vTaskMissedYield
                0x08004d14       0x18 VisualGDB/Debug/__BSP_ROOT__/FreeRTOS/Source/tasks.o
                0x08004d14                vTaskMissedYield
 .text.prvIdleTask
                0x08004d2c       0x30 VisualGDB/Debug/__BSP_ROOT__/FreeRTOS/Source/tasks.o
 .text.prvInitialiseTaskLists
                0x08004d5c       0x80 VisualGDB/Debug/__BSP_ROOT__/FreeRTOS/Source/tasks.o
 .text.prvCheckTasksWaitingTermination
                0x08004ddc       0x5c VisualGDB/Debug/__BSP_ROOT__/FreeRTOS/Source/tasks.o
 .text.prvDeleteTCB
                0x08004e38       0x20 VisualGDB/Debug/__BSP_ROOT__/FreeRTOS/Source/tasks.o
 .text.prvResetNextTaskUnblockTime
                0x08004e58       0x40 VisualGDB/Debug/__BSP_ROOT__/FreeRTOS/Source/tasks.o
 .text.xTaskGetSchedulerState
                0x08004e98       0x3c VisualGDB/Debug/__BSP_ROOT__/FreeRTOS/Source/tasks.o
                0x08004e98                xTaskGetSchedulerState
 .text.xTaskPriorityInherit
                0x08004ed4      0x100 VisualGDB/Debug/__BSP_ROOT__/FreeRTOS/Source/tasks.o
                0x08004ed4                xTaskPriorityInherit
 .text.xTaskPriorityDisinherit
                0x08004fd4      0x10c VisualGDB/Debug/__BSP_ROOT__/FreeRTOS/Source/tasks.o
                0x08004fd4                xTaskPriorityDisinherit
 .text.vTaskPriorityDisinheritAfterTimeout
                0x080050e0      0x134 VisualGDB/Debug/__BSP_ROOT__/FreeRTOS/Source/tasks.o
                0x080050e0                vTaskPriorityDisinheritAfterTimeout
 .text.pvTaskIncrementMutexHeldCount
                0x08005214       0x28 VisualGDB/Debug/__BSP_ROOT__/FreeRTOS/Source/tasks.o
                0x08005214                pvTaskIncrementMutexHeldCount
 .text.prvAddCurrentTaskToDelayedList
                0x0800523c       0xcc VisualGDB/Debug/__BSP_ROOT__/FreeRTOS/Source/tasks.o
 .text.xTimerCreateTimerTask
                0x08005308       0x64 VisualGDB/Debug/__BSP_ROOT__/FreeRTOS/Source/timers.o
                0x08005308                xTimerCreateTimerTask
 .text.xTimerGenericCommand
                0x0800536c       0x9c VisualGDB/Debug/__BSP_ROOT__/FreeRTOS/Source/timers.o
                0x0800536c                xTimerGenericCommand
 .text.prvProcessExpiredTimer
                0x08005408       0x98 VisualGDB/Debug/__BSP_ROOT__/FreeRTOS/Source/timers.o
 .text.prvTimerTask
                0x080054a0       0x24 VisualGDB/Debug/__BSP_ROOT__/FreeRTOS/Source/timers.o
 .text.prvProcessTimerOrBlockTask
                0x080054c4       0x9c VisualGDB/Debug/__BSP_ROOT__/FreeRTOS/Source/timers.o
 .text.prvGetNextExpireTime
                0x08005560       0x48 VisualGDB/Debug/__BSP_ROOT__/FreeRTOS/Source/timers.o
 .text.prvSampleTimeNow
                0x080055a8       0x40 VisualGDB/Debug/__BSP_ROOT__/FreeRTOS/Source/timers.o
 .text.prvInsertTimerInActiveList
                0x080055e8       0x84 VisualGDB/Debug/__BSP_ROOT__/FreeRTOS/Source/timers.o
 .text.prvProcessReceivedCommands
                0x0800566c      0x18c VisualGDB/Debug/__BSP_ROOT__/FreeRTOS/Source/timers.o
 .text.prvSwitchTimerLists
                0x080057f8       0xc8 VisualGDB/Debug/__BSP_ROOT__/FreeRTOS/Source/timers.o
 .text.prvCheckForValidListAndQueue
                0x080058c0       0x6c VisualGDB/Debug/__BSP_ROOT__/FreeRTOS/Source/timers.o
 .text.makeFreeRtosPriority
                0x0800592c       0x30 VisualGDB/Debug/__BSP_ROOT__/FreeRTOS/Source/CMSIS_RTOS/cmsis_os.o
 .text.osKernelStart
                0x0800595c        0xe VisualGDB/Debug/__BSP_ROOT__/FreeRTOS/Source/CMSIS_RTOS/cmsis_os.o
                0x0800595c                osKernelStart
 .text.osThreadCreate
                0x0800596a       0x4e VisualGDB/Debug/__BSP_ROOT__/FreeRTOS/Source/CMSIS_RTOS/cmsis_os.o
                0x0800596a                osThreadCreate
 .text.osDelay  0x080059b8       0x28 VisualGDB/Debug/__BSP_ROOT__/FreeRTOS/Source/CMSIS_RTOS/cmsis_os.o
                0x080059b8                osDelay
 .text.osSystickHandler
                0x080059e0       0x16 VisualGDB/Debug/__BSP_ROOT__/FreeRTOS/Source/CMSIS_RTOS/cmsis_os.o
                0x080059e0                osSystickHandler
 *fill*         0x080059f6        0x2 
 .text.pxPortInitialiseStack
                0x080059f8       0x5c VisualGDB/Debug/__BSP_ROOT__/FreeRTOS/Source/portable/GCC/ARM_CM3/port.o
                0x080059f8                pxPortInitialiseStack
 .text.prvTaskExitError
                0x08005a54       0x58 VisualGDB/Debug/__BSP_ROOT__/FreeRTOS/Source/portable/GCC/ARM_CM3/port.o
 *fill*         0x08005aac        0x4 
 .text.SVC_Handler
                0x08005ab0       0x28 VisualGDB/Debug/__BSP_ROOT__/FreeRTOS/Source/portable/GCC/ARM_CM3/port.o
                0x08005ab0                SVC_Handler
 .text.prvPortStartFirstTask
                0x08005ad8       0x20 VisualGDB/Debug/__BSP_ROOT__/FreeRTOS/Source/portable/GCC/ARM_CM3/port.o
 .text.xPortStartScheduler
                0x08005af8       0xe4 VisualGDB/Debug/__BSP_ROOT__/FreeRTOS/Source/portable/GCC/ARM_CM3/port.o
                0x08005af8                xPortStartScheduler
 .text.vPortEnterCritical
                0x08005bdc       0x60 VisualGDB/Debug/__BSP_ROOT__/FreeRTOS/Source/portable/GCC/ARM_CM3/port.o
                0x08005bdc                vPortEnterCritical
 .text.vPortExitCritical
                0x08005c3c       0x54 VisualGDB/Debug/__BSP_ROOT__/FreeRTOS/Source/portable/GCC/ARM_CM3/port.o
                0x08005c3c                vPortExitCritical
 .text.PendSV_Handler
                0x08005c90       0x48 VisualGDB/Debug/__BSP_ROOT__/FreeRTOS/Source/portable/GCC/ARM_CM3/port.o
                0x08005c90                PendSV_Handler
 .text.xPortSysTickHandler
                0x08005cd8       0x44 VisualGDB/Debug/__BSP_ROOT__/FreeRTOS/Source/portable/GCC/ARM_CM3/port.o
                0x08005cd8                xPortSysTickHandler
 .text.vPortSetupTimerInterrupt
                0x08005d1c       0x48 VisualGDB/Debug/__BSP_ROOT__/FreeRTOS/Source/portable/GCC/ARM_CM3/port.o
                0x08005d1c                vPortSetupTimerInterrupt
 .text.vPortValidateInterruptPriority
                0x08005d64       0x80 VisualGDB/Debug/__BSP_ROOT__/FreeRTOS/Source/portable/GCC/ARM_CM3/port.o
                0x08005d64                vPortValidateInterruptPriority
 .text.pvPortMalloc
                0x08005de4      0x188 VisualGDB/Debug/__BSP_ROOT__/FreeRTOS/Source/portable/MemMang/heap_4.o
                0x08005de4                pvPortMalloc
 .text.vPortFree
                0x08005f6c       0xb4 VisualGDB/Debug/__BSP_ROOT__/FreeRTOS/Source/portable/MemMang/heap_4.o
                0x08005f6c                vPortFree
 .text.xPortGetFreeHeapSize
                0x08006020       0x18 VisualGDB/Debug/__BSP_ROOT__/FreeRTOS/Source/portable/MemMang/heap_4.o
                0x08006020                xPortGetFreeHeapSize
 .text.prvHeapInit
                0x08006038       0xc4 VisualGDB/Debug/__BSP_ROOT__/FreeRTOS/Source/portable/MemMang/heap_4.o
 .text.prvInsertBlockIntoFreeList
                0x080060fc       0xb4 VisualGDB/Debug/__BSP_ROOT__/FreeRTOS/Source/portable/MemMang/heap_4.o
 .text.HAL_Init
                0x080061b0       0x30 VisualGDB/Debug/__BSP_ROOT__/STM32L4xxxx/STM32L4xx_HAL_Driver/Src/stm32l4xx_hal.o
                0x080061b0                HAL_Init
 .text.HAL_InitTick
                0x080061e0       0x78 VisualGDB/Debug/__BSP_ROOT__/STM32L4xxxx/STM32L4xx_HAL_Driver/Src/stm32l4xx_hal.o
                0x080061e0                HAL_InitTick
 .text.HAL_IncTick
                0x08006258       0x28 VisualGDB/Debug/__BSP_ROOT__/STM32L4xxxx/STM32L4xx_HAL_Driver/Src/stm32l4xx_hal.o
                0x08006258                HAL_IncTick
 .text.HAL_GetTick
                0x08006280       0x18 VisualGDB/Debug/__BSP_ROOT__/STM32L4xxxx/STM32L4xx_HAL_Driver/Src/stm32l4xx_hal.o
                0x08006280                HAL_GetTick
 .text.HAL_Delay
                0x08006298       0x48 VisualGDB/Debug/__BSP_ROOT__/STM32L4xxxx/STM32L4xx_HAL_Driver/Src/stm32l4xx_hal.o
                0x08006298                HAL_Delay
 .text.__NVIC_SetPriorityGrouping
                0x080062e0       0x48 VisualGDB/Debug/__BSP_ROOT__/STM32L4xxxx/STM32L4xx_HAL_Driver/Src/stm32l4xx_hal_cortex.o
 .text.__NVIC_GetPriorityGrouping
                0x08006328       0x1c VisualGDB/Debug/__BSP_ROOT__/STM32L4xxxx/STM32L4xx_HAL_Driver/Src/stm32l4xx_hal_cortex.o
 .text.__NVIC_EnableIRQ
                0x08006344       0x3c VisualGDB/Debug/__BSP_ROOT__/STM32L4xxxx/STM32L4xx_HAL_Driver/Src/stm32l4xx_hal_cortex.o
 .text.__NVIC_SetPriority
                0x08006380       0x54 VisualGDB/Debug/__BSP_ROOT__/STM32L4xxxx/STM32L4xx_HAL_Driver/Src/stm32l4xx_hal_cortex.o
 .text.NVIC_EncodePriority
                0x080063d4       0x66 VisualGDB/Debug/__BSP_ROOT__/STM32L4xxxx/STM32L4xx_HAL_Driver/Src/stm32l4xx_hal_cortex.o
 *fill*         0x0800643a        0x2 
 .text.SysTick_Config
                0x0800643c       0x44 VisualGDB/Debug/__BSP_ROOT__/STM32L4xxxx/STM32L4xx_HAL_Driver/Src/stm32l4xx_hal_cortex.o
 .text.HAL_NVIC_SetPriorityGrouping
                0x08006480       0x16 VisualGDB/Debug/__BSP_ROOT__/STM32L4xxxx/STM32L4xx_HAL_Driver/Src/stm32l4xx_hal_cortex.o
                0x08006480                HAL_NVIC_SetPriorityGrouping
 .text.HAL_NVIC_SetPriority
                0x08006496       0x38 VisualGDB/Debug/__BSP_ROOT__/STM32L4xxxx/STM32L4xx_HAL_Driver/Src/stm32l4xx_hal_cortex.o
                0x08006496                HAL_NVIC_SetPriority
 .text.HAL_NVIC_EnableIRQ
                0x080064ce       0x1c VisualGDB/Debug/__BSP_ROOT__/STM32L4xxxx/STM32L4xx_HAL_Driver/Src/stm32l4xx_hal_cortex.o
                0x080064ce                HAL_NVIC_EnableIRQ
 .text.HAL_SYSTICK_Config
                0x080064ea       0x18 VisualGDB/Debug/__BSP_ROOT__/STM32L4xxxx/STM32L4xx_HAL_Driver/Src/stm32l4xx_hal_cortex.o
                0x080064ea                HAL_SYSTICK_Config
 .text.HAL_SYSTICK_IRQHandler
                0x08006502        0xc VisualGDB/Debug/__BSP_ROOT__/STM32L4xxxx/STM32L4xx_HAL_Driver/Src/stm32l4xx_hal_cortex.o
                0x08006502                HAL_SYSTICK_IRQHandler
 .text.HAL_SYSTICK_Callback
                0x0800650e        0xe VisualGDB/Debug/__BSP_ROOT__/STM32L4xxxx/STM32L4xx_HAL_Driver/Src/stm32l4xx_hal_cortex.o
                0x0800650e                HAL_SYSTICK_Callback
 .text.HAL_GPIO_Init
                0x0800651c      0x354 VisualGDB/Debug/__BSP_ROOT__/STM32L4xxxx/STM32L4xx_HAL_Driver/Src/stm32l4xx_hal_gpio.o
                0x0800651c                HAL_GPIO_Init
 .text.HAL_GPIO_ReadPin
                0x08006870       0x30 VisualGDB/Debug/__BSP_ROOT__/STM32L4xxxx/STM32L4xx_HAL_Driver/Src/stm32l4xx_hal_gpio.o
                0x08006870                HAL_GPIO_ReadPin
 .text.HAL_GPIO_WritePin
                0x080068a0       0x30 VisualGDB/Debug/__BSP_ROOT__/STM32L4xxxx/STM32L4xx_HAL_Driver/Src/stm32l4xx_hal_gpio.o
                0x080068a0                HAL_GPIO_WritePin
 .text.HAL_GPIO_TogglePin
                0x080068d0       0x34 VisualGDB/Debug/__BSP_ROOT__/STM32L4xxxx/STM32L4xx_HAL_Driver/Src/stm32l4xx_hal_gpio.o
                0x080068d0                HAL_GPIO_TogglePin
 .text.HAL_GPIO_EXTI_IRQHandler
                0x08006904       0x30 VisualGDB/Debug/__BSP_ROOT__/STM32L4xxxx/STM32L4xx_HAL_Driver/Src/stm32l4xx_hal_gpio.o
                0x08006904                HAL_GPIO_EXTI_IRQHandler
 .text.HAL_I2C_Init
                0x08006934      0x11e VisualGDB/Debug/__BSP_ROOT__/STM32L4xxxx/STM32L4xx_HAL_Driver/Src/stm32l4xx_hal_i2c.o
                0x08006934                HAL_I2C_Init
 .text.HAL_I2C_MspInit
                0x08006a52       0x14 VisualGDB/Debug/__BSP_ROOT__/STM32L4xxxx/STM32L4xx_HAL_Driver/Src/stm32l4xx_hal_i2c.o
                0x08006a52                HAL_I2C_MspInit
 *fill*         0x08006a66        0x2 
 .text.HAL_I2C_Mem_Write
                0x08006a68      0x228 VisualGDB/Debug/__BSP_ROOT__/STM32L4xxxx/STM32L4xx_HAL_Driver/Src/stm32l4xx_hal_i2c.o
                0x08006a68                HAL_I2C_Mem_Write
 .text.I2C_RequestMemoryWrite
                0x08006c90       0xa8 VisualGDB/Debug/__BSP_ROOT__/STM32L4xxxx/STM32L4xx_HAL_Driver/Src/stm32l4xx_hal_i2c.o
 .text.I2C_Flush_TXDR
                0x08006d38       0x48 VisualGDB/Debug/__BSP_ROOT__/STM32L4xxxx/STM32L4xx_HAL_Driver/Src/stm32l4xx_hal_i2c.o
 .text.I2C_WaitOnFlagUntilTimeout
                0x08006d80       0x80 VisualGDB/Debug/__BSP_ROOT__/STM32L4xxxx/STM32L4xx_HAL_Driver/Src/stm32l4xx_hal_i2c.o
 .text.I2C_WaitOnTXISFlagUntilTimeout
                0x08006e00       0x80 VisualGDB/Debug/__BSP_ROOT__/STM32L4xxxx/STM32L4xx_HAL_Driver/Src/stm32l4xx_hal_i2c.o
 .text.I2C_WaitOnSTOPFlagUntilTimeout
                0x08006e80       0x78 VisualGDB/Debug/__BSP_ROOT__/STM32L4xxxx/STM32L4xx_HAL_Driver/Src/stm32l4xx_hal_i2c.o
 .text.I2C_IsAcknowledgeFailed
                0x08006ef8       0xcc VisualGDB/Debug/__BSP_ROOT__/STM32L4xxxx/STM32L4xx_HAL_Driver/Src/stm32l4xx_hal_i2c.o
 .text.I2C_TransferConfig
                0x08006fc4       0x5c VisualGDB/Debug/__BSP_ROOT__/STM32L4xxxx/STM32L4xx_HAL_Driver/Src/stm32l4xx_hal_i2c.o
 .text.HAL_PWREx_GetVoltageRange
                0x08007020       0x1c VisualGDB/Debug/__BSP_ROOT__/STM32L4xxxx/STM32L4xx_HAL_Driver/Src/stm32l4xx_hal_pwr_ex.o
                0x08007020                HAL_PWREx_GetVoltageRange
 .text.HAL_PWREx_ControlVoltageScaling
                0x0800703c       0xac VisualGDB/Debug/__BSP_ROOT__/STM32L4xxxx/STM32L4xx_HAL_Driver/Src/stm32l4xx_hal_pwr_ex.o
                0x0800703c                HAL_PWREx_ControlVoltageScaling
 .text.HAL_RCC_OscConfig
                0x080070e8      0x7d0 VisualGDB/Debug/__BSP_ROOT__/STM32L4xxxx/STM32L4xx_HAL_Driver/Src/stm32l4xx_hal_rcc.o
                0x080070e8                HAL_RCC_OscConfig
 .text.HAL_RCC_ClockConfig
                0x080078b8      0x1c4 VisualGDB/Debug/__BSP_ROOT__/STM32L4xxxx/STM32L4xx_HAL_Driver/Src/stm32l4xx_hal_rcc.o
                0x080078b8                HAL_RCC_ClockConfig
 .text.HAL_RCC_MCOConfig
                0x08007a7c       0x68 VisualGDB/Debug/__BSP_ROOT__/STM32L4xxxx/STM32L4xx_HAL_Driver/Src/stm32l4xx_hal_rcc.o
                0x08007a7c                HAL_RCC_MCOConfig
 .text.HAL_RCC_GetSysClockFreq
                0x08007ae4      0x118 VisualGDB/Debug/__BSP_ROOT__/STM32L4xxxx/STM32L4xx_HAL_Driver/Src/stm32l4xx_hal_rcc.o
                0x08007ae4                HAL_RCC_GetSysClockFreq
 .text.HAL_RCC_GetHCLKFreq
                0x08007bfc       0x18 VisualGDB/Debug/__BSP_ROOT__/STM32L4xxxx/STM32L4xx_HAL_Driver/Src/stm32l4xx_hal_rcc.o
                0x08007bfc                HAL_RCC_GetHCLKFreq
 .text.HAL_RCC_GetPCLK1Freq
                0x08007c14       0x2c VisualGDB/Debug/__BSP_ROOT__/STM32L4xxxx/STM32L4xx_HAL_Driver/Src/stm32l4xx_hal_rcc.o
                0x08007c14                HAL_RCC_GetPCLK1Freq
 .text.HAL_RCC_GetPCLK2Freq
                0x08007c40       0x2c VisualGDB/Debug/__BSP_ROOT__/STM32L4xxxx/STM32L4xx_HAL_Driver/Src/stm32l4xx_hal_rcc.o
                0x08007c40                HAL_RCC_GetPCLK2Freq
 .text.RCC_SetFlashLatencyFromMSIRange
                0x08007c6c       0xc0 VisualGDB/Debug/__BSP_ROOT__/STM32L4xxxx/STM32L4xx_HAL_Driver/Src/stm32l4xx_hal_rcc.o
 .text.HAL_TIM_Base_Init
                0x08007d2c       0xae VisualGDB/Debug/__BSP_ROOT__/STM32L4xxxx/STM32L4xx_HAL_Driver/Src/stm32l4xx_hal_tim.o
                0x08007d2c                HAL_TIM_Base_Init
 *fill*         0x08007dda        0x2 
 .text.HAL_TIM_Base_Start_IT
                0x08007ddc       0xe0 VisualGDB/Debug/__BSP_ROOT__/STM32L4xxxx/STM32L4xx_HAL_Driver/Src/stm32l4xx_hal_tim.o
                0x08007ddc                HAL_TIM_Base_Start_IT
 .text.HAL_TIM_PWM_Init
                0x08007ebc       0xae VisualGDB/Debug/__BSP_ROOT__/STM32L4xxxx/STM32L4xx_HAL_Driver/Src/stm32l4xx_hal_tim.o
                0x08007ebc                HAL_TIM_PWM_Init
 .text.HAL_TIM_PWM_MspInit
                0x08007f6a       0x14 VisualGDB/Debug/__BSP_ROOT__/STM32L4xxxx/STM32L4xx_HAL_Driver/Src/stm32l4xx_hal_tim.o
                0x08007f6a                HAL_TIM_PWM_MspInit
 *fill*         0x08007f7e        0x2 
 .text.HAL_TIM_PWM_ConfigChannel
                0x08007f80      0x220 VisualGDB/Debug/__BSP_ROOT__/STM32L4xxxx/STM32L4xx_HAL_Driver/Src/stm32l4xx_hal_tim.o
                0x08007f80                HAL_TIM_PWM_ConfigChannel
 .text.HAL_TIM_ConfigClockSource
                0x080081a0      0x18c VisualGDB/Debug/__BSP_ROOT__/STM32L4xxxx/STM32L4xx_HAL_Driver/Src/stm32l4xx_hal_tim.o
                0x080081a0                HAL_TIM_ConfigClockSource
 .text.TIM_Base_SetConfig
                0x0800832c      0x134 VisualGDB/Debug/__BSP_ROOT__/STM32L4xxxx/STM32L4xx_HAL_Driver/Src/stm32l4xx_hal_tim.o
                0x0800832c                TIM_Base_SetConfig
 .text.TIM_OC1_SetConfig
                0x08008460      0x120 VisualGDB/Debug/__BSP_ROOT__/STM32L4xxxx/STM32L4xx_HAL_Driver/Src/stm32l4xx_hal_tim.o
 .text.TIM_OC2_SetConfig
                0x08008580      0x114 VisualGDB/Debug/__BSP_ROOT__/STM32L4xxxx/STM32L4xx_HAL_Driver/Src/stm32l4xx_hal_tim.o
                0x08008580                TIM_OC2_SetConfig
 .text.TIM_OC3_SetConfig
                0x08008694      0x110 VisualGDB/Debug/__BSP_ROOT__/STM32L4xxxx/STM32L4xx_HAL_Driver/Src/stm32l4xx_hal_tim.o
 .text.TIM_OC4_SetConfig
                0x080087a4       0xd4 VisualGDB/Debug/__BSP_ROOT__/STM32L4xxxx/STM32L4xx_HAL_Driver/Src/stm32l4xx_hal_tim.o
 .text.TIM_OC5_SetConfig
                0x08008878       0xc8 VisualGDB/Debug/__BSP_ROOT__/STM32L4xxxx/STM32L4xx_HAL_Driver/Src/stm32l4xx_hal_tim.o
 .text.TIM_OC6_SetConfig
                0x08008940       0xcc VisualGDB/Debug/__BSP_ROOT__/STM32L4xxxx/STM32L4xx_HAL_Driver/Src/stm32l4xx_hal_tim.o
 .text.TIM_TI1_ConfigInputStage
                0x08008a0c       0x5e VisualGDB/Debug/__BSP_ROOT__/STM32L4xxxx/STM32L4xx_HAL_Driver/Src/stm32l4xx_hal_tim.o
 .text.TIM_TI2_ConfigInputStage
                0x08008a6a       0x60 VisualGDB/Debug/__BSP_ROOT__/STM32L4xxxx/STM32L4xx_HAL_Driver/Src/stm32l4xx_hal_tim.o
 .text.TIM_ITRx_SetConfig
                0x08008aca       0x36 VisualGDB/Debug/__BSP_ROOT__/STM32L4xxxx/STM32L4xx_HAL_Driver/Src/stm32l4xx_hal_tim.o
 .text.TIM_ETR_SetConfig
                0x08008b00       0x40 VisualGDB/Debug/__BSP_ROOT__/STM32L4xxxx/STM32L4xx_HAL_Driver/Src/stm32l4xx_hal_tim.o
                0x08008b00                TIM_ETR_SetConfig
 .text.HAL_TIMEx_MasterConfigSynchronization
                0x08008b40      0x110 VisualGDB/Debug/__BSP_ROOT__/STM32L4xxxx/STM32L4xx_HAL_Driver/Src/stm32l4xx_hal_tim_ex.o
                0x08008b40                HAL_TIMEx_MasterConfigSynchronization
 .text.HAL_UART_Init
                0x08008c50       0x9c VisualGDB/Debug/__BSP_ROOT__/STM32L4xxxx/STM32L4xx_HAL_Driver/Src/stm32l4xx_hal_uart.o
                0x08008c50                HAL_UART_Init
 .text.HAL_UART_MspInit
                0x08008cec       0x14 VisualGDB/Debug/__BSP_ROOT__/STM32L4xxxx/STM32L4xx_HAL_Driver/Src/stm32l4xx_hal_uart.o
                0x08008cec                HAL_UART_MspInit
 .text.HAL_UART_Transmit
                0x08008d00      0x126 VisualGDB/Debug/__BSP_ROOT__/STM32L4xxxx/STM32L4xx_HAL_Driver/Src/stm32l4xx_hal_uart.o
                0x08008d00                HAL_UART_Transmit
 .text.HAL_UART_Receive
                0x08008e26      0x19a VisualGDB/Debug/__BSP_ROOT__/STM32L4xxxx/STM32L4xx_HAL_Driver/Src/stm32l4xx_hal_uart.o
                0x08008e26                HAL_UART_Receive
 .text.UART_SetConfig
                0x08008fc0      0x574 VisualGDB/Debug/__BSP_ROOT__/STM32L4xxxx/STM32L4xx_HAL_Driver/Src/stm32l4xx_hal_uart.o
                0x08008fc0                UART_SetConfig
 .text.UART_AdvFeatureConfig
                0x08009534      0x144 VisualGDB/Debug/__BSP_ROOT__/STM32L4xxxx/STM32L4xx_HAL_Driver/Src/stm32l4xx_hal_uart.o
                0x08009534                UART_AdvFeatureConfig
 .text.UART_CheckIdleState
                0x08009678       0x8a VisualGDB/Debug/__BSP_ROOT__/STM32L4xxxx/STM32L4xx_HAL_Driver/Src/stm32l4xx_hal_uart.o
                0x08009678                UART_CheckIdleState
 .text.UART_WaitOnFlagUntilTimeout
                0x08009702       0xf6 VisualGDB/Debug/__BSP_ROOT__/STM32L4xxxx/STM32L4xx_HAL_Driver/Src/stm32l4xx_hal_uart.o
                0x08009702                UART_WaitOnFlagUntilTimeout
 .text.__aeabi_atexit
                0x080097f8        0xa c:/sysgcc/arm-eabi/bin/../lib/gcc/arm-none-eabi/10.3.1/../../../../arm-none-eabi/lib/thumb/v7e-m+fp/hard\libstdc++_nano.a(atexit_arm.o)
                0x080097f8                __aeabi_atexit
 .text._ZdlPvj  0x08009802        0x4 c:/sysgcc/arm-eabi/bin/../lib/gcc/arm-none-eabi/10.3.1/../../../../arm-none-eabi/lib/thumb/v7e-m+fp/hard\libstdc++_nano.a(del_ops.o)
                0x08009802                operator delete(void*, unsigned int)
 .text._ZdlPv   0x08009806        0x4 c:/sysgcc/arm-eabi/bin/../lib/gcc/arm-none-eabi/10.3.1/../../../../arm-none-eabi/lib/thumb/v7e-m+fp/hard\libstdc++_nano.a(del_op.o)
                0x08009806                operator delete(void*)
 *fill*         0x0800980a        0x6 
 .text.cos      0x08009810       0x90 c:/sysgcc/arm-eabi/bin/../lib/gcc/arm-none-eabi/10.3.1/../../../../arm-none-eabi/lib/thumb/v7e-m+fp/hard\libm.a(lib_a-s_cos.o)
                0x08009810                cos
 .text.sin      0x080098a0       0x90 c:/sysgcc/arm-eabi/bin/../lib/gcc/arm-none-eabi/10.3.1/../../../../arm-none-eabi/lib/thumb/v7e-m+fp/hard\libm.a(lib_a-s_sin.o)
                0x080098a0                sin
 .text.__ieee754_rem_pio2
                0x08009930      0x44c c:/sysgcc/arm-eabi/bin/../lib/gcc/arm-none-eabi/10.3.1/../../../../arm-none-eabi/lib/thumb/v7e-m+fp/hard\libm.a(lib_a-e_rem_pio2.o)
                0x08009930                __ieee754_rem_pio2
 *fill*         0x08009d7c        0x4 
 .text.__kernel_cos
                0x08009d80      0x27c c:/sysgcc/arm-eabi/bin/../lib/gcc/arm-none-eabi/10.3.1/../../../../arm-none-eabi/lib/thumb/v7e-m+fp/hard\libm.a(lib_a-k_cos.o)
                0x08009d80                __kernel_cos
 *fill*         0x08009ffc        0x4 
 .text.__kernel_rem_pio2
                0x0800a000      0x850 c:/sysgcc/arm-eabi/bin/../lib/gcc/arm-none-eabi/10.3.1/../../../../arm-none-eabi/lib/thumb/v7e-m+fp/hard\libm.a(lib_a-k_rem_pio2.o)
                0x0800a000                __kernel_rem_pio2
 .text.__kernel_sin
                0x0800a850      0x17c c:/sysgcc/arm-eabi/bin/../lib/gcc/arm-none-eabi/10.3.1/../../../../arm-none-eabi/lib/thumb/v7e-m+fp/hard\libm.a(lib_a-k_sin.o)
                0x0800a850                __kernel_sin
 .text.fabs     0x0800a9cc       0x14 c:/sysgcc/arm-eabi/bin/../lib/gcc/arm-none-eabi/10.3.1/../../../../arm-none-eabi/lib/thumb/v7e-m+fp/hard\libm.a(lib_a-s_fabs.o)
                0x0800a9cc                fabs
 .text.floor    0x0800a9e0      0x108 c:/sysgcc/arm-eabi/bin/../lib/gcc/arm-none-eabi/10.3.1/../../../../arm-none-eabi/lib/thumb/v7e-m+fp/hard\libm.a(lib_a-s_floor.o)
                0x0800a9e0                floor
 .text.scalbn   0x0800aae8      0x124 c:/sysgcc/arm-eabi/bin/../lib/gcc/arm-none-eabi/10.3.1/../../../../arm-none-eabi/lib/thumb/v7e-m+fp/hard\libm.a(lib_a-s_scalbn.o)
                0x0800aae8                scalbn
 .text.__cxa_atexit
                0x0800ac0c       0x1c c:/sysgcc/arm-eabi/bin/../lib/gcc/arm-none-eabi/10.3.1/../../../../arm-none-eabi/lib/thumb/v7e-m+fp/hard\libc_nano.a(lib_a-cxa_atexit.o)
                0x0800ac0c                __cxa_atexit
 .text.__libc_init_array
                0x0800ac28       0x48 c:/sysgcc/arm-eabi/bin/../lib/gcc/arm-none-eabi/10.3.1/../../../../arm-none-eabi/lib/thumb/v7e-m+fp/hard\libc_nano.a(lib_a-init.o)
                0x0800ac28                __libc_init_array
 .text.malloc   0x0800ac70       0x10 c:/sysgcc/arm-eabi/bin/../lib/gcc/arm-none-eabi/10.3.1/../../../../arm-none-eabi/lib/thumb/v7e-m+fp/hard\libc_nano.a(lib_a-malloc.o)
                0x0800ac70                malloc
 .text.free     0x0800ac80       0x10 c:/sysgcc/arm-eabi/bin/../lib/gcc/arm-none-eabi/10.3.1/../../../../arm-none-eabi/lib/thumb/v7e-m+fp/hard\libc_nano.a(lib_a-malloc.o)
                0x0800ac80                free
 .text.memcpy   0x0800ac90       0x1c c:/sysgcc/arm-eabi/bin/../lib/gcc/arm-none-eabi/10.3.1/../../../../arm-none-eabi/lib/thumb/v7e-m+fp/hard\libc_nano.a(lib_a-memcpy-stub.o)
                0x0800ac90                memcpy
 .text.memmove  0x0800acac       0x34 c:/sysgcc/arm-eabi/bin/../lib/gcc/arm-none-eabi/10.3.1/../../../../arm-none-eabi/lib/thumb/v7e-m+fp/hard\libc_nano.a(lib_a-memmove.o)
                0x0800acac                memmove
 .text.memset   0x0800ace0       0x10 c:/sysgcc/arm-eabi/bin/../lib/gcc/arm-none-eabi/10.3.1/../../../../arm-none-eabi/lib/thumb/v7e-m+fp/hard\libc_nano.a(lib_a-memset.o)
                0x0800ace0                memset
 .text._free_r  0x0800acf0       0x98 c:/sysgcc/arm-eabi/bin/../lib/gcc/arm-none-eabi/10.3.1/../../../../arm-none-eabi/lib/thumb/v7e-m+fp/hard\libc_nano.a(lib_a-nano-freer.o)
                0x0800acf0                _free_r
 .text.sbrk_aligned
                0x0800ad88       0x40 c:/sysgcc/arm-eabi/bin/../lib/gcc/arm-none-eabi/10.3.1/../../../../arm-none-eabi/lib/thumb/v7e-m+fp/hard\libc_nano.a(lib_a-nano-mallocr.o)
 .text._malloc_r
                0x0800adc8       0xe8 c:/sysgcc/arm-eabi/bin/../lib/gcc/arm-none-eabi/10.3.1/../../../../arm-none-eabi/lib/thumb/v7e-m+fp/hard\libc_nano.a(lib_a-nano-mallocr.o)
                0x0800adc8                _malloc_r
 .text._sbrk_r  0x0800aeb0       0x20 c:/sysgcc/arm-eabi/bin/../lib/gcc/arm-none-eabi/10.3.1/../../../../arm-none-eabi/lib/thumb/v7e-m+fp/hard\libc_nano.a(lib_a-sbrkr.o)
                0x0800aeb0                _sbrk_r
 .text.snprintf
                0x0800aed0       0x68 c:/sysgcc/arm-eabi/bin/../lib/gcc/arm-none-eabi/10.3.1/../../../../arm-none-eabi/lib/thumb/v7e-m+fp/hard\libc_nano.a(lib_a-snprintf.o)
                0x0800aed0                sniprintf
                0x0800aed0                snprintf
 .text.__malloc_lock
                0x0800af38        0xc c:/sysgcc/arm-eabi/bin/../lib/gcc/arm-none-eabi/10.3.1/../../../../arm-none-eabi/lib/thumb/v7e-m+fp/hard\libc_nano.a(lib_a-mlock.o)
                0x0800af38                __malloc_lock
 .text.__malloc_unlock
                0x0800af44        0xc c:/sysgcc/arm-eabi/bin/../lib/gcc/arm-none-eabi/10.3.1/../../../../arm-none-eabi/lib/thumb/v7e-m+fp/hard\libc_nano.a(lib_a-mlock.o)
                0x0800af44                __malloc_unlock
 .text.__ssputs_r
                0x0800af50       0xb6 c:/sysgcc/arm-eabi/bin/../lib/gcc/arm-none-eabi/10.3.1/../../../../arm-none-eabi/lib/thumb/v7e-m+fp/hard\libc_nano.a(lib_a-nano-svfprintf.o)
                0x0800af50                __ssputs_r
 *fill*         0x0800b006        0x2 
 .text._svfprintf_r
                0x0800b008      0x200 c:/sysgcc/arm-eabi/bin/../lib/gcc/arm-none-eabi/10.3.1/../../../../arm-none-eabi/lib/thumb/v7e-m+fp/hard\libc_nano.a(lib_a-nano-svfprintf.o)
                0x0800b008                _svfiprintf_r
                0x0800b008                _svfprintf_r
 .text._printf_common
                0x0800b208       0xda c:/sysgcc/arm-eabi/bin/../lib/gcc/arm-none-eabi/10.3.1/../../../../arm-none-eabi/lib/thumb/v7e-m+fp/hard\libc_nano.a(lib_a-nano-vfprintf_i.o)
                0x0800b208                _printf_common
 *fill*         0x0800b2e2        0x2 
 .text._printf_i
                0x0800b2e4      0x24c c:/sysgcc/arm-eabi/bin/../lib/gcc/arm-none-eabi/10.3.1/../../../../arm-none-eabi/lib/thumb/v7e-m+fp/hard\libc_nano.a(lib_a-nano-vfprintf_i.o)
                0x0800b2e4                _printf_i
 .text.__retarget_lock_acquire_recursive
                0x0800b530        0x2 c:/sysgcc/arm-eabi/bin/../lib/gcc/arm-none-eabi/10.3.1/../../../../arm-none-eabi/lib/thumb/v7e-m+fp/hard\libc_nano.a(lib_a-lock.o)
                0x0800b530                __retarget_lock_acquire_recursive
 .text.__retarget_lock_release_recursive
                0x0800b532        0x2 c:/sysgcc/arm-eabi/bin/../lib/gcc/arm-none-eabi/10.3.1/../../../../arm-none-eabi/lib/thumb/v7e-m+fp/hard\libc_nano.a(lib_a-lock.o)
                0x0800b532                __retarget_lock_release_recursive
 .text._realloc_r
                0x0800b534       0x5e c:/sysgcc/arm-eabi/bin/../lib/gcc/arm-none-eabi/10.3.1/../../../../arm-none-eabi/lib/thumb/v7e-m+fp/hard\libc_nano.a(lib_a-nano-reallocr.o)
                0x0800b534                _realloc_r
 .text._malloc_usable_size_r
                0x0800b592       0x10 c:/sysgcc/arm-eabi/bin/../lib/gcc/arm-none-eabi/10.3.1/../../../../arm-none-eabi/lib/thumb/v7e-m+fp/hard\libc_nano.a(lib_a-nano-msizer.o)
                0x0800b592                _malloc_usable_size_r
 *fill*         0x0800b5a2        0x2 
 .text._sbrk    0x0800b5a4       0x1c c:/sysgcc/arm-eabi/bin/../lib/gcc/arm-none-eabi/10.3.1/../../../../arm-none-eabi/lib/thumb/v7e-m+fp/hard\libnosys.a(sbrk.o)
                0x0800b5a4                _sbrk
 *(.rodata)
 .rodata        0x0800b5c0        0x3 VisualGDB/Debug/HX711/HX711.o
 *fill*         0x0800b5c3        0x1 
 .rodata        0x0800b5c4       0x6a VisualGDB/Debug/SSD1306/ssd1306_tests.o
 *fill*         0x0800b62e        0x2 
 .rodata        0x0800b630       0x19 VisualGDB/Debug/SSD1306/SSD1306_demo.o
 *fill*         0x0800b649        0x3 
 .rodata        0x0800b64c       0x11 VisualGDB/Debug/UART/int_to_string.o
 *fill*         0x0800b65d        0x3 
 .rodata        0x0800b660       0x88 VisualGDB/Debug/_main.o
 .rodata        0x0800b6e8        0x5 VisualGDB/Debug/__BSP_ROOT__/FreeRTOS/Source/tasks.o
 *fill*         0x0800b6ed        0x3 
 .rodata        0x0800b6f0        0xd VisualGDB/Debug/__BSP_ROOT__/FreeRTOS/Source/timers.o
 *(.rodata*)
 *fill*         0x0800b6fd        0x3 
 .rodata._ZTV5HX711
                0x0800b700       0x10 VisualGDB/Debug/HX711/HX711.o
                0x0800b700                vtable for HX711
 .rodata.Font7x10
                0x0800b710      0x76c VisualGDB/Debug/SSD1306/ssd1306_fonts.o
 .rodata.Font11x18
                0x0800be7c      0xd5c VisualGDB/Debug/SSD1306/ssd1306_fonts.o
 .rodata.Font16x26
                0x0800cbd8     0x134c VisualGDB/Debug/SSD1306/ssd1306_fonts.o
 .rodata.Font6x8
                0x0800df24      0x5f0 VisualGDB/Debug/SSD1306/ssd1306_fonts.o
 .rodata.garfield_128x64
                0x0800e514      0x400 VisualGDB/Debug/SSD1306/ssd1306_tests.o
                0x0800e514                garfield_128x64
 .rodata.github_logo_64x64
                0x0800e914      0x200 VisualGDB/Debug/SSD1306/ssd1306_tests.o
                0x0800e914                github_logo_64x64
 .rodata.AHBPrescTable
                0x0800eb14       0x10 VisualGDB/Debug/system_stm32l4xx.o
                0x0800eb14                AHBPrescTable
 .rodata.APBPrescTable
                0x0800eb24        0x8 VisualGDB/Debug/system_stm32l4xx.o
                0x0800eb24                APBPrescTable
 .rodata.MSIRangeTable
                0x0800eb2c       0x30 VisualGDB/Debug/system_stm32l4xx.o
                0x0800eb2c                MSIRangeTable
 .rodata.npio2_hw
                0x0800eb5c       0x80 c:/sysgcc/arm-eabi/bin/../lib/gcc/arm-none-eabi/10.3.1/../../../../arm-none-eabi/lib/thumb/v7e-m+fp/hard\libm.a(lib_a-e_rem_pio2.o)
 .rodata.two_over_pi
                0x0800ebdc      0x108 c:/sysgcc/arm-eabi/bin/../lib/gcc/arm-none-eabi/10.3.1/../../../../arm-none-eabi/lib/thumb/v7e-m+fp/hard\libm.a(lib_a-e_rem_pio2.o)
 *fill*         0x0800ece4        0x4 
 .rodata.PIo2   0x0800ece8       0x40 c:/sysgcc/arm-eabi/bin/../lib/gcc/arm-none-eabi/10.3.1/../../../../arm-none-eabi/lib/thumb/v7e-m+fp/hard\libm.a(lib_a-k_rem_pio2.o)
 .rodata.init_jk
                0x0800ed28       0x10 c:/sysgcc/arm-eabi/bin/../lib/gcc/arm-none-eabi/10.3.1/../../../../arm-none-eabi/lib/thumb/v7e-m+fp/hard\libm.a(lib_a-k_rem_pio2.o)
 .rodata._svfprintf_r.str1.1
                0x0800ed38       0x11 c:/sysgcc/arm-eabi/bin/../lib/gcc/arm-none-eabi/10.3.1/../../../../arm-none-eabi/lib/thumb/v7e-m+fp/hard\libc_nano.a(lib_a-nano-svfprintf.o)
 .rodata._printf_i.str1.1
                0x0800ed49       0x22 c:/sysgcc/arm-eabi/bin/../lib/gcc/arm-none-eabi/10.3.1/../../../../arm-none-eabi/lib/thumb/v7e-m+fp/hard\libc_nano.a(lib_a-nano-vfprintf_i.o)
 *(.glue_7)
 .glue_7        0x0800ed6b        0x0 linker stubs
 *(.glue_7t)
 .glue_7t       0x0800ed6b        0x0 linker stubs
 *(.init)
 *fill*         0x0800ed6b        0x1 
 .init          0x0800ed6c        0x4 c:/sysgcc/arm-eabi/bin/../lib/gcc/arm-none-eabi/10.3.1/thumb/v7e-m+fp/hard/crti.o
                0x0800ed6c                _init
 .init          0x0800ed70        0x8 c:/sysgcc/arm-eabi/bin/../lib/gcc/arm-none-eabi/10.3.1/thumb/v7e-m+fp/hard/crtn.o
 *(.fini)
 .fini          0x0800ed78        0x4 c:/sysgcc/arm-eabi/bin/../lib/gcc/arm-none-eabi/10.3.1/thumb/v7e-m+fp/hard/crti.o
                0x0800ed78                _fini
 .fini          0x0800ed7c        0x8 c:/sysgcc/arm-eabi/bin/../lib/gcc/arm-none-eabi/10.3.1/thumb/v7e-m+fp/hard/crtn.o
                0x0800ed84                . = ALIGN (0x4)
                0x0800ed84                _etext = .

.eh_frame       0x0800ed84        0x0
 .eh_frame      0x0800ed84        0x0 c:/sysgcc/arm-eabi/bin/../lib/gcc/arm-none-eabi/10.3.1/thumb/v7e-m+fp/hard/crtbegin.o

.vfp11_veneer   0x0800ed84        0x0
 .vfp11_veneer  0x0800ed84        0x0 linker stubs

.v4_bx          0x0800ed84        0x0
 .v4_bx         0x0800ed84        0x0 linker stubs

.iplt           0x0800ed84        0x0
 .iplt          0x0800ed84        0x0 c:/sysgcc/arm-eabi/bin/../lib/gcc/arm-none-eabi/10.3.1/thumb/v7e-m+fp/hard/crtbegin.o

.ARM.extab      0x0800ed84        0x0
                0x0800ed84                . = ALIGN (0x4)
 *(.ARM.extab)
 *(.gnu.linkonce.armextab.*)
                0x0800ed84                . = ALIGN (0x4)

.exidx          0x0800ed84        0x8
                0x0800ed84                . = ALIGN (0x4)
                [!provide]                PROVIDE (__exidx_start = .)
 *(.ARM.exidx*)
 .ARM.exidx     0x0800ed84        0x8 c:/sysgcc/arm-eabi/bin/../lib/gcc/arm-none-eabi/10.3.1/thumb/v7e-m+fp/hard\libgcc.a(_udivmoddi4.o)
                0x0800ed8c                . = ALIGN (0x4)
                [!provide]                PROVIDE (__exidx_end = .)

.rel.dyn        0x0800ed8c        0x0
 .rel.iplt      0x0800ed8c        0x0 c:/sysgcc/arm-eabi/bin/../lib/gcc/arm-none-eabi/10.3.1/thumb/v7e-m+fp/hard/crtbegin.o

.ARM.attributes
                0x0800ed8c       0x30
 *(.ARM.attributes)
 .ARM.attributes
                0x0800ed8c       0x1e c:/sysgcc/arm-eabi/bin/../lib/gcc/arm-none-eabi/10.3.1/thumb/v7e-m+fp/hard/crti.o
 .ARM.attributes
                0x0800edaa       0x34 c:/sysgcc/arm-eabi/bin/../lib/gcc/arm-none-eabi/10.3.1/thumb/v7e-m+fp/hard/crtbegin.o
 .ARM.attributes
                0x0800edde       0x34 VisualGDB/Debug/Common/stm32l4xx_hal_msp.o
 .ARM.attributes
                0x0800ee12       0x34 VisualGDB/Debug/DISPLAY/DISPLAY.o
 .ARM.attributes
                0x0800ee46       0x34 VisualGDB/Debug/Flash/Flash_Sim_Demo.o
 .ARM.attributes
                0x0800ee7a       0x34 VisualGDB/Debug/Flash/spi_flash.o
 .ARM.attributes
                0x0800eeae       0x34 VisualGDB/Debug/HX711/HX711.o
 .ARM.attributes
                0x0800eee2       0x34 VisualGDB/Debug/LED/LED.o
 .ARM.attributes
                0x0800ef16       0x34 VisualGDB/Debug/SSD1306/ssd1306.o
 .ARM.attributes
                0x0800ef4a       0x39 VisualGDB/Debug/SSD1306/ssd1306_fonts.o
 .ARM.attributes
                0x0800ef83       0x34 VisualGDB/Debug/SSD1306/ssd1306_tests.o
 .ARM.attributes
                0x0800efb7       0x34 VisualGDB/Debug/SSD1306/SSD1306_demo.o
 .ARM.attributes
                0x0800efeb       0x34 VisualGDB/Debug/UART/int_to_string.o
 .ARM.attributes
                0x0800f01f       0x34 VisualGDB/Debug/UART/UART.o
 .ARM.attributes
                0x0800f053       0x34 VisualGDB/Debug/system_stm32l4xx.o
 .ARM.attributes
                0x0800f087       0x34 VisualGDB/Debug/Tasks/task_weight_monitor.o
 .ARM.attributes
                0x0800f0bb       0x34 VisualGDB/Debug/_Init/Init_GPIO.o
 .ARM.attributes
                0x0800f0ef       0x34 VisualGDB/Debug/_Init/Init_GPIO_I2C.o
 .ARM.attributes
                0x0800f123       0x34 VisualGDB/Debug/_main.o
 .ARM.attributes
                0x0800f157       0x34 VisualGDB/Debug/__BSP_ROOT__/STM32L4xxxx/StartupFiles/startup_stm32l475xx.o
 .ARM.attributes
                0x0800f18b       0x34 VisualGDB/Debug/__BSP_ROOT__/FreeRTOS/Source/list.o
 .ARM.attributes
                0x0800f1bf       0x34 VisualGDB/Debug/__BSP_ROOT__/FreeRTOS/Source/queue.o
 .ARM.attributes
                0x0800f1f3       0x34 VisualGDB/Debug/__BSP_ROOT__/FreeRTOS/Source/tasks.o
 .ARM.attributes
                0x0800f227       0x34 VisualGDB/Debug/__BSP_ROOT__/FreeRTOS/Source/timers.o
 .ARM.attributes
                0x0800f25b       0x34 VisualGDB/Debug/__BSP_ROOT__/FreeRTOS/Source/CMSIS_RTOS/cmsis_os.o
 .ARM.attributes
                0x0800f28f       0x34 VisualGDB/Debug/__BSP_ROOT__/FreeRTOS/Source/portable/GCC/ARM_CM3/port.o
 .ARM.attributes
                0x0800f2c3       0x34 VisualGDB/Debug/__BSP_ROOT__/FreeRTOS/Source/portable/MemMang/heap_4.o
 .ARM.attributes
                0x0800f2f7       0x34 VisualGDB/Debug/__BSP_ROOT__/STM32L4xxxx/STM32L4xx_HAL_Driver/Src/stm32l4xx_hal.o
 .ARM.attributes
                0x0800f32b       0x34 VisualGDB/Debug/__BSP_ROOT__/STM32L4xxxx/STM32L4xx_HAL_Driver/Src/stm32l4xx_hal_cortex.o
 .ARM.attributes
                0x0800f35f       0x34 VisualGDB/Debug/__BSP_ROOT__/STM32L4xxxx/STM32L4xx_HAL_Driver/Src/stm32l4xx_hal_gpio.o
 .ARM.attributes
                0x0800f393       0x34 VisualGDB/Debug/__BSP_ROOT__/STM32L4xxxx/STM32L4xx_HAL_Driver/Src/stm32l4xx_hal_i2c.o
 .ARM.attributes
                0x0800f3c7       0x34 VisualGDB/Debug/__BSP_ROOT__/STM32L4xxxx/STM32L4xx_HAL_Driver/Src/stm32l4xx_hal_pwr_ex.o
 .ARM.attributes
                0x0800f3fb       0x34 VisualGDB/Debug/__BSP_ROOT__/STM32L4xxxx/STM32L4xx_HAL_Driver/Src/stm32l4xx_hal_rcc.o
 .ARM.attributes
                0x0800f42f       0x34 VisualGDB/Debug/__BSP_ROOT__/STM32L4xxxx/STM32L4xx_HAL_Driver/Src/stm32l4xx_hal_tim.o
 .ARM.attributes
                0x0800f463       0x34 VisualGDB/Debug/__BSP_ROOT__/STM32L4xxxx/STM32L4xx_HAL_Driver/Src/stm32l4xx_hal_tim_ex.o
 .ARM.attributes
                0x0800f497       0x34 VisualGDB/Debug/__BSP_ROOT__/STM32L4xxxx/STM32L4xx_HAL_Driver/Src/stm32l4xx_hal_uart.o
 .ARM.attributes
                0x0800f4cb       0x34 c:/sysgcc/arm-eabi/bin/../lib/gcc/arm-none-eabi/10.3.1/../../../../arm-none-eabi/lib/thumb/v7e-m+fp/hard\libstdc++_nano.a(atexit_arm.o)
 .ARM.attributes
                0x0800f4ff       0x34 c:/sysgcc/arm-eabi/bin/../lib/gcc/arm-none-eabi/10.3.1/../../../../arm-none-eabi/lib/thumb/v7e-m+fp/hard\libstdc++_nano.a(del_ops.o)
 .ARM.attributes
                0x0800f533       0x34 c:/sysgcc/arm-eabi/bin/../lib/gcc/arm-none-eabi/10.3.1/../../../../arm-none-eabi/lib/thumb/v7e-m+fp/hard\libstdc++_nano.a(del_op.o)
 .ARM.attributes
                0x0800f567       0x34 c:/sysgcc/arm-eabi/bin/../lib/gcc/arm-none-eabi/10.3.1/../../../../arm-none-eabi/lib/thumb/v7e-m+fp/hard\libm.a(lib_a-s_cos.o)
 .ARM.attributes
                0x0800f59b       0x34 c:/sysgcc/arm-eabi/bin/../lib/gcc/arm-none-eabi/10.3.1/../../../../arm-none-eabi/lib/thumb/v7e-m+fp/hard\libm.a(lib_a-s_sin.o)
 .ARM.attributes