Archive member included to satisfy reference by file (symbol)

c:/sysgcc/arm-eabi/bin/../lib/gcc/arm-none-eabi/10.3.1/../../../../arm-none-eabi/lib/thumb/v7e-m+fp/hard\libstdc++_nano.a(atexit_arm.o)
                              VisualGDB/Debug/Tasks/task_weight_monitor.o (__aeabi_atexit)
c:/sysgcc/arm-eabi/bin/../lib/gcc/arm-none-eabi/10.3.1/../../../../arm-none-eabi/lib/thumb/v7e-m+fp/hard\libstdc++_nano.a(del_ops.o)
                              VisualGDB/Debug/HX711/HX711.o (operator delete(void*, unsigned int))
c:/sysgcc/arm-eabi/bin/../lib/gcc/arm-none-eabi/10.3.1/../../../../arm-none-eabi/lib/thumb/v7e-m+fp/hard\libstdc++_nano.a(del_op.o)
                              c:/sysgcc/arm-eabi/bin/../lib/gcc/arm-none-eabi/10.3.1/../../../../arm-none-eabi/lib/thumb/v7e-m+fp/hard\libstdc++_nano.a(del_ops.o) (operator delete(void*))
c:/sysgcc/arm-eabi/bin/../lib/gcc/arm-none-eabi/10.3.1/../../../../arm-none-eabi/lib/thumb/v7e-m+fp/hard\libm.a(lib_a-s_cos.o)
                              VisualGDB/Debug/SSD1306/ssd1306.o (cos)
c:/sysgcc/arm-eabi/bin/../lib/gcc/arm-none-eabi/10.3.1/../../../../arm-none-eabi/lib/thumb/v7e-m+fp/hard\libm.a(lib_a-s_sin.o)
                              VisualGDB/Debug/SSD1306/ssd1306.o (sin)
c:/sysgcc/arm-eabi/bin/../lib/gcc/arm-none-eabi/10.3.1/../../../../arm-none-eabi/lib/thumb/v7e-m+fp/hard\libm.a(lib_a-e_rem_pio2.o)
                              c:/sysgcc/arm-eabi/bin/../lib/gcc/arm-none-eabi/10.3.1/../../../../arm-none-eabi/lib/thumb/v7e-m+fp/hard\libm.a(lib_a-s_cos.o) (__ieee754_rem_pio2)
c:/sysgcc/arm-eabi/bin/../lib/gcc/arm-none-eabi/10.3.1/../../../../arm-none-eabi/lib/thumb/v7e-m+fp/hard\libm.a(lib_a-k_cos.o)
                              c:/sysgcc/arm-eabi/bin/../lib/gcc/arm-none-eabi/10.3.1/../../../../arm-none-eabi/lib/thumb/v7e-m+fp/hard\libm.a(lib_a-s_cos.o) (__kernel_cos)
c:/sysgcc/arm-eabi/bin/../lib/gcc/arm-none-eabi/10.3.1/../../../../arm-none-eabi/lib/thumb/v7e-m+fp/hard\libm.a(lib_a-k_rem_pio2.o)
                              c:/sysgcc/arm-eabi/bin/../lib/gcc/arm-none-eabi/10.3.1/../../../../arm-none-eabi/lib/thumb/v7e-m+fp/hard\libm.a(lib_a-e_rem_pio2.o) (__kernel_rem_pio2)
c:/sysgcc/arm-eabi/bin/../lib/gcc/arm-none-eabi/10.3.1/../../../../arm-none-eabi/lib/thumb/v7e-m+fp/hard\libm.a(lib_a-k_sin.o)
                              c:/sysgcc/arm-eabi/bin/../lib/gcc/arm-none-eabi/10.3.1/../../../../arm-none-eabi/lib/thumb/v7e-m+fp/hard\libm.a(lib_a-s_cos.o) (__kernel_sin)
c:/sysgcc/arm-eabi/bin/../lib/gcc/arm-none-eabi/10.3.1/../../../../arm-none-eabi/lib/thumb/v7e-m+fp/hard\libm.a(lib_a-s_fabs.o)
                              c:/sysgcc/arm-eabi/bin/../lib/gcc/arm-none-eabi/10.3.1/../../../../arm-none-eabi/lib/thumb/v7e-m+fp/hard\libm.a(lib_a-e_rem_pio2.o) (fabs)
c:/sysgcc/arm-eabi/bin/../lib/gcc/arm-none-eabi/10.3.1/../../../../arm-none-eabi/lib/thumb/v7e-m+fp/hard\libm.a(lib_a-s_floor.o)
                              c:/sysgcc/arm-eabi/bin/../lib/gcc/arm-none-eabi/10.3.1/../../../../arm-none-eabi/lib/thumb/v7e-m+fp/hard\libm.a(lib_a-k_rem_pio2.o) (floor)
c:/sysgcc/arm-eabi/bin/../lib/gcc/arm-none-eabi/10.3.1/../../../../arm-none-eabi/lib/thumb/v7e-m+fp/hard\libm.a(lib_a-s_scalbn.o)
                              c:/sysgcc/arm-eabi/bin/../lib/gcc/arm-none-eabi/10.3.1/../../../../arm-none-eabi/lib/thumb/v7e-m+fp/hard\libm.a(lib_a-k_rem_pio2.o) (scalbn)
c:/sysgcc/arm-eabi/bin/../lib/gcc/arm-none-eabi/10.3.1/thumb/v7e-m+fp/hard\libgcc.a(_arm_muldf3.o)
                              VisualGDB/Debug/SSD1306/ssd1306.o (__aeabi_dmul)
c:/sysgcc/arm-eabi/bin/../lib/gcc/arm-none-eabi/10.3.1/thumb/v7e-m+fp/hard\libgcc.a(_arm_addsubdf3.o)
                              c:/sysgcc/arm-eabi/bin/../lib/gcc/arm-none-eabi/10.3.1/../../../../arm-none-eabi/lib/thumb/v7e-m+fp/hard\libm.a(lib_a-s_cos.o) (__aeabi_dsub)
c:/sysgcc/arm-eabi/bin/../lib/gcc/arm-none-eabi/10.3.1/thumb/v7e-m+fp/hard\libgcc.a(_arm_muldivdf3.o)
                              VisualGDB/Debug/HX711/HX711.o (__aeabi_ddiv)
c:/sysgcc/arm-eabi/bin/../lib/gcc/arm-none-eabi/10.3.1/thumb/v7e-m+fp/hard\libgcc.a(_arm_cmpdf2.o)
                              c:/sysgcc/arm-eabi/bin/../lib/gcc/arm-none-eabi/10.3.1/../../../../arm-none-eabi/lib/thumb/v7e-m+fp/hard\libm.a(lib_a-e_rem_pio2.o) (__aeabi_dcmpeq)
c:/sysgcc/arm-eabi/bin/../lib/gcc/arm-none-eabi/10.3.1/thumb/v7e-m+fp/hard\libgcc.a(_arm_fixdfsi.o)
                              VisualGDB/Debug/HX711/HX711.o (__aeabi_d2iz)
c:/sysgcc/arm-eabi/bin/../lib/gcc/arm-none-eabi/10.3.1/thumb/v7e-m+fp/hard\libgcc.a(_arm_truncdfsf2.o)
                              VisualGDB/Debug/HX711/HX711.o (__aeabi_d2f)
c:/sysgcc/arm-eabi/bin/../lib/gcc/arm-none-eabi/10.3.1/thumb/v7e-m+fp/hard\libgcc.a(_aeabi_uldivmod.o)
                              VisualGDB/Debug/__BSP_ROOT__/STM32L4xxxx/STM32L4xx_HAL_Driver/Src/stm32l4xx_hal_uart.o (__aeabi_uldivmod)
c:/sysgcc/arm-eabi/bin/../lib/gcc/arm-none-eabi/10.3.1/thumb/v7e-m+fp/hard\libgcc.a(_udivmoddi4.o)
[...]
Memory Configuration

Name             Origin             Length             Attributes
FLASH            0x08000000         0x00100000         xr
SRAM             0x20000000         0x00018000         xrw
RAM2             0x10000000         0x00008000         xrw
*default*        0x00000000         0xffffffff

Linker script and memory map

LOAD c:/sysgcc/arm-eabi/bin/../lib/gcc/arm-none-eabi/10.3.1/thumb/v7e-m+fp/hard/crti.o
LOAD c:/sysgcc/arm-eabi/bin/../lib/gcc/arm-none-eabi/10.3.1/thumb/v7e-m+fp/hard/crtbegin.o
LOAD c:/sysgcc/arm-eabi/bin/../lib/gcc/arm-none-eabi/10.3.1/../../../../arm-none-eabi/lib/thumb/v7e-m+fp/hard/crt0.o
START GROUP
LOAD VisualGDB/Debug/Common/psensor.o
LOAD VisualGDB/Debug/Common/stm32l4xx_hal_msp.o
LOAD VisualGDB/Debug/Common/tsensor.o
LOAD VisualGDB/Debug/Components/lps22hb/lps22hb.o
LOAD VisualGDB/Debug/DISPLAY/DISPLAY.o
LOAD VisualGDB/Debug/Flash/Flash_Sim_Demo.o
LOAD VisualGDB/Debug/Flash/spi_flash.o
LOAD VisualGDB/Debug/HX711/HX711.o
LOAD VisualGDB/Debug/LED/LED.o
LOAD VisualGDB/Debug/LPS22HB/stm32l475e_iot01_psensor.o
LOAD VisualGDB/Debug/SSD1306/ssd1306.o
LOAD VisualGDB/Debug/SSD1306/ssd1306_fonts.o
LOAD VisualGDB/Debug/SSD1306/ssd1306_tests.o
LOAD VisualGDB/Debug/SSD1306/SSD1306_demo.o
LOAD VisualGDB/Debug/Tasks/state_machine.o
LOAD VisualGDB/Debug/Tasks/task_display.o
LOAD VisualGDB/Debug/UART/int_to_string.o
LOAD VisualGDB/Debug/UART/UART.o
LOAD VisualGDB/Debug/_Init/startup.o
LOAD VisualGDB/Debug/system_stm32l4xx.o
LOAD VisualGDB/Debug/Tasks/task_weight_monitor.o
LOAD VisualGDB/Debug/wiring_shift.o
LOAD VisualGDB/Debug/_Init/Init_GPIO.o
LOAD VisualGDB/Debug/_Init/Init_GPIO_I2C.o
LOAD VisualGDB/Debug/_main.o
LOAD VisualGDB/Debug/__BSP_ROOT__/STM32L4xxxx/StartupFiles/startup_stm32l475xx.o
LOAD VisualGDB/Debug/__BSP_ROOT__/FreeRTOS/Source/croutine.o
LOAD VisualGDB/Debug/__BSP_ROOT__/FreeRTOS/Source/event_groups.o
LOAD VisualGDB/Debug/__BSP_ROOT__/FreeRTOS/Source/list.o
LOAD VisualGDB/Debug/__BSP_ROOT__/FreeRTOS/Source/queue.o
LOAD VisualGDB/Debug/__BSP_ROOT__/FreeRTOS/Source/stream_buffer.o
LOAD VisualGDB/Debug/__BSP_ROOT__/FreeRTOS/Source/tasks.o
LOAD VisualGDB/Debug/__BSP_ROOT__/FreeRTOS/Source/timers.o
LOAD VisualGDB/Debug/__BSP_ROOT__/FreeRTOS/Source/CMSIS_RTOS/cmsis_os.o
LOAD VisualGDB/Debug/__BSP_ROOT__/FreeRTOS/Source/portable/GCC/ARM_CM3/port.o
LOAD VisualGDB/Debug/__BSP_ROOT__/FreeRTOS/Source/portable/MemMang/heap_4.o
LOAD VisualGDB/Debug/__BSP_ROOT__/STM32L4xxxx/STM32L4xx_HAL_Driver/Src/stm32l4xx_hal.o
LOAD VisualGDB/Debug/__BSP_ROOT__/STM32L4xxxx/STM32L4xx_HAL_Driver/Src/stm32l4xx_hal_adc.o
LOAD VisualGDB/Debug/__BSP_ROOT__/STM32L4xxxx/STM32L4xx_HAL_Driver/Src/stm32l4xx_hal_adc_ex.o
LOAD VisualGDB/Debug/__BSP_ROOT__/STM32L4xxxx/STM32L4xx_HAL_Driver/Src/stm32l4xx_hal_can.o
LOAD VisualGDB/Debug/__BSP_ROOT__/STM32L4xxxx/STM32L4xx_HAL_Driver/Src/stm32l4xx_hal_comp.o
LOAD VisualGDB/Debug/__BSP_ROOT__/STM32L4xxxx/STM32L4xx_HAL_Driver/Src/stm32l4xx_hal_cortex.o
LOAD VisualGDB/Debug/__BSP_ROOT__/STM32L4xxxx/STM32L4xx_HAL_Driver/Src/stm32l4xx_hal_crc.o
LOAD VisualGDB/Debug/__BSP_ROOT__/STM32L4xxxx/STM32L4xx_HAL_Driver/Src/stm32l4xx_hal_crc_ex.o
LOAD VisualGDB/Debug/__BSP_ROOT__/STM32L4xxxx/STM32L4xx_HAL_Driver/Src/stm32l4xx_hal_cryp.o
LOAD VisualGDB/Debug/__BSP_ROOT__/STM32L4xxxx/STM32L4xx_HAL_Driver/Src/stm32l4xx_hal_cryp_ex.o
LOAD VisualGDB/Debug/__BSP_ROOT__/STM32L4xxxx/STM32L4xx_HAL_Driver/Src/stm32l4xx_hal_dac.o
LOAD VisualGDB/Debug/__BSP_ROOT__/STM32L4xxxx/STM32L4xx_HAL_Driver/Src/stm32l4xx_hal_dac_ex.o
LOAD VisualGDB/Debug/__BSP_ROOT__/STM32L4xxxx/STM32L4xx_HAL_Driver/Src/stm32l4xx_hal_dcmi.o
LOAD VisualGDB/Debug/__BSP_ROOT__/STM32L4xxxx/STM32L4xx_HAL_Driver/Src/stm32l4xx_hal_dfsdm.o
LOAD VisualGDB/Debug/__BSP_ROOT__/STM32L4xxxx/STM32L4xx_HAL_Driver/Src/stm32l4xx_hal_dfsdm_ex.o
LOAD VisualGDB/Debug/__BSP_ROOT__/STM32L4xxxx/STM32L4xx_HAL_Driver/Src/stm32l4xx_hal_dma.o
LOAD VisualGDB/Debug/__BSP_ROOT__/STM32L4xxxx/STM32L4xx_HAL_Driver/Src/stm32l4xx_hal_dma2d.o
LOAD VisualGDB/Debug/__BSP_ROOT__/STM32L4xxxx/STM32L4xx_HAL_Driver/Src/stm32l4xx_hal_dma_ex.o
LOAD VisualGDB/Debug/__BSP_ROOT__/STM32L4xxxx/STM32L4xx_HAL_Driver/Src/stm32l4xx_hal_dsi.o
LOAD VisualGDB/Debug/__BSP_ROOT__/STM32L4xxxx/STM32L4xx_HAL_Driver/Src/stm32l4xx_hal_exti.o
LOAD VisualGDB/Debug/__BSP_ROOT__/STM32L4xxxx/STM32L4xx_HAL_Driver/Src/stm32l4xx_hal_firewall.o
LOAD VisualGDB/Debug/__BSP_ROOT__/STM32L4xxxx/STM32L4xx_HAL_Driver/Src/stm32l4xx_hal_flash.o
LOAD VisualGDB/Debug/__BSP_ROOT__/STM32L4xxxx/STM32L4xx_HAL_Driver/Src/stm32l4xx_hal_flash_ex.o
LOAD VisualGDB/Debug/__BSP_ROOT__/STM32L4xxxx/STM32L4xx_HAL_Driver/Src/stm32l4xx_hal_flash_ramfunc.o
LOAD VisualGDB/Debug/__BSP_ROOT__/STM32L4xxxx/STM32L4xx_HAL_Driver/Src/stm32l4xx_hal_gfxmmu.o
LOAD VisualGDB/Debug/__BSP_ROOT__/STM32L4xxxx/STM32L4xx_HAL_Driver/Src/stm32l4xx_hal_gpio.o
LOAD VisualGDB/Debug/__BSP_ROOT__/STM32L4xxxx/STM32L4xx_HAL_Driver/Src/stm32l4xx_hal_hash.o
LOAD VisualGDB/Debug/__BSP_ROOT__/STM32L4xxxx/STM32L4xx_HAL_Driver/Src/stm32l4xx_hal_hash_ex.o
LOAD VisualGDB/Debug/__BSP_ROOT__/STM32L4xxxx/STM32L4xx_HAL_Driver/Src/stm32l4xx_hal_hcd.o
LOAD VisualGDB/Debug/__BSP_ROOT__/STM32L4xxxx/STM32L4xx_HAL_Driver/Src/stm32l4xx_hal_i2c.o
LOAD VisualGDB/Debug/__BSP_ROOT__/STM32L4xxxx/STM32L4xx_HAL_Driver/Src/stm32l4xx_hal_i2c_ex.o
LOAD VisualGDB/Debug/__BSP_ROOT__/STM32L4xxxx/STM32L4xx_HAL_Driver/Src/stm32l4xx_hal_irda.o
LOAD VisualGDB/Debug/__BSP_ROOT__/STM32L4xxxx/STM32L4xx_HAL_Driver/Src/stm32l4xx_hal_iwdg.o
LOAD VisualGDB/Debug/__BSP_ROOT__/STM32L4xxxx/STM32L4xx_HAL_Driver/Src/stm32l4xx_hal_lcd.o
LOAD VisualGDB/Debug/__BSP_ROOT__/STM32L4xxxx/STM32L4xx_HAL_Driver/Src/stm32l4xx_hal_lptim.o
LOAD VisualGDB/Debug/__BSP_ROOT__/STM32L4xxxx/STM32L4xx_HAL_Driver/Src/stm32l4xx_hal_ltdc.o
LOAD VisualGDB/Debug/__BSP_ROOT__/STM32L4xxxx/STM32L4xx_HAL_Driver/Src/stm32l4xx_hal_ltdc_ex.o
LOAD VisualGDB/Debug/__BSP_ROOT__/STM32L4xxxx/STM32L4xx_HAL_Driver/Src/stm32l4xx_hal_mmc.o
LOAD VisualGDB/Debug/__BSP_ROOT__/STM32L4xxxx/STM32L4xx_HAL_Driver/Src/stm32l4xx_hal_mmc_ex.o
LOAD VisualGDB/Debug/__BSP_ROOT__/STM32L4xxxx/STM32L4xx_HAL_Driver/Src/stm32l4xx_hal_nand.o
LOAD VisualGDB/Debug/__BSP_ROOT__/STM32L4xxxx/STM32L4xx_HAL_Driver/Src/stm32l4xx_hal_nor.o
LOAD VisualGDB/Debug/__BSP_ROOT__/STM32L4xxxx/STM32L4xx_HAL_Driver/Src/stm32l4xx_hal_opamp.o
LOAD VisualGDB/Debug/__BSP_ROOT__/STM32L4xxxx/STM32L4xx_HAL_Driver/Src/stm32l4xx_hal_opamp_ex.o
LOAD VisualGDB/Debug/__BSP_ROOT__/STM32L4xxxx/STM32L4xx_HAL_Driver/Src/stm32l4xx_hal_ospi.o
LOAD VisualGDB/Debug/__BSP_ROOT__/STM32L4xxxx/STM32L4xx_HAL_Driver/Src/stm32l4xx_hal_pcd.o
LOAD VisualGDB/Debug/__BSP_ROOT__/STM32L4xxxx/STM32L4xx_HAL_Driver/Src/stm32l4xx_hal_pcd_ex.o
LOAD VisualGDB/Debug/__BSP_ROOT__/STM32L4xxxx/STM32L4xx_HAL_Driver/Src/stm32l4xx_hal_pka.o
LOAD VisualGDB/Debug/__BSP_ROOT__/STM32L4xxxx/STM32L4xx_HAL_Driver/Src/stm32l4xx_hal_pssi.o
LOAD VisualGDB/Debug/__BSP_ROOT__/STM32L4xxxx/STM32L4xx_HAL_Driver/Src/stm32l4xx_hal_pwr.o
LOAD VisualGDB/Debug/__BSP_ROOT__/STM32L4xxxx/STM32L4xx_HAL_Driver/Src/stm32l4xx_hal_pwr_ex.o
LOAD VisualGDB/Debug/__BSP_ROOT__/STM32L4xxxx/STM32L4xx_HAL_Driver/Src/stm32l4xx_hal_qspi.o
LOAD VisualGDB/Debug/__BSP_ROOT__/STM32L4xxxx/STM32L4xx_HAL_Driver/Src/stm32l4xx_hal_rcc.o
LOAD VisualGDB/Debug/__BSP_ROOT__/STM32L4xxxx/STM32L4xx_HAL_Driver/Src/stm32l4xx_hal_rcc_ex.o
LOAD VisualGDB/Debug/__BSP_ROOT__/STM32L4xxxx/STM32L4xx_HAL_Driver/Src/stm32l4xx_hal_rng.o
LOAD VisualGDB/Debug/__BSP_ROOT__/STM32L4xxxx/STM32L4xx_HAL_Driver/Src/stm32l4xx_hal_rng_ex.o
LOAD VisualGDB/Debug/__BSP_ROOT__/STM32L4xxxx/STM32L4xx_HAL_Driver/Src/stm32l4xx_hal_rtc.o
LOAD VisualGDB/Debug/__BSP_ROOT__/STM32L4xxxx/STM32L4xx_HAL_Driver/Src/stm32l4xx_hal_rtc_ex.o
LOAD VisualGDB/Debug/__BSP_ROOT__/STM32L4xxxx/STM32L4xx_HAL_Driver/Src/stm32l4xx_hal_sai.o
LOAD VisualGDB/Debug/__BSP_ROOT__/STM32L4xxxx/STM32L4xx_HAL_Driver/Src/stm32l4xx_hal_sai_ex.o
LOAD VisualGDB/Debug/__BSP_ROOT__/STM32L4xxxx/STM32L4xx_HAL_Driver/Src/stm32l4xx_hal_sd.o
LOAD VisualGDB/Debug/__BSP_ROOT__/STM32L4xxxx/STM32L4xx_HAL_Driver/Src/stm32l4xx_hal_sd_ex.o
LOAD VisualGDB/Debug/__BSP_ROOT__/STM32L4xxxx/STM32L4xx_HAL_Driver/Src/stm32l4xx_hal_smartcard.o
LOAD VisualGDB/Debug/__BSP_ROOT__/STM32L4xxxx/STM32L4xx_HAL_Driver/Src/stm32l4xx_hal_smartcard_ex.o
LOAD VisualGDB/Debug/__BSP_ROOT__/STM32L4xxxx/STM32L4xx_HAL_Driver/Src/stm32l4xx_hal_smbus.o
LOAD VisualGDB/Debug/__BSP_ROOT__/STM32L4xxxx/STM32L4xx_HAL_Driver/Src/stm32l4xx_hal_spi.o
LOAD VisualGDB/Debug/__BSP_ROOT__/STM32L4xxxx/STM32L4xx_HAL_Driver/Src/stm32l4xx_hal_spi_ex.o
LOAD VisualGDB/Debug/__BSP_ROOT__/STM32L4xxxx/STM32L4xx_HAL_Driver/Src/stm32l4xx_hal_sram.o
LOAD VisualGDB/Debug/__BSP_ROOT__/STM32L4xxxx/STM32L4xx_HAL_Driver/Src/stm32l4xx_hal_swpmi.o
LOAD VisualGDB/Debug/__BSP_ROOT__/STM32L4xxxx/STM32L4xx_HAL_Driver/Src/stm32l4xx_hal_tim.o
LOAD VisualGDB/Debug/__BSP_ROOT__/STM32L4xxxx/STM32L4xx_HAL_Driver/Src/stm32l4xx_hal_tim_ex.o
LOAD VisualGDB/Debug/__BSP_ROOT__/STM32L4xxxx/STM32L4xx_HAL_Driver/Src/stm32l4xx_hal_tsc.o
LOAD VisualGDB/Debug/__BSP_ROOT__/STM32L4xxxx/STM32L4xx_HAL_Driver/Src/stm32l4xx_hal_uart.o
LOAD VisualGDB/Debug/__BSP_ROOT__/STM32L4xxxx/STM32L4xx_HAL_Driver/Src/stm32l4xx_hal_uart_ex.o
LOAD VisualGDB/Debug/__BSP_ROOT__/STM32L4xxxx/STM32L4xx_HAL_Driver/Src/stm32l4xx_hal_usart.o
LOAD VisualGDB/Debug/__BSP_ROOT__/STM32L4xxxx/STM32L4xx_HAL_Driver/Src/stm32l4xx_hal_usart_ex.o
LOAD VisualGDB/Debug/__BSP_ROOT__/STM32L4xxxx/STM32L4xx_HAL_Driver/Src/stm32l4xx_hal_wwdg.o
LOAD VisualGDB/Debug/__BSP_ROOT__/STM32L4xxxx/STM32L4xx_HAL_Driver/Src/stm32l4xx_ll_usb.o
LOAD VisualGDB/Debug/__BSP_ROOT__/STM32L4xxxx/STM32L4xx_HAL_Driver/Src/stm32l4xx_ll_adc.o
LOAD VisualGDB/Debug/__BSP_ROOT__/STM32L4xxxx/STM32L4xx_HAL_Driver/Src/stm32l4xx_ll_comp.o
LOAD VisualGDB/Debug/__BSP_ROOT__/STM32L4xxxx/STM32L4xx_HAL_Driver/Src/stm32l4xx_ll_crc.o
LOAD VisualGDB/Debug/__BSP_ROOT__/STM32L4xxxx/STM32L4xx_HAL_Driver/Src/stm32l4xx_ll_crs.o
LOAD VisualGDB/Debug/__BSP_ROOT__/STM32L4xxxx/STM32L4xx_HAL_Driver/Src/stm32l4xx_ll_dac.o
LOAD VisualGDB/Debug/__BSP_ROOT__/STM32L4xxxx/STM32L4xx_HAL_Driver/Src/stm32l4xx_ll_dma.o
LOAD VisualGDB/Debug/__BSP_ROOT__/STM32L4xxxx/STM32L4xx_HAL_Driver/Src/stm32l4xx_ll_dma2d.o
LOAD VisualGDB/Debug/__BSP_ROOT__/STM32L4xxxx/STM32L4xx_HAL_Driver/Src/stm32l4xx_ll_exti.o
LOAD VisualGDB/Debug/__BSP_ROOT__/STM32L4xxxx/STM32L4xx_HAL_Driver/Src/stm32l4xx_ll_fmc.o
LOAD VisualGDB/Debug/__BSP_ROOT__/STM32L4xxxx/STM32L4xx_HAL_Driver/Src/stm32l4xx_ll_gpio.o
LOAD VisualGDB/Debug/__BSP_ROOT__/STM32L4xxxx/STM32L4xx_HAL_Driver/Src/stm32l4xx_ll_i2c.o
LOAD VisualGDB/Debug/__BSP_ROOT__/STM32L4xxxx/STM32L4xx_HAL_Driver/Src/stm32l4xx_ll_lptim.o
LOAD VisualGDB/Debug/__BSP_ROOT__/STM32L4xxxx/STM32L4xx_HAL_Driver/Src/stm32l4xx_ll_lpuart.o
LOAD VisualGDB/Debug/__BSP_ROOT__/STM32L4xxxx/STM32L4xx_HAL_Driver/Src/stm32l4xx_ll_opamp.o
LOAD VisualGDB/Debug/__BSP_ROOT__/STM32L4xxxx/STM32L4xx_HAL_Driver/Src/stm32l4xx_ll_pka.o
LOAD VisualGDB/Debug/__BSP_ROOT__/STM32L4xxxx/STM32L4xx_HAL_Driver/Src/stm32l4xx_ll_pwr.o
LOAD VisualGDB/Debug/__BSP_ROOT__/STM32L4xxxx/STM32L4xx_HAL_Driver/Src/stm32l4xx_ll_rcc.o
LOAD VisualGDB/Debug/__BSP_ROOT__/STM32L4xxxx/STM32L4xx_HAL_Driver/Src/stm32l4xx_ll_rng.o
LOAD VisualGDB/Debug/__BSP_ROOT__/STM32L4xxxx/STM32L4xx_HAL_Driver/Src/stm32l4xx_ll_rtc.o
LOAD VisualGDB/Debug/__BSP_ROOT__/STM32L4xxxx/STM32L4xx_HAL_Driver/Src/stm32l4xx_ll_sdmmc.o
LOAD VisualGDB/Debug/__BSP_ROOT__/STM32L4xxxx/STM32L4xx_HAL_Driver/Src/stm32l4xx_ll_spi.o
LOAD VisualGDB/Debug/__BSP_ROOT__/STM32L4xxxx/STM32L4xx_HAL_Driver/Src/stm32l4xx_ll_swpmi.o
LOAD VisualGDB/Debug/__BSP_ROOT__/STM32L4xxxx/STM32L4xx_HAL_Driver/Src/stm32l4xx_ll_tim.o
LOAD VisualGDB/Debug/__BSP_ROOT__/STM32L4xxxx/STM32L4xx_HAL_Driver/Src/stm32l4xx_ll_usart.o
LOAD VisualGDB/Debug/__BSP_ROOT__/STM32L4xxxx/STM32L4xx_HAL_Driver/Src/stm32l4xx_ll_utils.o
END GROUP
LOAD c:/sysgcc/arm-eabi/bin/../lib/gcc/arm-none-eabi/10.3.1/../../../../arm-none-eabi/lib/thumb/v7e-m+fp/hard\libstdc++_nano.a
LOAD c:/sysgcc/arm-eabi/bin/../lib/gcc/arm-none-eabi/10.3.1/../../../../arm-none-eabi/lib/thumb/v7e-m+fp/hard\libm.a
START GROUP
LOAD c:/sysgcc/arm-eabi/bin/../lib/gcc/arm-none-eabi/10.3.1/thumb/v7e-m+fp/hard\libgcc.a
LOAD c:/sysgcc/arm-eabi/bin/../lib/gcc/arm-none-eabi/10.3.1/../../../../arm-none-eabi/lib/thumb/v7e-m+fp/hard\libc_nano.a
END GROUP
START GROUP
LOAD c:/sysgcc/arm-eabi/bin/../lib/gcc/arm-none-eabi/10.3.1/thumb/v7e-m+fp/hard\libgcc.a
LOAD c:/sysgcc/arm-eabi/bin/../lib/gcc/arm-none-eabi/10.3.1/../../../../arm-none-eabi/lib/thumb/v7e-m+fp/hard\libc_nano.a
LOAD c:/sysgcc/arm-eabi/bin/../lib/gcc/arm-none-eabi/10.3.1/../../../../arm-none-eabi/lib/thumb/v7e-m+fp/hard\libnosys.a
END GROUP
START GROUP
LOAD c:/sysgcc/arm-eabi/bin/../lib/gcc/arm-none-eabi/10.3.1/thumb/v7e-m+fp/hard\libgcc.a
LOAD c:/sysgcc/arm-eabi/bin/../lib/gcc/arm-none-eabi/10.3.1/../../../../arm-none-eabi/lib/thumb/v7e-m+fp/hard\libc_nano.a
LOAD c:/sysgcc/arm-eabi/bin/../lib/gcc/arm-none-eabi/10.3.1/../../../../arm-none-eabi/lib/thumb/v7e-m+fp/hard\libnosys.a
END GROUP
LOAD c:/sysgcc/arm-eabi/bin/../lib/gcc/arm-none-eabi/10.3.1/thumb/v7e-m+fp/hard/crtend.o
LOAD c:/sysgcc/arm-eabi/bin/../lib/gcc/arm-none-eabi/10.3.1/thumb/v7e-m+fp/hard/crtn.o
                0x20018000                _estack = 0x20018000

.isr_vector     0x08000000      0x188
                0x08000000                . = ALIGN (0x4)
 *(.isr_vector)
 .isr_vector    0x08000000      0x188 VisualGDB/Debug/__BSP_ROOT__/STM32L4xxxx/StartupFiles/startup_stm32l475xx.o
                0x08000000                g_pfnVectors
                0x08000188                . = ALIGN (0x4)

.text           0x08000190     0xc4f8
                0x08000190                . = ALIGN (0x4)
                0x08000190                _stext = .
 *(.text)
 .text          0x08000190       0x40 c:/sysgcc/arm-eabi/bin/../lib/gcc/arm-none-eabi/10.3.1/thumb/v7e-m+fp/hard/crtbegin.o
 .text          0x080001d0      0x378 c:/sysgcc/arm-eabi/bin/../lib/gcc/arm-none-eabi/10.3.1/thumb/v7e-m+fp/hard\libgcc.a(_arm_addsubdf3.o)
                0x080001d0                __aeabi_drsub
                0x080001d8                __aeabi_dsub
                0x080001d8                __subdf3
                0x080001dc                __aeabi_dadd
                0x080001dc                __adddf3
                0x08000454                __floatunsidf
                0x08000454                __aeabi_ui2d
                0x08000474                __floatsidf
                0x08000474                __aeabi_i2d
                0x08000498                __aeabi_f2d
                0x08000498                __extendsfdf2
                0x080004dc                __floatundidf
                0x080004dc                __aeabi_ul2d
                0x080004ec                __floatdidf
                0x080004ec                __aeabi_l2d
 .text          0x08000548      0x424 c:/sysgcc/arm-eabi/bin/../lib/gcc/arm-none-eabi/10.3.1/thumb/v7e-m+fp/hard\libgcc.a(_arm_muldivdf3.o)
                0x08000548                __aeabi_dmul
                0x08000548                __muldf3
                0x0800079c                __divdf3
                0x0800079c                __aeabi_ddiv
 .text          0x0800096c      0x110 c:/sysgcc/arm-eabi/bin/../lib/gcc/arm-none-eabi/10.3.1/thumb/v7e-m+fp/hard\libgcc.a(_arm_cmpdf2.o)
                0x0800096c                __gtdf2
                0x0800096c                __gedf2
                0x08000974                __ltdf2
                0x08000974                __ledf2
                0x0800097c                __nedf2
                0x0800097c                __eqdf2
                0x0800097c                __cmpdf2
                0x080009f8                __aeabi_cdrcmple
                0x08000a08                __aeabi_cdcmpeq
                0x08000a08                __aeabi_cdcmple
                0x08000a18                __aeabi_dcmpeq
                0x08000a2c                __aeabi_dcmplt
                0x08000a40                __aeabi_dcmple
                0x08000a54                __aeabi_dcmpge
                0x08000a68                __aeabi_dcmpgt
 .text          0x08000a7c       0x50 c:/sysgcc/arm-eabi/bin/../lib/gcc/arm-none-eabi/10.3.1/thumb/v7e-m+fp/hard\libgcc.a(_arm_fixdfsi.o)
                0x08000a7c                __aeabi_d2iz
                0x08000a7c                __fixdfsi
 .text          0x08000acc       0xa0 c:/sysgcc/arm-eabi/bin/../lib/gcc/arm-none-eabi/10.3.1/thumb/v7e-m+fp/hard\libgcc.a(_arm_truncdfsf2.o)
                0x08000acc                __truncdfsf2
                0x08000acc                __aeabi_d2f
 .text          0x08000b6c       0x30 c:/sysgcc/arm-eabi/bin/../lib/gcc/arm-none-eabi/10.3.1/thumb/v7e-m+fp/hard\libgcc.a(_aeabi_uldivmod.o)
                0x08000b6c                __aeabi_uldivmod
 .text          0x08000b9c      0x2d0 c:/sysgcc/arm-eabi/bin/../lib/gcc/arm-none-eabi/10.3.1/thumb/v7e-m+fp/hard\libgcc.a(_udivmoddi4.o)
                0x08000b9c                __udivmoddi4
 .text          0x08000e6c        0x4 c:/sysgcc/arm-eabi/bin/../lib/gcc/arm-none-eabi/10.3.1/thumb/v7e-m+fp/hard\libgcc.a(_dvmd_tls.o)
                0x08000e6c                __aeabi_idiv0
                0x08000e6c                __aeabi_ldiv0
 *(.text*)
 .text.HAL_MspInit
                0x08000e70       0x48 VisualGDB/Debug/Common/stm32l4xx_hal_msp.o
                0x08000e70                HAL_MspInit
 .text.DISPLAY_Thread1
                0x08000eb8       0x58 VisualGDB/Debug/DISPLAY/DISPLAY.o
                0x08000eb8                DISPLAY_Thread1
 .text.Flash_Sim_Demo
                0x08000f10       0x74 VisualGDB/Debug/Flash/Flash_Sim_Demo.o
                0x08000f10                Flash_Sim_Demo
 .text.sFLASH_ReadBuffer
                0x08000f84       0x34 VisualGDB/Debug/Flash/spi_flash.o
                0x08000f84                sFLASH_ReadBuffer
 .text.sFLASH_WriteBuffer
                0x08000fb8       0x7c VisualGDB/Debug/Flash/spi_flash.o
                0x08000fb8                sFLASH_WriteBuffer
 .text.sFLASH_EraseBulk
                0x08001034       0x38 VisualGDB/Debug/Flash/spi_flash.o
                0x08001034                sFLASH_EraseBulk
 .text.sFLASH_Init
                0x0800106c       0x2c VisualGDB/Debug/Flash/spi_flash.o
                0x0800106c                sFLASH_Init
 .text.DWT_Delay_us
                0x08001098       0x34 VisualGDB/Debug/HX711/HX711.o
 .text._Z7shiftIntth
                0x080010cc       0xb4 VisualGDB/Debug/HX711/HX711.o
                0x080010cc                shiftIn(unsigned short, unsigned short, unsigned char)
 .text._ZN5HX711C2Ev
                0x08001180       0x34 VisualGDB/Debug/HX711/HX711.o
                0x08001180                HX711::HX711()
                0x08001180                HX711::HX711()
 .text._ZN5HX711D2Ev
                0x080011b4       0x20 VisualGDB/Debug/HX711/HX711.o
                0x080011b4                HX711::~HX711()
                0x080011b4                HX711::~HX711()
 .text._ZN5HX711D0Ev
                0x080011d4       0x20 VisualGDB/Debug/HX711/HX711.o
                0x080011d4                HX711::~HX711()
 .text._ZN5HX7115beginEtth
                0x080011f4       0x80 VisualGDB/Debug/HX711/HX711.o
                0x080011f4                HX711::begin(unsigned short, unsigned short, unsigned char)
 .text._ZN5HX7118is_readyEv
                0x08001274       0x2a VisualGDB/Debug/HX711/HX711.o
                0x08001274                HX711::is_ready()
 .text._ZN5HX7118set_gainEh
                0x0800129e       0x44 VisualGDB/Debug/HX711/HX711.o
                0x0800129e                HX711::set_gain(unsigned char)
 *fill*         0x080012e2        0x2 
 .text._ZN5HX7114readEv
                0x080012e4       0xe0 VisualGDB/Debug/HX711/HX711.o
                0x080012e4                HX711::read()
 .text._ZN5HX71110wait_readyEm
                0x080013c4       0x36 VisualGDB/Debug/HX711/HX711.o
                0x080013c4                HX711::wait_ready(unsigned long)
 .text._ZN5HX71112read_averageEh
                0x080013fa       0x48 VisualGDB/Debug/HX711/HX711.o
                0x080013fa                HX711::read_average(unsigned char)
 .text._ZN5HX7119get_valueEh
                0x08001442       0x3a VisualGDB/Debug/HX711/HX711.o
                0x08001442                HX711::get_value(unsigned char)
 .text._ZN5HX7119get_unitsEh
                0x0800147c       0x4c VisualGDB/Debug/HX711/HX711.o
                0x0800147c                HX711::get_units(unsigned char)
 .text._ZN5HX7114tareEh
                0x080014c8       0x40 VisualGDB/Debug/HX711/HX711.o
                0x080014c8                HX711::tare(unsigned char)
 .text._ZN5HX7119set_scaleEf
                0x08001508       0x1e VisualGDB/Debug/HX711/HX711.o
                0x08001508                HX711::set_scale(float)
 .text._ZN5HX71110set_offsetEl
                0x08001526       0x1c VisualGDB/Debug/HX711/HX711.o
                0x08001526                HX711::set_offset(long)
 *fill*         0x08001542        0x2 
 .text._ZN5HX71110power_downEv
                0x08001544       0x44 VisualGDB/Debug/HX711/HX711.o
                0x08001544                HX711::power_down()
 .text._ZN5HX7118power_upEv
                0x08001588       0x2c VisualGDB/Debug/HX711/HX711.o
                0x08001588                HX711::power_up()
 .text.LED_GetMode
                0x080015b4       0x20 VisualGDB/Debug/LED/LED.o
                0x080015b4                LED_GetMode
 .text.LED_SetMode
                0x080015d4       0x40 VisualGDB/Debug/LED/LED.o
                0x080015d4                LED_SetMode
 .text.LED_init
                0x08001614       0x2c VisualGDB/Debug/LED/LED.o
                0x08001614                LED_init
 .text.LED2_init
                0x08001640       0x30 VisualGDB/Debug/LED/LED.o
                0x08001640                LED2_init
 .text.LED_ON   0x08001670       0x14 VisualGDB/Debug/LED/LED.o
                0x08001670                LED_ON
 .text.LED_OFF  0x08001684       0x14 VisualGDB/Debug/LED/LED.o
                0x08001684                LED_OFF
 .text.LED2_ON  0x08001698       0x18 VisualGDB/Debug/LED/LED.o
                0x08001698                LED2_ON
 .text.LED2_OFF
                0x080016b0       0x18 VisualGDB/Debug/LED/LED.o
                0x080016b0                LED2_OFF
 .text.LED2_TOGGLE
                0x080016c8       0x18 VisualGDB/Debug/LED/LED.o
                0x080016c8                LED2_TOGGLE
 .text.STATE_LED_ON
                0x080016e0       0x3c VisualGDB/Debug/LED/LED.o
                0x080016e0                STATE_LED_ON
 .text.STATE_LED_OFF
                0x0800171c       0x3c VisualGDB/Debug/LED/LED.o
                0x0800171c                STATE_LED_OFF
 .text.ssd1306_Reset
                0x08001758        0xe VisualGDB/Debug/SSD1306/ssd1306.o
                0x08001758                ssd1306_Reset
 *fill*         0x08001766        0x2 
 .text.ssd1306_WriteCommand
                0x08001768       0x30 VisualGDB/Debug/SSD1306/ssd1306.o
                0x08001768                ssd1306_WriteCommand
 .text.ssd1306_WriteData
                0x08001798       0x34 VisualGDB/Debug/SSD1306/ssd1306.o
                0x08001798                ssd1306_WriteData
 .text.ssd1306_Init
                0x080017cc       0xd4 VisualGDB/Debug/SSD1306/ssd1306.o
                0x080017cc                ssd1306_Init
 .text.ssd1306_Fill
                0x080018a0       0x48 VisualGDB/Debug/SSD1306/ssd1306.o
                0x080018a0                ssd1306_Fill
 .text.ssd1306_UpdateScreen
                0x080018e8       0x50 VisualGDB/Debug/SSD1306/ssd1306.o
                0x080018e8                ssd1306_UpdateScreen
 .text.ssd1306_DrawPixel
                0x08001938       0xa8 VisualGDB/Debug/SSD1306/ssd1306.o
                0x08001938                ssd1306_DrawPixel
 .text.ssd1306_WriteChar
                0x080019e0      0x110 VisualGDB/Debug/SSD1306/ssd1306.o
                0x080019e0                ssd1306_WriteChar
 .text.ssd1306_WriteString
                0x08001af0       0x4c VisualGDB/Debug/SSD1306/ssd1306.o
                0x08001af0                ssd1306_WriteString
 .text.ssd1306_SetCursor
                0x08001b3c       0x30 VisualGDB/Debug/SSD1306/ssd1306.o
                0x08001b3c                ssd1306_SetCursor
 .text.ssd1306_Line
                0x08001b6c       0xd8 VisualGDB/Debug/SSD1306/ssd1306.o
                0x08001b6c                ssd1306_Line
 .text.ssd1306_Polyline
                0x08001c44       0x74 VisualGDB/Debug/SSD1306/ssd1306.o
                0x08001c44                ssd1306_Polyline
 .text.ssd1306_DegToRad
                0x08001cb8       0x54 VisualGDB/Debug/SSD1306/ssd1306.o
 .text.ssd1306_NormalizeTo0_360
                0x08001d0c       0x54 VisualGDB/Debug/SSD1306/ssd1306.o
 .text.ssd1306_DrawArc
                0x08001d60      0x218 VisualGDB/Debug/SSD1306/ssd1306.o
                0x08001d60                ssd1306_DrawArc
 .text.ssd1306_DrawCircle
                0x08001f78      0x10e VisualGDB/Debug/SSD1306/ssd1306.o
                0x08001f78                ssd1306_DrawCircle
 .text.ssd1306_DrawRectangle
                0x08002086       0x6e VisualGDB/Debug/SSD1306/ssd1306.o
                0x08002086                ssd1306_DrawRectangle
 .text.ssd1306_DrawBitmap
                0x080020f4       0xb6 VisualGDB/Debug/SSD1306/ssd1306.o
                0x080020f4                ssd1306_DrawBitmap
 .text.ssd1306_SetContrast
                0x080021aa       0x26 VisualGDB/Debug/SSD1306/ssd1306.o
                0x080021aa                ssd1306_SetContrast
 .text.ssd1306_SetDisplayOn
                0x080021d0       0x3c VisualGDB/Debug/SSD1306/ssd1306.o
                0x080021d0                ssd1306_SetDisplayOn
 .text.ssd1306_TestBorder
                0x0800220c       0xa4 VisualGDB/Debug/SSD1306/ssd1306_tests.o
                0x0800220c                ssd1306_TestBorder
 .text.ssd1306_TestFonts
                0x080022b0       0xa8 VisualGDB/Debug/SSD1306/ssd1306_tests.o
                0x080022b0                ssd1306_TestFonts
 .text.ssd1306_TestFPS
                0x08002358      0x13c VisualGDB/Debug/SSD1306/ssd1306_tests.o
                0x08002358                ssd1306_TestFPS
 .text.ssd1306_TestLine
                0x08002494       0x30 VisualGDB/Debug/SSD1306/ssd1306_tests.o
                0x08002494                ssd1306_TestLine
 .text.ssd1306_TestRectangle
                0x080024c4       0x70 VisualGDB/Debug/SSD1306/ssd1306_tests.o
                0x080024c4                ssd1306_TestRectangle
 .text.ssd1306_TestCircle
                0x08002534       0x40 VisualGDB/Debug/SSD1306/ssd1306_tests.o
                0x08002534                ssd1306_TestCircle
 .text.ssd1306_TestArc
                0x08002574       0x26 VisualGDB/Debug/SSD1306/ssd1306_tests.o
                0x08002574                ssd1306_TestArc
 *fill*         0x0800259a        0x2 
 .text.ssd1306_TestPolyline
                0x0800259c       0x2c VisualGDB/Debug/SSD1306/ssd1306_tests.o
                0x0800259c                ssd1306_TestPolyline
 .text.ssd1306_TestDrawBitmap
                0x080025c8       0x84 VisualGDB/Debug/SSD1306/ssd1306_tests.o
                0x080025c8                ssd1306_TestDrawBitmap
 .text.ssd1306_TestAll
                0x0800264c       0x98 VisualGDB/Debug/SSD1306/ssd1306_tests.o
                0x0800264c                ssd1306_TestAll
 .text.GetAppState
                0x080026e4       0x20 VisualGDB/Debug/Tasks/state_machine.o
                0x080026e4                GetAppState
 .text.SetAppState
                0x08002704       0x24 VisualGDB/Debug/Tasks/state_machine.o
                0x08002704                SetAppState
 .text.int_to_string_helper
                0x08002728       0x78 VisualGDB/Debug/UART/int_to_string.o
 .text.int_to_string
                0x080027a0       0x6e VisualGDB/Debug/UART/int_to_string.o
                0x080027a0                int_to_string
 *fill*         0x0800280e        0x2 
 .text.UART_TxMessage
                0x08002810       0x64 VisualGDB/Debug/UART/UART.o
                0x08002810                UART_TxMessage
 .text.UART_TxMessageIntValue
                0x08002874       0x50 VisualGDB/Debug/UART/UART.o
                0x08002874                UART_TxMessageIntValue
 .text.UART_Thread1
                0x080028c4       0x18 VisualGDB/Debug/UART/UART.o
                0x080028c4                UART_Thread1
 .text.UART_init
                0x080028dc       0xd8 VisualGDB/Debug/UART/UART.o
                0x080028dc                UART_init
 .text.SystemInit
                0x080029b4       0x6c VisualGDB/Debug/system_stm32l4xx.o
                0x080029b4                SystemInit
 .text.GetScaleWeight
                0x08002a20       0xe0 VisualGDB/Debug/Tasks/task_weight_monitor.o
                0x08002a20                GetScaleWeight
 .text.theScaleTask
                0x08002b00       0x12 VisualGDB/Debug/Tasks/task_weight_monitor.o
                0x08002b00                theScaleTask
 *fill*         0x08002b12        0x2 
 .text._Z41__static_initialization_and_destruction_0ii
                0x08002b14       0x50 VisualGDB/Debug/Tasks/task_weight_monitor.o
 .text._GLOBAL__sub_I_xHX711_Semaphore
                0x08002b64       0x10 VisualGDB/Debug/Tasks/task_weight_monitor.o
 .text.GPIO_init
                0x08002b74      0x104 VisualGDB/Debug/_Init/Init_GPIO.o
                0x08002b74                GPIO_init
 .text.ConfigureI2CPins
                0x08002c78       0x4c VisualGDB/Debug/_Init/Init_GPIO_I2C.o
                0x08002c78                ConfigureI2CPins
 .text.HAL_GPIO_EXTI_Callback
                0x08002cc4       0x6c VisualGDB/Debug/_main.o
                0x08002cc4                HAL_GPIO_EXTI_Callback
 .text.EXTI15_10_IRQHandler
                0x08002d30       0x10 VisualGDB/Debug/_main.o
                0x08002d30                EXTI15_10_IRQHandler
 .text.TIM2_IRQHandler
                0x08002d40       0x14 VisualGDB/Debug/_main.o
                0x08002d40                TIM2_IRQHandler
 .text.main     0x08002d54      0x114 VisualGDB/Debug/_main.o
                0x08002d54                main
 .text.SysTick_Handler
                0x08002e68       0x14 VisualGDB/Debug/_main.o
                0x08002e68                SysTick_Handler
 .text.LED_Thread1
                0x08002e7c       0x68 VisualGDB/Debug/_main.o
 .text.LED_Thread2
                0x08002ee4       0x6c VisualGDB/Debug/_main.o
 .text.NMI_Handler
                0x08002f50        0x6 VisualGDB/Debug/__BSP_ROOT__/STM32L4xxxx/StartupFiles/startup_stm32l475xx.o
                0x08002f50                NMI_Handler
 .text.HardFault_Handler
                0x08002f56        0x6 VisualGDB/Debug/__BSP_ROOT__/STM32L4xxxx/StartupFiles/startup_stm32l475xx.o
                0x08002f56                HardFault_Handler
 .text.MemManage_Handler
                0x08002f5c        0x6 VisualGDB/Debug/__BSP_ROOT__/STM32L4xxxx/StartupFiles/startup_stm32l475xx.o
                0x08002f5c                MemManage_Handler
 .text.BusFault_Handler
                0x08002f62        0x6 VisualGDB/Debug/__BSP_ROOT__/STM32L4xxxx/StartupFiles/startup_stm32l475xx.o
                0x08002f62                BusFault_Handler
 .text.UsageFault_Handler
                0x08002f68        0x6 VisualGDB/Debug/__BSP_ROOT__/STM32L4xxxx/StartupFiles/startup_stm32l475xx.o
                0x08002f68                UsageFault_Handler
 .text.DebugMon_Handler
                0x08002f6e        0x6 VisualGDB/Debug/__BSP_ROOT__/STM32L4xxxx/StartupFiles/startup_stm32l475xx.o
                0x08002f6e                DebugMon_Handler
 .text.WWDG_IRQHandler
                0x08002f74        0x6 VisualGDB/Debug/__BSP_ROOT__/STM32L4xxxx/StartupFiles/startup_stm32l475xx.o
                0x08002f74                WWDG_IRQHandler
 .text.PVD_PVM_IRQHandler
                0x08002f7a        0x6 VisualGDB/Debug/__BSP_ROOT__/STM32L4xxxx/StartupFiles/startup_stm32l475xx.o
                0x08002f7a                PVD_PVM_IRQHandler
 .text.TAMP_STAMP_IRQHandler
                0x08002f80        0x6 VisualGDB/Debug/__BSP_ROOT__/STM32L4xxxx/StartupFiles/startup_stm32l475xx.o
                0x08002f80                TAMP_STAMP_IRQHandler
 .text.RTC_WKUP_IRQHandler
                0x08002f86        0x6 VisualGDB/Debug/__BSP_ROOT__/STM32L4xxxx/StartupFiles/startup_stm32l475xx.o
                0x08002f86                RTC_WKUP_IRQHandler
 .text.FLASH_IRQHandler
                0x08002f8c        0x6 VisualGDB/Debug/__BSP_ROOT__/STM32L4xxxx/StartupFiles/startup_stm32l475xx.o
                0x08002f8c                FLASH_IRQHandler
 .text.RCC_IRQHandler
                0x08002f92        0x6 VisualGDB/Debug/__BSP_ROOT__/STM32L4xxxx/StartupFiles/startup_stm32l475xx.o
                0x08002f92                RCC_IRQHandler
 .text.EXTI0_IRQHandler
                0x08002f98        0x6 VisualGDB/Debug/__BSP_ROOT__/STM32L4xxxx/StartupFiles/startup_stm32l475xx.o
                0x08002f98                EXTI0_IRQHandler
 .text.EXTI1_IRQHandler
                0x08002f9e        0x6 VisualGDB/Debug/__BSP_ROOT__/STM32L4xxxx/StartupFiles/startup_stm32l475xx.o
                0x08002f9e                EXTI1_IRQHandler
 .text.EXTI2_IRQHandler
                0x08002fa4        0x6 VisualGDB/Debug/__BSP_ROOT__/STM32L4xxxx/StartupFiles/startup_stm32l475xx.o
                0x08002fa4                EXTI2_IRQHandler
 .text.EXTI3_IRQHandler
                0x08002faa        0x6 VisualGDB/Debug/__BSP_ROOT__/STM32L4xxxx/StartupFiles/startup_stm32l475xx.o
                0x08002faa                EXTI3_IRQHandler
 .text.EXTI4_IRQHandler
                0x08002fb0        0x6 VisualGDB/Debug/__BSP_ROOT__/STM32L4xxxx/StartupFiles/startup_stm32l475xx.o
                0x08002fb0                EXTI4_IRQHandler
 .text.DMA1_Channel1_IRQHandler
                0x08002fb6        0x6 VisualGDB/Debug/__BSP_ROOT__/STM32L4xxxx/StartupFiles/startup_stm32l475xx.o
                0x08002fb6                DMA1_Channel1_IRQHandler
 .text.DMA1_Channel2_IRQHandler
                0x08002fbc        0x6 VisualGDB/Debug/__BSP_ROOT__/STM32L4xxxx/StartupFiles/startup_stm32l475xx.o
                0x08002fbc                DMA1_Channel2_IRQHandler
 .text.DMA1_Channel3_IRQHandler
                0x08002fc2        0x6 VisualGDB/Debug/__BSP_ROOT__/STM32L4xxxx/StartupFiles/startup_stm32l475xx.o
                0x08002fc2                DMA1_Channel3_IRQHandler
 .text.DMA1_Channel4_IRQHandler
                0x08002fc8        0x6 VisualGDB/Debug/__BSP_ROOT__/STM32L4xxxx/StartupFiles/startup_stm32l475xx.o
                0x08002fc8                DMA1_Channel4_IRQHandler
 .text.DMA1_Channel5_IRQHandler
                0x08002fce        0x6 VisualGDB/Debug/__BSP_ROOT__/STM32L4xxxx/StartupFiles/startup_stm32l475xx.o
                0x08002fce                DMA1_Channel5_IRQHandler
 .text.DMA1_Channel6_IRQHandler
                0x08002fd4        0x6 VisualGDB/Debug/__BSP_ROOT__/STM32L4xxxx/StartupFiles/startup_stm32l475xx.o
                0x08002fd4                DMA1_Channel6_IRQHandler
 .text.DMA1_Channel7_IRQHandler
                0x08002fda        0x6 VisualGDB/Debug/__BSP_ROOT__/STM32L4xxxx/StartupFiles/startup_stm32l475xx.o
                0x08002fda                DMA1_Channel7_IRQHandler
 .text.ADC1_2_IRQHandler
                0x08002fe0        0x6 VisualGDB/Debug/__BSP_ROOT__/STM32L4xxxx/StartupFiles/startup_stm32l475xx.o
                0x08002fe0                ADC1_2_IRQHandler
 .text.CAN1_TX_IRQHandler
                0x08002fe6        0x6 VisualGDB/Debug/__BSP_ROOT__/STM32L4xxxx/StartupFiles/startup_stm32l475xx.o
                0x08002fe6                CAN1_TX_IRQHandler
 .text.CAN1_RX0_IRQHandler
                0x08002fec        0x6 VisualGDB/Debug/__BSP_ROOT__/STM32L4xxxx/StartupFiles/startup_stm32l475xx.o
                0x08002fec                CAN1_RX0_IRQHandler
 .text.CAN1_RX1_IRQHandler
                0x08002ff2        0x6 VisualGDB/Debug/__BSP_ROOT__/STM32L4xxxx/StartupFiles/startup_stm32l475xx.o
                0x08002ff2                CAN1_RX1_IRQHandler
 .text.CAN1_SCE_IRQHandler
                0x08002ff8        0x6 VisualGDB/Debug/__BSP_ROOT__/STM32L4xxxx/StartupFiles/startup_stm32l475xx.o
                0x08002ff8                CAN1_SCE_IRQHandler
 .text.EXTI9_5_IRQHandler
                0x08002ffe        0x6 VisualGDB/Debug/__BSP_ROOT__/STM32L4xxxx/StartupFiles/startup_stm32l475xx.o
                0x08002ffe                EXTI9_5_IRQHandler
 .text.TIM1_BRK_TIM15_IRQHandler
                0x08003004        0x6 VisualGDB/Debug/__BSP_ROOT__/STM32L4xxxx/StartupFiles/startup_stm32l475xx.o
                0x08003004                TIM1_BRK_TIM15_IRQHandler
 .text.TIM1_UP_TIM16_IRQHandler
                0x0800300a        0x6 VisualGDB/Debug/__BSP_ROOT__/STM32L4xxxx/StartupFiles/startup_stm32l475xx.o
                0x0800300a                TIM1_UP_TIM16_IRQHandler
 .text.TIM1_TRG_COM_TIM17_IRQHandler
                0x08003010        0x6 VisualGDB/Debug/__BSP_ROOT__/STM32L4xxxx/StartupFiles/startup_stm32l475xx.o
                0x08003010                TIM1_TRG_COM_TIM17_IRQHandler
 .text.TIM1_CC_IRQHandler
                0x08003016        0x6 VisualGDB/Debug/__BSP_ROOT__/STM32L4xxxx/StartupFiles/startup_stm32l475xx.o
                0x08003016                TIM1_CC_IRQHandler
 .text.TIM3_IRQHandler
                0x0800301c        0x6 VisualGDB/Debug/__BSP_ROOT__/STM32L4xxxx/StartupFiles/startup_stm32l475xx.o
                0x0800301c                TIM3_IRQHandler
 .text.TIM4_IRQHandler
                0x08003022        0x6 VisualGDB/Debug/__BSP_ROOT__/STM32L4xxxx/StartupFiles/startup_stm32l475xx.o
                0x08003022                TIM4_IRQHandler
 .text.I2C1_EV_IRQHandler
                0x08003028        0x6 VisualGDB/Debug/__BSP_ROOT__/STM32L4xxxx/StartupFiles/startup_stm32l475xx.o
                0x08003028                I2C1_EV_IRQHandler
 .text.I2C1_ER_IRQHandler
                0x0800302e        0x6 VisualGDB/Debug/__BSP_ROOT__/STM32L4xxxx/StartupFiles/startup_stm32l475xx.o
                0x0800302e                I2C1_ER_IRQHandler
 .text.I2C2_EV_IRQHandler
                0x08003034        0x6 VisualGDB/Debug/__BSP_ROOT__/STM32L4xxxx/StartupFiles/startup_stm32l475xx.o
                0x08003034                I2C2_EV_IRQHandler
 .text.I2C2_ER_IRQHandler
                0x0800303a        0x6 VisualGDB/Debug/__BSP_ROOT__/STM32L4xxxx/StartupFiles/startup_stm32l475xx.o
                0x0800303a                I2C2_ER_IRQHandler
 .text.SPI1_IRQHandler
                0x08003040        0x6 VisualGDB/Debug/__BSP_ROOT__/STM32L4xxxx/StartupFiles/startup_stm32l475xx.o
                0x08003040                SPI1_IRQHandler
 .text.SPI2_IRQHandler
                0x08003046        0x6 VisualGDB/Debug/__BSP_ROOT__/STM32L4xxxx/StartupFiles/startup_stm32l475xx.o
                0x08003046                SPI2_IRQHandler
 .text.USART1_IRQHandler
                0x0800304c        0x6 VisualGDB/Debug/__BSP_ROOT__/STM32L4xxxx/StartupFiles/startup_stm32l475xx.o
                0x0800304c                USART1_IRQHandler
 .text.USART2_IRQHandler
                0x08003052        0x6 VisualGDB/Debug/__BSP_ROOT__/STM32L4xxxx/StartupFiles/startup_stm32l475xx.o
                0x08003052                USART2_IRQHandler
 .text.USART3_IRQHandler
                0x08003058        0x6 VisualGDB/Debug/__BSP_ROOT__/STM32L4xxxx/StartupFiles/startup_stm32l475xx.o
                0x08003058                USART3_IRQHandler
 .text.RTC_Alarm_IRQHandler
                0x0800305e        0x6 VisualGDB/Debug/__BSP_ROOT__/STM32L4xxxx/StartupFiles/startup_stm32l475xx.o
                0x0800305e                RTC_Alarm_IRQHandler
 .text.DFSDM1_FLT3_IRQHandler
                0x08003064        0x6 VisualGDB/Debug/__BSP_ROOT__/STM32L4xxxx/StartupFiles/startup_stm32l475xx.o
                0x08003064                DFSDM1_FLT3_IRQHandler
 .text.TIM8_BRK_IRQHandler
                0x0800306a        0x6 VisualGDB/Debug/__BSP_ROOT__/STM32L4xxxx/StartupFiles/startup_stm32l475xx.o
                0x0800306a                TIM8_BRK_IRQHandler
 .text.TIM8_UP_IRQHandler
                0x08003070        0x6 VisualGDB/Debug/__BSP_ROOT__/STM32L4xxxx/StartupFiles/startup_stm32l475xx.o
                0x08003070                TIM8_UP_IRQHandler
 .text.TIM8_TRG_COM_IRQHandler
                0x08003076        0x6 VisualGDB/Debug/__BSP_ROOT__/STM32L4xxxx/StartupFiles/startup_stm32l475xx.o
                0x08003076                TIM8_TRG_COM_IRQHandler
 .text.TIM8_CC_IRQHandler
                0x0800307c        0x6 VisualGDB/Debug/__BSP_ROOT__/STM32L4xxxx/StartupFiles/startup_stm32l475xx.o
                0x0800307c                TIM8_CC_IRQHandler
 .text.ADC3_IRQHandler
                0x08003082        0x6 VisualGDB/Debug/__BSP_ROOT__/STM32L4xxxx/StartupFiles/startup_stm32l475xx.o
                0x08003082                ADC3_IRQHandler
 .text.FMC_IRQHandler
                0x08003088        0x6 VisualGDB/Debug/__BSP_ROOT__/STM32L4xxxx/StartupFiles/startup_stm32l475xx.o
                0x08003088                FMC_IRQHandler
 .text.SDMMC1_IRQHandler
                0x0800308e        0x6 VisualGDB/Debug/__BSP_ROOT__/STM32L4xxxx/StartupFiles/startup_stm32l475xx.o
                0x0800308e                SDMMC1_IRQHandler
 .text.TIM5_IRQHandler
                0x08003094        0x6 VisualGDB/Debug/__BSP_ROOT__/STM32L4xxxx/StartupFiles/startup_stm32l475xx.o
                0x08003094                TIM5_IRQHandler
 .text.SPI3_IRQHandler
                0x0800309a        0x6 VisualGDB/Debug/__BSP_ROOT__/STM32L4xxxx/StartupFiles/startup_stm32l475xx.o
                0x0800309a                SPI3_IRQHandler
 .text.UART4_IRQHandler
                0x080030a0        0x6 VisualGDB/Debug/__BSP_ROOT__/STM32L4xxxx/StartupFiles/startup_stm32l475xx.o
                0x080030a0                UART4_IRQHandler
 .text.UART5_IRQHandler
                0x080030a6        0x6 VisualGDB/Debug/__BSP_ROOT__/STM32L4xxxx/StartupFiles/startup_stm32l475xx.o
                0x080030a6                UART5_IRQHandler
 .text.TIM6_DAC_IRQHandler
                0x080030ac        0x6 VisualGDB/Debug/__BSP_ROOT__/STM32L4xxxx/StartupFiles/startup_stm32l475xx.o
                0x080030ac                TIM6_DAC_IRQHandler
 .text.TIM7_IRQHandler
                0x080030b2        0x6 VisualGDB/Debug/__BSP_ROOT__/STM32L4xxxx/StartupFiles/startup_stm32l475xx.o
                0x080030b2                TIM7_IRQHandler
 .text.DMA2_Channel1_IRQHandler
                0x080030b8        0x6 VisualGDB/Debug/__BSP_ROOT__/STM32L4xxxx/StartupFiles/startup_stm32l475xx.o
                0x080030b8                DMA2_Channel1_IRQHandler
 .text.DMA2_Channel2_IRQHandler
                0x080030be        0x6 VisualGDB/Debug/__BSP_ROOT__/STM32L4xxxx/StartupFiles/startup_stm32l475xx.o
                0x080030be                DMA2_Channel2_IRQHandler
 .text.DMA2_Channel3_IRQHandler
                0x080030c4        0x6 VisualGDB/Debug/__BSP_ROOT__/STM32L4xxxx/StartupFiles/startup_stm32l475xx.o
                0x080030c4                DMA2_Channel3_IRQHandler
 .text.DMA2_Channel4_IRQHandler
                0x080030ca        0x6 VisualGDB/Debug/__BSP_ROOT__/STM32L4xxxx/StartupFiles/startup_stm32l475xx.o
                0x080030ca                DMA2_Channel4_IRQHandler
 .text.DMA2_Channel5_IRQHandler
                0x080030d0        0x6 VisualGDB/Debug/__BSP_ROOT__/STM32L4xxxx/StartupFiles/startup_stm32l475xx.o
                0x080030d0                DMA2_Channel5_IRQHandler
 .text.DFSDM1_FLT0_IRQHandler
                0x080030d6        0x6 VisualGDB/Debug/__BSP_ROOT__/STM32L4xxxx/StartupFiles/startup_stm32l475xx.o
                0x080030d6                DFSDM1_FLT0_IRQHandler
 .text.DFSDM1_FLT1_IRQHandler
                0x080030dc        0x6 VisualGDB/Debug/__BSP_ROOT__/STM32L4xxxx/StartupFiles/startup_stm32l475xx.o
                0x080030dc                DFSDM1_FLT1_IRQHandler
 .text.DFSDM1_FLT2_IRQHandler
                0x080030e2        0x6 VisualGDB/Debug/__BSP_ROOT__/STM32L4xxxx/StartupFiles/startup_stm32l475xx.o
                0x080030e2                DFSDM1_FLT2_IRQHandler
 .text.COMP_IRQHandler
                0x080030e8        0x6 VisualGDB/Debug/__BSP_ROOT__/STM32L4xxxx/StartupFiles/startup_stm32l475xx.o
                0x080030e8                COMP_IRQHandler
 .text.LPTIM1_IRQHandler
                0x080030ee        0x6 VisualGDB/Debug/__BSP_ROOT__/STM32L4xxxx/StartupFiles/startup_stm32l475xx.o
                0x080030ee                LPTIM1_IRQHandler
 .text.LPTIM2_IRQHandler
                0x080030f4        0x6 VisualGDB/Debug/__BSP_ROOT__/STM32L4xxxx/StartupFiles/startup_stm32l475xx.o
                0x080030f4                LPTIM2_IRQHandler
 .text.OTG_FS_IRQHandler
                0x080030fa        0x6 VisualGDB/Debug/__BSP_ROOT__/STM32L4xxxx/StartupFiles/startup_stm32l475xx.o
                0x080030fa                OTG_FS_IRQHandler
 .text.DMA2_Channel6_IRQHandler
                0x08003100        0x6 VisualGDB/Debug/__BSP_ROOT__/STM32L4xxxx/StartupFiles/startup_stm32l475xx.o
                0x08003100                DMA2_Channel6_IRQHandler
 .text.DMA2_Channel7_IRQHandler
                0x08003106        0x6 VisualGDB/Debug/__BSP_ROOT__/STM32L4xxxx/StartupFiles/startup_stm32l475xx.o
                0x08003106                DMA2_Channel7_IRQHandler
 .text.LPUART1_IRQHandler
                0x0800310c        0x6 VisualGDB/Debug/__BSP_ROOT__/STM32L4xxxx/StartupFiles/startup_stm32l475xx.o
                0x0800310c                LPUART1_IRQHandler
 .text.QUADSPI_IRQHandler
                0x08003112        0x6 VisualGDB/Debug/__BSP_ROOT__/STM32L4xxxx/StartupFiles/startup_stm32l475xx.o
                0x08003112                QUADSPI_IRQHandler
 .text.I2C3_EV_IRQHandler
                0x08003118        0x6 VisualGDB/Debug/__BSP_ROOT__/STM32L4xxxx/StartupFiles/startup_stm32l475xx.o
                0x08003118                I2C3_EV_IRQHandler
 .text.I2C3_ER_IRQHandler
                0x0800311e        0x6 VisualGDB/Debug/__BSP_ROOT__/STM32L4xxxx/StartupFiles/startup_stm32l475xx.o
                0x0800311e                I2C3_ER_IRQHandler
 .text.SAI1_IRQHandler
                0x08003124        0x6 VisualGDB/Debug/__BSP_ROOT__/STM32L4xxxx/StartupFiles/startup_stm32l475xx.o
                0x08003124                SAI1_IRQHandler
 .text.SAI2_IRQHandler
                0x0800312a        0x6 VisualGDB/Debug/__BSP_ROOT__/STM32L4xxxx/StartupFiles/startup_stm32l475xx.o
                0x0800312a                SAI2_IRQHandler
 .text.SWPMI1_IRQHandler
                0x08003130        0x6 VisualGDB/Debug/__BSP_ROOT__/STM32L4xxxx/StartupFiles/startup_stm32l475xx.o
                0x08003130                SWPMI1_IRQHandler
 .text.TSC_IRQHandler
                0x08003136        0x6 VisualGDB/Debug/__BSP_ROOT__/STM32L4xxxx/StartupFiles/startup_stm32l475xx.o
                0x08003136                TSC_IRQHandler
 .text.RNG_IRQHandler
                0x0800313c        0x6 VisualGDB/Debug/__BSP_ROOT__/STM32L4xxxx/StartupFiles/startup_stm32l475xx.o
                0x0800313c                RNG_IRQHandler
 .text.FPU_IRQHandler
                0x08003142        0x6 VisualGDB/Debug/__BSP_ROOT__/STM32L4xxxx/StartupFiles/startup_stm32l475xx.o
                0x08003142                FPU_IRQHandler
 .text.Reset_Handler
                0x08003148       0x48 VisualGDB/Debug/__BSP_ROOT__/STM32L4xxxx/StartupFiles/startup_stm32l475xx.o
                0x08003148                Reset_Handler
 .text.vListInitialise
                0x08003190       0x40 VisualGDB/Debug/__BSP_ROOT__/FreeRTOS/Source/list.o
                0x08003190                vListInitialise
 .text.vListInitialiseItem
                0x080031d0       0x1a VisualGDB/Debug/__BSP_ROOT__/FreeRTOS/Source/list.o
                0x080031d0                vListInitialiseItem
 .text.vListInsertEnd
                0x080031ea       0x48 VisualGDB/Debug/__BSP_ROOT__/FreeRTOS/Source/list.o
                0x080031ea                vListInsertEnd
 .text.vListInsert
                0x08003232       0x72 VisualGDB/Debug/__BSP_ROOT__/FreeRTOS/Source/list.o
                0x08003232                vListInsert
 .text.uxListRemove
                0x080032a4       0x54 VisualGDB/Debug/__BSP_ROOT__/FreeRTOS/Source/list.o
                0x080032a4                uxListRemove
 .text.xQueueGenericReset
                0x080032f8       0xd0 VisualGDB/Debug/__BSP_ROOT__/FreeRTOS/Source/queue.o
                0x080032f8                xQueueGenericReset
 .text.xQueueGenericCreate
                0x080033c8       0x78 VisualGDB/Debug/__BSP_ROOT__/FreeRTOS/Source/queue.o
                0x080033c8                xQueueGenericCreate
 .text.prvInitialiseNewQueue
                0x08003440       0x46 VisualGDB/Debug/__BSP_ROOT__/FreeRTOS/Source/queue.o
 .text.prvInitialiseMutex
                0x08003486       0x34 VisualGDB/Debug/__BSP_ROOT__/FreeRTOS/Source/queue.o
 .text.xQueueCreateMutex
                0x080034ba       0x30 VisualGDB/Debug/__BSP_ROOT__/FreeRTOS/Source/queue.o
                0x080034ba                xQueueCreateMutex
 *fill*         0x080034ea        0x2 
 .text.xQueueGenericSend
                0x080034ec      0x1fc VisualGDB/Debug/__BSP_ROOT__/FreeRTOS/Source/queue.o
                0x080034ec                xQueueGenericSend
 .text.xQueueGenericSendFromISR
                0x080036e8      0x130 VisualGDB/Debug/__BSP_ROOT__/FreeRTOS/Source/queue.o
                0x080036e8                xQueueGenericSendFromISR
 .text.xQueueReceive
                0x08003818      0x1c0 VisualGDB/Debug/__BSP_ROOT__/FreeRTOS/Source/queue.o
                0x08003818                xQueueReceive
 .text.xQueueSemaphoreTake
                0x080039d8      0x218 VisualGDB/Debug/__BSP_ROOT__/FreeRTOS/Source/queue.o
                0x080039d8                xQueueSemaphoreTake
 .text.prvGetDisinheritPriorityAfterTimeout
                0x08003bf0       0x30 VisualGDB/Debug/__BSP_ROOT__/FreeRTOS/Source/queue.o
 .text.prvCopyDataToQueue
                0x08003c20       0xd4 VisualGDB/Debug/__BSP_ROOT__/FreeRTOS/Source/queue.o
 .text.prvCopyDataFromQueue
                0x08003cf4       0x4c VisualGDB/Debug/__BSP_ROOT__/FreeRTOS/Source/queue.o
 .text.prvUnlockQueue
                0x08003d40       0xa4 VisualGDB/Debug/__BSP_ROOT__/FreeRTOS/Source/queue.o
 .text.prvIsQueueEmpty
                0x08003de4       0x2c VisualGDB/Debug/__BSP_ROOT__/FreeRTOS/Source/queue.o
 .text.prvIsQueueFull
                0x08003e10       0x30 VisualGDB/Debug/__BSP_ROOT__/FreeRTOS/Source/queue.o
 .text.vQueueAddToRegistry
                0x08003e40       0x54 VisualGDB/Debug/__BSP_ROOT__/FreeRTOS/Source/queue.o
                0x08003e40                vQueueAddToRegistry
 .text.vQueueWaitForMessageRestricted
                0x08003e94       0x68 VisualGDB/Debug/__BSP_ROOT__/FreeRTOS/Source/queue.o
                0x08003e94                vQueueWaitForMessageRestricted
 .text.xTaskCreate
                0x08003efc       0x82 VisualGDB/Debug/__BSP_ROOT__/FreeRTOS/Source/tasks.o
                0x08003efc                xTaskCreate
 .text.prvInitialiseNewTask
                0x08003f7e      0x11e VisualGDB/Debug/__BSP_ROOT__/FreeRTOS/Source/tasks.o
 .text.prvAddNewTaskToReadyList
                0x0800409c       0xdc VisualGDB/Debug/__BSP_ROOT__/FreeRTOS/Source/tasks.o
 .text.vTaskDelay
                0x08004178       0x68 VisualGDB/Debug/__BSP_ROOT__/FreeRTOS/Source/tasks.o
                0x08004178                vTaskDelay
 .text.vTaskStartScheduler
                0x080041e0       0x9c VisualGDB/Debug/__BSP_ROOT__/FreeRTOS/Source/tasks.o
                0x080041e0                vTaskStartScheduler
 .text.vTaskSuspendAll
                0x0800427c       0x1c VisualGDB/Debug/__BSP_ROOT__/FreeRTOS/Source/tasks.o
                0x0800427c                vTaskSuspendAll
 .text.xTaskResumeAll
                0x08004298      0x138 VisualGDB/Debug/__BSP_ROOT__/FreeRTOS/Source/tasks.o
                0x08004298                xTaskResumeAll
 .text.xTaskGetTickCount
                0x080043d0       0x20 VisualGDB/Debug/__BSP_ROOT__/FreeRTOS/Source/tasks.o
                0x080043d0                xTaskGetTickCount
 .text.xTaskIncrementTick
                0x080043f0      0x170 VisualGDB/Debug/__BSP_ROOT__/FreeRTOS/Source/tasks.o
                0x080043f0                xTaskIncrementTick
 .text.vTaskSwitchContext
                0x08004560       0xb8 VisualGDB/Debug/__BSP_ROOT__/FreeRTOS/Source/tasks.o
                0x08004560                vTaskSwitchContext
 .text.vTaskPlaceOnEventList
                0x08004618       0x48 VisualGDB/Debug/__BSP_ROOT__/FreeRTOS/Source/tasks.o
                0x08004618                vTaskPlaceOnEventList
 .text.vTaskPlaceOnEventListRestricted
                0x08004660       0x58 VisualGDB/Debug/__BSP_ROOT__/FreeRTOS/Source/tasks.o
                0x08004660                vTaskPlaceOnEventListRestricted
 .text.xTaskRemoveFromEventList
                0x080046b8       0xc4 VisualGDB/Debug/__BSP_ROOT__/FreeRTOS/Source/tasks.o
                0x080046b8                xTaskRemoveFromEventList
 .text.vTaskInternalSetTimeOutState
                0x0800477c       0x2c VisualGDB/Debug/__BSP_ROOT__/FreeRTOS/Source/tasks.o
                0x0800477c                vTaskInternalSetTimeOutState
 .text.xTaskCheckForTimeOut
                0x080047a8       0xc4 VisualGDB/Debug/__BSP_ROOT__/FreeRTOS/Source/tasks.o
                0x080047a8                xTaskCheckForTimeOut
 .text.vTaskMissedYield
                0x0800486c       0x18 VisualGDB/Debug/__BSP_ROOT__/FreeRTOS/Source/tasks.o
                0x0800486c                vTaskMissedYield
 .text.prvIdleTask
                0x08004884       0x30 VisualGDB/Debug/__BSP_ROOT__/FreeRTOS/Source/tasks.o
 .text.prvInitialiseTaskLists
                0x080048b4       0x80 VisualGDB/Debug/__BSP_ROOT__/FreeRTOS/Source/tasks.o
 .text.prvCheckTasksWaitingTermination
                0x08004934       0x5c VisualGDB/Debug/__BSP_ROOT__/FreeRTOS/Source/tasks.o
 .text.prvDeleteTCB
                0x08004990       0x20 VisualGDB/Debug/__BSP_ROOT__/FreeRTOS/Source/tasks.o
 .text.prvResetNextTaskUnblockTime
                0x080049b0       0x40 VisualGDB/Debug/__BSP_ROOT__/FreeRTOS/Source/tasks.o
 .text.xTaskGetSchedulerState
                0x080049f0       0x3c VisualGDB/Debug/__BSP_ROOT__/FreeRTOS/Source/tasks.o
                0x080049f0                xTaskGetSchedulerState
 .text.xTaskPriorityInherit
                0x08004a2c      0x100 VisualGDB/Debug/__BSP_ROOT__/FreeRTOS/Source/tasks.o
                0x08004a2c                xTaskPriorityInherit
 .text.xTaskPriorityDisinherit
                0x08004b2c      0x10c VisualGDB/Debug/__BSP_ROOT__/FreeRTOS/Source/tasks.o
                0x08004b2c                xTaskPriorityDisinherit
 .text.vTaskPriorityDisinheritAfterTimeout
                0x08004c38      0x134 VisualGDB/Debug/__BSP_ROOT__/FreeRTOS/Source/tasks.o
                0x08004c38                vTaskPriorityDisinheritAfterTimeout
 .text.pvTaskIncrementMutexHeldCount
                0x08004d6c       0x28 VisualGDB/Debug/__BSP_ROOT__/FreeRTOS/Source/tasks.o
                0x08004d6c                pvTaskIncrementMutexHeldCount
 .text.prvAddCurrentTaskToDelayedList
                0x08004d94       0xcc VisualGDB/Debug/__BSP_ROOT__/FreeRTOS/Source/tasks.o
 .text.xTimerCreateTimerTask
                0x08004e60       0x64 VisualGDB/Debug/__BSP_ROOT__/FreeRTOS/Source/timers.o
                0x08004e60                xTimerCreateTimerTask
 .text.xTimerGenericCommand
                0x08004ec4       0x9c VisualGDB/Debug/__BSP_ROOT__/FreeRTOS/Source/timers.o
                0x08004ec4                xTimerGenericCommand
 .text.prvProcessExpiredTimer
                0x08004f60       0x98 VisualGDB/Debug/__BSP_ROOT__/FreeRTOS/Source/timers.o
 .text.prvTimerTask
                0x08004ff8       0x24 VisualGDB/Debug/__BSP_ROOT__/FreeRTOS/Source/timers.o
 .text.prvProcessTimerOrBlockTask
                0x0800501c       0x9c VisualGDB/Debug/__BSP_ROOT__/FreeRTOS/Source/timers.o
 .text.prvGetNextExpireTime
                0x080050b8       0x48 VisualGDB/Debug/__BSP_ROOT__/FreeRTOS/Source/timers.o
 .text.prvSampleTimeNow
                0x08005100       0x40 VisualGDB/Debug/__BSP_ROOT__/FreeRTOS/Source/timers.o
 .text.prvInsertTimerInActiveList
                0x08005140       0x84 VisualGDB/Debug/__BSP_ROOT__/FreeRTOS/Source/timers.o
 .text.prvProcessReceivedCommands
                0x080051c4      0x18c VisualGDB/Debug/__BSP_ROOT__/FreeRTOS/Source/timers.o
 .text.prvSwitchTimerLists
                0x08005350       0xc8 VisualGDB/Debug/__BSP_ROOT__/FreeRTOS/Source/timers.o
 .text.prvCheckForValidListAndQueue
                0x08005418       0x6c VisualGDB/Debug/__BSP_ROOT__/FreeRTOS/Source/timers.o
 .text.makeFreeRtosPriority
                0x08005484       0x30 VisualGDB/Debug/__BSP_ROOT__/FreeRTOS/Source/CMSIS_RTOS/cmsis_os.o
 .text.osKernelStart
                0x080054b4        0xe VisualGDB/Debug/__BSP_ROOT__/FreeRTOS/Source/CMSIS_RTOS/cmsis_os.o
                0x080054b4                osKernelStart
 .text.osThreadCreate
                0x080054c2       0x4e VisualGDB/Debug/__BSP_ROOT__/FreeRTOS/Source/CMSIS_RTOS/cmsis_os.o
                0x080054c2                osThreadCreate
 .text.osDelay  0x08005510       0x28 VisualGDB/Debug/__BSP_ROOT__/FreeRTOS/Source/CMSIS_RTOS/cmsis_os.o
                0x08005510                osDelay
 .text.osSystickHandler
                0x08005538       0x16 VisualGDB/Debug/__BSP_ROOT__/FreeRTOS/Source/CMSIS_RTOS/cmsis_os.o
                0x08005538                osSystickHandler
 *fill*         0x0800554e        0x2 
 .text.pxPortInitialiseStack
                0x08005550       0x5c VisualGDB/Debug/__BSP_ROOT__/FreeRTOS/Source/portable/GCC/ARM_CM3/port.o
                0x08005550                pxPortInitialiseStack
 .text.prvTaskExitError
                0x080055ac       0x58 VisualGDB/Debug/__BSP_ROOT__/FreeRTOS/Source/portable/GCC/ARM_CM3/port.o
 *fill*         0x08005604        0xc 
 .text.SVC_Handler
                0x08005610       0x28 VisualGDB/Debug/__BSP_ROOT__/FreeRTOS/Source/portable/GCC/ARM_CM3/port.o
                0x08005610                SVC_Handler
 .text.prvPortStartFirstTask
                0x08005638       0x20 VisualGDB/Debug/__BSP_ROOT__/FreeRTOS/Source/portable/GCC/ARM_CM3/port.o
 .text.xPortStartScheduler
                0x08005658       0xe4 VisualGDB/Debug/__BSP_ROOT__/FreeRTOS/Source/portable/GCC/ARM_CM3/port.o
                0x08005658                xPortStartScheduler
 .text.vPortEnterCritical
                0x0800573c       0x60 VisualGDB/Debug/__BSP_ROOT__/FreeRTOS/Source/portable/GCC/ARM_CM3/port.o
                0x0800573c                vPortEnterCritical
 .text.vPortExitCritical
                0x0800579c       0x54 VisualGDB/Debug/__BSP_ROOT__/FreeRTOS/Source/portable/GCC/ARM_CM3/port.o
                0x0800579c                vPortExitCritical
 .text.PendSV_Handler
                0x080057f0       0x48 VisualGDB/Debug/__BSP_ROOT__/FreeRTOS/Source/portable/GCC/ARM_CM3/port.o
                0x080057f0                PendSV_Handler
 .text.xPortSysTickHandler
                0x08005838       0x44 VisualGDB/Debug/__BSP_ROOT__/FreeRTOS/Source/portable/GCC/ARM_CM3/port.o
                0x08005838                xPortSysTickHandler
 .text.vPortSetupTimerInterrupt
                0x0800587c       0x48 VisualGDB/Debug/__BSP_ROOT__/FreeRTOS/Source/portable/GCC/ARM_CM3/port.o
                0x0800587c                vPortSetupTimerInterrupt
 .text.vPortValidateInterruptPriority
                0x080058c4       0x80 VisualGDB/Debug/__BSP_ROOT__/FreeRTOS/Source/portable/GCC/ARM_CM3/port.o
                0x080058c4                vPortValidateInterruptPriority
 .text.pvPortMalloc
                0x08005944      0x188 VisualGDB/Debug/__BSP_ROOT__/FreeRTOS/Source/portable/MemMang/heap_4.o
                0x08005944                pvPortMalloc
 .text.vPortFree
                0x08005acc       0xb4 VisualGDB/Debug/__BSP_ROOT__/FreeRTOS/Source/portable/MemMang/heap_4.o
                0x08005acc                vPortFree
 .text.prvHeapInit
                0x08005b80       0xc4 VisualGDB/Debug/__BSP_ROOT__/FreeRTOS/Source/portable/MemMang/heap_4.o
 .text.prvInsertBlockIntoFreeList
                0x08005c44       0xb4 VisualGDB/Debug/__BSP_ROOT__/FreeRTOS/Source/portable/MemMang/heap_4.o
 .text.HAL_Init
                0x08005cf8       0x30 VisualGDB/Debug/__BSP_ROOT__/STM32L4xxxx/STM32L4xx_HAL_Driver/Src/stm32l4xx_hal.o
                0x08005cf8                HAL_Init
 .text.HAL_InitTick
                0x08005d28       0x78 VisualGDB/Debug/__BSP_ROOT__/STM32L4xxxx/STM32L4xx_HAL_Driver/Src/stm32l4xx_hal.o
                0x08005d28                HAL_InitTick
 .text.HAL_IncTick
                0x08005da0       0x28 VisualGDB/Debug/__BSP_ROOT__/STM32L4xxxx/STM32L4xx_HAL_Driver/Src/stm32l4xx_hal.o
                0x08005da0                HAL_IncTick
 .text.HAL_GetTick
                0x08005dc8       0x18 VisualGDB/Debug/__BSP_ROOT__/STM32L4xxxx/STM32L4xx_HAL_Driver/Src/stm32l4xx_hal.o
                0x08005dc8                HAL_GetTick
 .text.HAL_Delay
                0x08005de0       0x48 VisualGDB/Debug/__BSP_ROOT__/STM32L4xxxx/STM32L4xx_HAL_Driver/Src/stm32l4xx_hal.o
                0x08005de0                HAL_Delay
 .text.__NVIC_SetPriorityGrouping
                0x08005e28       0x48 VisualGDB/Debug/__BSP_ROOT__/STM32L4xxxx/STM32L4xx_HAL_Driver/Src/stm32l4xx_hal_cortex.o
 .text.__NVIC_GetPriorityGrouping
                0x08005e70       0x1c VisualGDB/Debug/__BSP_ROOT__/STM32L4xxxx/STM32L4xx_HAL_Driver/Src/stm32l4xx_hal_cortex.o
 .text.__NVIC_EnableIRQ
                0x08005e8c       0x3c VisualGDB/Debug/__BSP_ROOT__/STM32L4xxxx/STM32L4xx_HAL_Driver/Src/stm32l4xx_hal_cortex.o
 .text.__NVIC_SetPriority
                0x08005ec8       0x54 VisualGDB/Debug/__BSP_ROOT__/STM32L4xxxx/STM32L4xx_HAL_Driver/Src/stm32l4xx_hal_cortex.o
 .text.NVIC_EncodePriority
                0x08005f1c       0x66 VisualGDB/Debug/__BSP_ROOT__/STM32L4xxxx/STM32L4xx_HAL_Driver/Src/stm32l4xx_hal_cortex.o
 *fill*         0x08005f82        0x2 
 .text.SysTick_Config
                0x08005f84       0x44 VisualGDB/Debug/__BSP_ROOT__/STM32L4xxxx/STM32L4xx_HAL_Driver/Src/stm32l4xx_hal_cortex.o
 .text.HAL_NVIC_SetPriorityGrouping
                0x08005fc8       0x16 VisualGDB/Debug/__BSP_ROOT__/STM32L4xxxx/STM32L4xx_HAL_Driver/Src/stm32l4xx_hal_cortex.o
                0x08005fc8                HAL_NVIC_SetPriorityGrouping
 .text.HAL_NVIC_SetPriority
                0x08005fde       0x38 VisualGDB/Debug/__BSP_ROOT__/STM32L4xxxx/STM32L4xx_HAL_Driver/Src/stm32l4xx_hal_cortex.o
                0x08005fde                HAL_NVIC_SetPriority
 .text.HAL_NVIC_EnableIRQ
                0x08006016       0x1c VisualGDB/Debug/__BSP_ROOT__/STM32L4xxxx/STM32L4xx_HAL_Driver/Src/stm32l4xx_hal_cortex.o
                0x08006016                HAL_NVIC_EnableIRQ
 .text.HAL_SYSTICK_Config
                0x08006032       0x18 VisualGDB/Debug/__BSP_ROOT__/STM32L4xxxx/STM32L4xx_HAL_Driver/Src/stm32l4xx_hal_cortex.o
                0x08006032                HAL_SYSTICK_Config
 .text.HAL_SYSTICK_IRQHandler
                0x0800604a        0xc VisualGDB/Debug/__BSP_ROOT__/STM32L4xxxx/STM32L4xx_HAL_Driver/Src/stm32l4xx_hal_cortex.o
                0x0800604a                HAL_SYSTICK_IRQHandler
 .text.HAL_SYSTICK_Callback
                0x08006056        0xe VisualGDB/Debug/__BSP_ROOT__/STM32L4xxxx/STM32L4xx_HAL_Driver/Src/stm32l4xx_hal_cortex.o
                0x08006056                HAL_SYSTICK_Callback
 .text.HAL_GPIO_Init
                0x08006064      0x354 VisualGDB/Debug/__BSP_ROOT__/STM32L4xxxx/STM32L4xx_HAL_Driver/Src/stm32l4xx_hal_gpio.o
                0x08006064                HAL_GPIO_Init
 .text.HAL_GPIO_ReadPin
                0x080063b8       0x30 VisualGDB/Debug/__BSP_ROOT__/STM32L4xxxx/STM32L4xx_HAL_Driver/Src/stm32l4xx_hal_gpio.o
                0x080063b8                HAL_GPIO_ReadPin
 .text.HAL_GPIO_WritePin
                0x080063e8       0x30 VisualGDB/Debug/__BSP_ROOT__/STM32L4xxxx/STM32L4xx_HAL_Driver/Src/stm32l4xx_hal_gpio.o
                0x080063e8                HAL_GPIO_WritePin
 .text.HAL_GPIO_TogglePin
                0x08006418       0x34 VisualGDB/Debug/__BSP_ROOT__/STM32L4xxxx/STM32L4xx_HAL_Driver/Src/stm32l4xx_hal_gpio.o
                0x08006418                HAL_GPIO_TogglePin
 .text.HAL_GPIO_EXTI_IRQHandler
                0x0800644c       0x30 VisualGDB/Debug/__BSP_ROOT__/STM32L4xxxx/STM32L4xx_HAL_Driver/Src/stm32l4xx_hal_gpio.o
                0x0800644c                HAL_GPIO_EXTI_IRQHandler
 .text.HAL_I2C_Mem_Write
                0x0800647c      0x228 VisualGDB/Debug/__BSP_ROOT__/STM32L4xxxx/STM32L4xx_HAL_Driver/Src/stm32l4xx_hal_i2c.o
                0x0800647c                HAL_I2C_Mem_Write
 .text.I2C_RequestMemoryWrite
                0x080066a4       0xa8 VisualGDB/Debug/__BSP_ROOT__/STM32L4xxxx/STM32L4xx_HAL_Driver/Src/stm32l4xx_hal_i2c.o
 .text.I2C_Flush_TXDR
                0x0800674c       0x48 VisualGDB/Debug/__BSP_ROOT__/STM32L4xxxx/STM32L4xx_HAL_Driver/Src/stm32l4xx_hal_i2c.o
 .text.I2C_WaitOnFlagUntilTimeout
                0x08006794       0x80 VisualGDB/Debug/__BSP_ROOT__/STM32L4xxxx/STM32L4xx_HAL_Driver/Src/stm32l4xx_hal_i2c.o
 .text.I2C_WaitOnTXISFlagUntilTimeout
                0x08006814       0x80 VisualGDB/Debug/__BSP_ROOT__/STM32L4xxxx/STM32L4xx_HAL_Driver/Src/stm32l4xx_hal_i2c.o
 .text.I2C_WaitOnSTOPFlagUntilTimeout
                0x08006894       0x78 VisualGDB/Debug/__BSP_ROOT__/STM32L4xxxx/STM32L4xx_HAL_Driver/Src/stm32l4xx_hal_i2c.o
 .text.I2C_IsAcknowledgeFailed
                0x0800690c       0xcc VisualGDB/Debug/__BSP_ROOT__/STM32L4xxxx/STM32L4xx_HAL_Driver/Src/stm32l4xx_hal_i2c.o
 .text.I2C_TransferConfig
                0x080069d8       0x5c VisualGDB/Debug/__BSP_ROOT__/STM32L4xxxx/STM32L4xx_HAL_Driver/Src/stm32l4xx_hal_i2c.o
 .text.HAL_RCC_GetSysClockFreq
                0x08006a34      0x118 VisualGDB/Debug/__BSP_ROOT__/STM32L4xxxx/STM32L4xx_HAL_Driver/Src/stm32l4xx_hal_rcc.o
                0x08006a34                HAL_RCC_GetSysClockFreq
 .text.HAL_RCC_GetHCLKFreq
                0x08006b4c       0x18 VisualGDB/Debug/__BSP_ROOT__/STM32L4xxxx/STM32L4xx_HAL_Driver/Src/stm32l4xx_hal_rcc.o
                0x08006b4c                HAL_RCC_GetHCLKFreq
 .text.HAL_RCC_GetPCLK1Freq
                0x08006b64       0x2c VisualGDB/Debug/__BSP_ROOT__/STM32L4xxxx/STM32L4xx_HAL_Driver/Src/stm32l4xx_hal_rcc.o
                0x08006b64                HAL_RCC_GetPCLK1Freq
 .text.HAL_RCC_GetPCLK2Freq
                0x08006b90       0x2c VisualGDB/Debug/__BSP_ROOT__/STM32L4xxxx/STM32L4xx_HAL_Driver/Src/stm32l4xx_hal_rcc.o
                0x08006b90                HAL_RCC_GetPCLK2Freq
 .text.HAL_TIM_IRQHandler
                0x08006bbc      0x282 VisualGDB/Debug/__BSP_ROOT__/STM32L4xxxx/STM32L4xx_HAL_Driver/Src/stm32l4xx_hal_tim.o
                0x08006bbc                HAL_TIM_IRQHandler
 .text.HAL_UART_Init
                0x08006e3e       0x9c VisualGDB/Debug/__BSP_ROOT__/STM32L4xxxx/STM32L4xx_HAL_Driver/Src/stm32l4xx_hal_uart.o
                0x08006e3e                HAL_UART_Init
 .text.HAL_UART_MspInit
                0x08006eda       0x14 VisualGDB/Debug/__BSP_ROOT__/STM32L4xxxx/STM32L4xx_HAL_Driver/Src/stm32l4xx_hal_uart.o
                0x08006eda                HAL_UART_MspInit
 .text.HAL_UART_Transmit
                0x08006eee      0x126 VisualGDB/Debug/__BSP_ROOT__/STM32L4xxxx/STM32L4xx_HAL_Driver/Src/stm32l4xx_hal_uart.o
                0x08006eee                HAL_UART_Transmit
 .text.UART_SetConfig
                0x08007014      0x574 VisualGDB/Debug/__BSP_ROOT__/STM32L4xxxx/STM32L4xx_HAL_Driver/Src/stm32l4xx_hal_uart.o
                0x08007014                UART_SetConfig
 .text.UART_AdvFeatureConfig
                0x08007588      0x144 VisualGDB/Debug/__BSP_ROOT__/STM32L4xxxx/STM32L4xx_HAL_Driver/Src/stm32l4xx_hal_uart.o
                0x08007588                UART_AdvFeatureConfig
 .text.UART_CheckIdleState
                0x080076cc       0x8a VisualGDB/Debug/__BSP_ROOT__/STM32L4xxxx/STM32L4xx_HAL_Driver/Src/stm32l4xx_hal_uart.o
                0x080076cc                UART_CheckIdleState
 .text.UART_WaitOnFlagUntilTimeout
                0x08007756       0xf6 VisualGDB/Debug/__BSP_ROOT__/STM32L4xxxx/STM32L4xx_HAL_Driver/Src/stm32l4xx_hal_uart.o
                0x08007756                UART_WaitOnFlagUntilTimeout
 .text.__aeabi_atexit
                0x0800784c        0xa c:/sysgcc/arm-eabi/bin/../lib/gcc/arm-none-eabi/10.3.1/../../../../arm-none-eabi/lib/thumb/v7e-m+fp/hard\libstdc++_nano.a(atexit_arm.o)
                0x0800784c                __aeabi_atexit
 .text._ZdlPvj  0x08007856        0x4 c:/sysgcc/arm-eabi/bin/../lib/gcc/arm-none-eabi/10.3.1/../../../../arm-none-eabi/lib/thumb/v7e-m+fp/hard\libstdc++_nano.a(del_ops.o)
                0x08007856                operator delete(void*, unsigned int)
 .text._ZdlPv   0x0800785a        0x4 c:/sysgcc/arm-eabi/bin/../lib/gcc/arm-none-eabi/10.3.1/../../../../arm-none-eabi/lib/thumb/v7e-m+fp/hard\libstdc++_nano.a(del_op.o)
                0x0800785a                operator delete(void*)
 *fill*         0x0800785e        0x2 
 .text.cos      0x08007860       0x90 c:/sysgcc/arm-eabi/bin/../lib/gcc/arm-none-eabi/10.3.1/../../../../arm-none-eabi/lib/thumb/v7e-m+fp/hard\libm.a(lib_a-s_cos.o)
                0x08007860                cos
 .text.sin      0x080078f0       0x90 c:/sysgcc/arm-eabi/bin/../lib/gcc/arm-none-eabi/10.3.1/../../../../arm-none-eabi/lib/thumb/v7e-m+fp/hard\libm.a(lib_a-s_sin.o)
                0x080078f0                sin
 .text.__ieee754_rem_pio2
                0x08007980      0x44c c:/sysgcc/arm-eabi/bin/../lib/gcc/arm-none-eabi/10.3.1/../../../../arm-none-eabi/lib/thumb/v7e-m+fp/hard\libm.a(lib_a-e_rem_pio2.o)
                0x08007980                __ieee754_rem_pio2
 *fill*         0x08007dcc        0x4 
 .text.__kernel_cos
                0x08007dd0      0x27c c:/sysgcc/arm-eabi/bin/../lib/gcc/arm-none-eabi/10.3.1/../../../../arm-none-eabi/lib/thumb/v7e-m+fp/hard\libm.a(lib_a-k_cos.o)
                0x08007dd0                __kernel_cos
 *fill*         0x0800804c        0x4 
 .text.__kernel_rem_pio2
                0x08008050      0x850 c:/sysgcc/arm-eabi/bin/../lib/gcc/arm-none-eabi/10.3.1/../../../../arm-none-eabi/lib/thumb/v7e-m+fp/hard\libm.a(lib_a-k_rem_pio2.o)
                0x08008050                __kernel_rem_pio2
 .text.__kernel_sin
                0x080088a0      0x17c c:/sysgcc/arm-eabi/bin/../lib/gcc/arm-none-eabi/10.3.1/../../../../arm-none-eabi/lib/thumb/v7e-m+fp/hard\libm.a(lib_a-k_sin.o)
                0x080088a0                __kernel_sin
 .text.fabs     0x08008a1c       0x14 c:/sysgcc/arm-eabi/bin/../lib/gcc/arm-none-eabi/10.3.1/../../../../arm-none-eabi/lib/thumb/v7e-m+fp/hard\libm.a(lib_a-s_fabs.o)
                0x08008a1c                fabs
 .text.floor    0x08008a30      0x108 c:/sysgcc/arm-eabi/bin/../lib/gcc/arm-none-eabi/10.3.1/../../../../arm-none-eabi/lib/thumb/v7e-m+fp/hard\libm.a(lib_a-s_floor.o)
                0x08008a30                floor
 .text.scalbn   0x08008b38      0x124 c:/sysgcc/arm-eabi/bin/../lib/gcc/arm-none-eabi/10.3.1/../../../../arm-none-eabi/lib/thumb/v7e-m+fp/hard\libm.a(lib_a-s_scalbn.o)
                0x08008b38                scalbn
 .text.__cxa_atexit
                0x08008c5c       0x1c c:/sysgcc/arm-eabi/bin/../lib/gcc/arm-none-eabi/10.3.1/../../../../arm-none-eabi/lib/thumb/v7e-m+fp/hard\libc_nano.a(lib_a-cxa_atexit.o)
                0x08008c5c                __cxa_atexit
 .text.__libc_init_array
                0x08008c78       0x48 c:/sysgcc/arm-eabi/bin/../lib/gcc/arm-none-eabi/10.3.1/../../../../arm-none-eabi/lib/thumb/v7e-m+fp/hard\libc_nano.a(lib_a-init.o)
                0x08008c78                __libc_init_array
 .text.malloc   0x08008cc0       0x10 c:/sysgcc/arm-eabi/bin/../lib/gcc/arm-none-eabi/10.3.1/../../../../arm-none-eabi/lib/thumb/v7e-m+fp/hard\libc_nano.a(lib_a-malloc.o)
                0x08008cc0                malloc
 .text.free     0x08008cd0       0x10 c:/sysgcc/arm-eabi/bin/../lib/gcc/arm-none-eabi/10.3.1/../../../../arm-none-eabi/lib/thumb/v7e-m+fp/hard\libc_nano.a(lib_a-malloc.o)
                0x08008cd0                free
 .text.memcpy   0x08008ce0       0x1c c:/sysgcc/arm-eabi/bin/../lib/gcc/arm-none-eabi/10.3.1/../../../../arm-none-eabi/lib/thumb/v7e-m+fp/hard\libc_nano.a(lib_a-memcpy-stub.o)
                0x08008ce0                memcpy
 .text.memmove  0x08008cfc       0x34 c:/sysgcc/arm-eabi/bin/../lib/gcc/arm-none-eabi/10.3.1/../../../../arm-none-eabi/lib/thumb/v7e-m+fp/hard\libc_nano.a(lib_a-memmove.o)
                0x08008cfc                memmove
 .text.memset   0x08008d30       0x10 c:/sysgcc/arm-eabi/bin/../lib/gcc/arm-none-eabi/10.3.1/../../../../arm-none-eabi/lib/thumb/v7e-m+fp/hard\libc_nano.a(lib_a-memset.o)
                0x08008d30                memset
 .text._free_r  0x08008d40       0x98 c:/sysgcc/arm-eabi/bin/../lib/gcc/arm-none-eabi/10.3.1/../../../../arm-none-eabi/lib/thumb/v7e-m+fp/hard\libc_nano.a(lib_a-nano-freer.o)
                0x08008d40                _free_r
 .text.sbrk_aligned
                0x08008dd8       0x40 c:/sysgcc/arm-eabi/bin/../lib/gcc/arm-none-eabi/10.3.1/../../../../arm-none-eabi/lib/thumb/v7e-m+fp/hard\libc_nano.a(lib_a-nano-mallocr.o)
 .text._malloc_r
                0x08008e18       0xe8 c:/sysgcc/arm-eabi/bin/../lib/gcc/arm-none-eabi/10.3.1/../../../../arm-none-eabi/lib/thumb/v7e-m+fp/hard\libc_nano.a(lib_a-nano-mallocr.o)
                0x08008e18                _malloc_r
 .text._sbrk_r  0x08008f00       0x20 c:/sysgcc/arm-eabi/bin/../lib/gcc/arm-none-eabi/10.3.1/../../../../arm-none-eabi/lib/thumb/v7e-m+fp/hard\libc_nano.a(lib_a-sbrkr.o)
                0x08008f00                _sbrk_r
 .text.__malloc_lock
                0x08008f20        0xc c:/sysgcc/arm-eabi/bin/../lib/gcc/arm-none-eabi/10.3.1/../../../../arm-none-eabi/lib/thumb/v7e-m+fp/hard\libc_nano.a(lib_a-mlock.o)
                0x08008f20                __malloc_lock
 .text.__malloc_unlock
                0x08008f2c        0xc c:/sysgcc/arm-eabi/bin/../lib/gcc/arm-none-eabi/10.3.1/../../../../arm-none-eabi/lib/thumb/v7e-m+fp/hard\libc_nano.a(lib_a-mlock.o)
                0x08008f2c                __malloc_unlock
 .text.__retarget_lock_acquire_recursive
                0x08008f38        0x2 c:/sysgcc/arm-eabi/bin/../lib/gcc/arm-none-eabi/10.3.1/../../../../arm-none-eabi/lib/thumb/v7e-m+fp/hard\libc_nano.a(lib_a-lock.o)
                0x08008f38                __retarget_lock_acquire_recursive
 .text.__retarget_lock_release_recursive
                0x08008f3a        0x2 c:/sysgcc/arm-eabi/bin/../lib/gcc/arm-none-eabi/10.3.1/../../../../arm-none-eabi/lib/thumb/v7e-m+fp/hard\libc_nano.a(lib_a-lock.o)
                0x08008f3a                __retarget_lock_release_recursive
 .text._sbrk    0x08008f3c       0x1c c:/sysgcc/arm-eabi/bin/../lib/gcc/arm-none-eabi/10.3.1/../../../../arm-none-eabi/lib/thumb/v7e-m+fp/hard\libnosys.a(sbrk.o)
                0x08008f3c                _sbrk
 *(.rodata)
 .rodata        0x08008f58        0x3 VisualGDB/Debug/HX711/HX711.o
 *fill*         0x08008f5b        0x1 
 .rodata        0x08008f5c       0x62 VisualGDB/Debug/SSD1306/ssd1306_tests.o
 *fill*         0x08008fbe        0x2 
 .rodata        0x08008fc0       0x70 VisualGDB/Debug/_main.o
 .rodata        0x08009030        0x5 VisualGDB/Debug/__BSP_ROOT__/FreeRTOS/Source/tasks.o
 *fill*         0x08009035        0x3 
 .rodata        0x08009038        0xd VisualGDB/Debug/__BSP_ROOT__/FreeRTOS/Source/timers.o
 *(.rodata*)
 *fill*         0x08009045        0x3 
 .rodata._ZTV5HX711
                0x08009048       0x10 VisualGDB/Debug/HX711/HX711.o
                0x08009048                vtable for HX711
 .rodata.Font7x10
                0x08009058      0x76c VisualGDB/Debug/SSD1306/ssd1306_fonts.o
 .rodata.Font11x18
                0x080097c4      0xd5c VisualGDB/Debug/SSD1306/ssd1306_fonts.o
 .rodata.Font16x26
                0x0800a520     0x134c VisualGDB/Debug/SSD1306/ssd1306_fonts.o
 .rodata.Font6x8
                0x0800b86c      0x5f0 VisualGDB/Debug/SSD1306/ssd1306_fonts.o
 .rodata.garfield_128x64
                0x0800be5c      0x400 VisualGDB/Debug/SSD1306/ssd1306_tests.o
                0x0800be5c                garfield_128x64
 .rodata.github_logo_64x64
                0x0800c25c      0x200 VisualGDB/Debug/SSD1306/ssd1306_tests.o
                0x0800c25c                github_logo_64x64
 .rodata.APBPrescTable
                0x0800c45c        0x8 VisualGDB/Debug/system_stm32l4xx.o
                0x0800c45c                APBPrescTable
 .rodata.MSIRangeTable
                0x0800c464       0x30 VisualGDB/Debug/system_stm32l4xx.o
                0x0800c464                MSIRangeTable
 .rodata.npio2_hw
                0x0800c494       0x80 c:/sysgcc/arm-eabi/bin/../lib/gcc/arm-none-eabi/10.3.1/../../../../arm-none-eabi/lib/thumb/v7e-m+fp/hard\libm.a(lib_a-e_rem_pio2.o)
 .rodata.two_over_pi
                0x0800c514      0x108 c:/sysgcc/arm-eabi/bin/../lib/gcc/arm-none-eabi/10.3.1/../../../../arm-none-eabi/lib/thumb/v7e-m+fp/hard\libm.a(lib_a-e_rem_pio2.o)
 *fill*         0x0800c61c        0x4 
 .rodata.PIo2   0x0800c620       0x40 c:/sysgcc/arm-eabi/bin/../lib/gcc/arm-none-eabi/10.3.1/../../../../arm-none-eabi/lib/thumb/v7e-m+fp/hard\libm.a(lib_a-k_rem_pio2.o)
 .rodata.init_jk
                0x0800c660       0x10 c:/sysgcc/arm-eabi/bin/../lib/gcc/arm-none-eabi/10.3.1/../../../../arm-none-eabi/lib/thumb/v7e-m+fp/hard\libm.a(lib_a-k_rem_pio2.o)
 *(.glue_7)
 .glue_7        0x0800c670        0x0 linker stubs
 *(.glue_7t)
 .glue_7t       0x0800c670        0x0 linker stubs
 *(.init)
 .init          0x0800c670        0x4 c:/sysgcc/arm-eabi/bin/../lib/gcc/arm-none-eabi/10.3.1/thumb/v7e-m+fp/hard/crti.o
                0x0800c670                _init
 .init          0x0800c674        0x8 c:/sysgcc/arm-eabi/bin/../lib/gcc/arm-none-eabi/10.3.1/thumb/v7e-m+fp/hard/crtn.o
 *(.fini)
 .fini          0x0800c67c        0x4 c:/sysgcc/arm-eabi/bin/../lib/gcc/arm-none-eabi/10.3.1/thumb/v7e-m+fp/hard/crti.o
                0x0800c67c                _fini
 .fini          0x0800c680        0x8 c:/sysgcc/arm-eabi/bin/../lib/gcc/arm-none-eabi/10.3.1/thumb/v7e-m+fp/hard/crtn.o
                0x0800c688                . = ALIGN (0x4)
                0x0800c688                _etext = .

.eh_frame       0x0800c688        0x0
 .eh_frame      0x0800c688        0x0 c:/sysgcc/arm-eabi/bin/../lib/gcc/arm-none-eabi/10.3.1/thumb/v7e-m+fp/hard/crtbegin.o

.vfp11_veneer   0x0800c688        0x0
 .vfp11_veneer  0x0800c688        0x0 linker stubs

.v4_bx          0x0800c688        0x0
 .v4_bx         0x0800c688        0x0 linker stubs

.iplt           0x0800c688        0x0
 .iplt          0x0800c688        0x0 c:/sysgcc/arm-eabi/bin/../lib/gcc/arm-none-eabi/10.3.1/thumb/v7e-m+fp/hard/crtbegin.o

.ARM.extab      0x0800c688        0x0
                0x0800c688                . = ALIGN (0x4)
 *(.ARM.extab)
 *(.gnu.linkonce.armextab.*)
                0x0800c688                . = ALIGN (0x4)

.exidx          0x0800c688        0x8
                0x0800c688                . = ALIGN (0x4)
                [!provide]                PROVIDE (__exidx_start = .)
 *(.ARM.exidx*)
 .ARM.exidx     0x0800c688        0x8 c:/sysgcc/arm-eabi/bin/../lib/gcc/arm-none-eabi/10.3.1/thumb/v7e-m+fp/hard\libgcc.a(_udivmoddi4.o)
                0x0800c690                . = ALIGN (0x4)
                [!provide]                PROVIDE (__exidx_end = .)

.rel.dyn        0x0800c690        0x0
 .rel.iplt      0x0800c690        0x0 c:/sysgcc/arm-eabi/bin/../lib/gcc/arm-none-eabi/10.3.1/thumb/v7e-m+fp/hard/crtbegin.o

.ARM.attributes
                0x0800c690       0x30
 *(.ARM.attributes)
 .ARM.attributes
                0x0800c690       0x1e c:/sysgcc/arm-eabi/bin/../lib/gcc/arm-none-eabi/10.3.1/thumb/v7e-m+fp/hard/crti.o
 .ARM.attributes
                0x0800c6ae       0x34 c:/sysgcc/arm-eabi/bin/../lib/gcc/arm-none-eabi/10.3.1/thumb/v7e-m+fp/hard/crtbegin.o
 .ARM.attributes
                0x0800c6e2       0x34 VisualGDB/Debug/Common/stm32l4xx_hal_msp.o
 .ARM.attributes
                0x0800c716       0x34 VisualGDB/Debug/DISPLAY/DISPLAY.o
 .ARM.attributes
                0x0800c74a       0x34 VisualGDB/Debug/Flash/Flash_Sim_Demo.o
 .ARM.attributes
                0x0800c77e       0x34 VisualGDB/Debug/Flash/spi_flash.o
 .ARM.attributes
                0x0800c7b2       0x34 VisualGDB/Debug/HX711/HX711.o
 .ARM.attributes
                0x0800c7e6       0x34 VisualGDB/Debug/LED/LED.o
 .ARM.attributes
                0x0800c81a       0x34 VisualGDB/Debug/SSD1306/ssd1306.o
 .ARM.attributes
                0x0800c84e       0x39 VisualGDB/Debug/SSD1306/ssd1306_fonts.o
 .ARM.attributes
                0x0800c887       0x34 VisualGDB/Debug/SSD1306/ssd1306_tests.o
 .ARM.attributes
                0x0800c8bb       0x34 VisualGDB/Debug/SSD1306/SSD1306_demo.o
 .ARM.attributes
                0x0800c8ef       0x34 VisualGDB/Debug/Tasks/state_machine.o
 .ARM.attributes
                0x0800c923       0x34 VisualGDB/Debug/UART/int_to_string.o
 .ARM.attributes
                0x0800c957       0x34 VisualGDB/Debug/UART/UART.o
 .ARM.attributes
                0x0800c98b       0x34 VisualGDB/Debug/system_stm32l4xx.o
 .ARM.attributes
                0x0800c9bf       0x34 VisualGDB/Debug/Tasks/task_weight_monitor.o
 .ARM.attributes
                0x0800c9f3       0x34 VisualGDB/Debug/_Init/Init_GPIO.o
 .ARM.attributes
                0x0800ca27       0x34 VisualGDB/Debug/_Init/Init_GPIO_I2C.o
 .ARM.attributes
                0x0800ca5b       0x34 VisualGDB/Debug/_main.o
 .ARM.attributes
                0x0800ca8f       0x34 VisualGDB/Debug/__BSP_ROOT__/STM32L4xxxx/StartupFiles/startup_stm32l475xx.o
 .ARM.attributes
                0x0800cac3       0x34 VisualGDB/Debug/__BSP_ROOT__/FreeRTOS/Source/list.o
 .ARM.attributes
                0x0800caf7       0x34 VisualGDB/Debug/__BSP_ROOT__/FreeRTOS/Source/queue.o
 .ARM.attributes
                0x0800cb2b       0x34 VisualGDB/Debug/__BSP_ROOT__/FreeRTOS/Source/tasks.o
 .ARM.attributes
                0x0800cb5f       0x34 VisualGDB/Debug/__BSP_ROOT__/FreeRTOS/Source/timers.o
 .ARM.attributes
                0x0800cb93       0x34 VisualGDB/Debug/__BSP_ROOT__/FreeRTOS/Source/CMSIS_RTOS/cmsis_os.o
 .ARM.attributes
                0x0800cbc7       0x34 VisualGDB/Debug/__BSP_ROOT__/FreeRTOS/Source/portable/GCC/ARM_CM3/port.o
 .ARM.attributes
                0x0800cbfb       0x34 VisualGDB/Debug/__BSP_ROOT__/FreeRTOS/Source/portable/MemMang/heap_4.o
 .ARM.attributes
                0x0800cc2f       0x34 VisualGDB/Debug/__BSP_ROOT__/STM32L4xxxx/STM32L4xx_HAL_Driver/Src/stm32l4xx_hal.o
 .ARM.attributes
                0x0800cc63       0x34 VisualGDB/Debug/__BSP_ROOT__/STM32L4xxxx/STM32L4xx_HAL_Driver/Src/stm32l4xx_hal_cortex.o
 .ARM.attributes
                0x0800cc97       0x34 VisualGDB/Debug/__BSP_ROOT__/STM32L4xxxx/STM32L4xx_HAL_Driver/Src/stm32l4xx_hal_gpio.o
 .ARM.attributes
                0x0800cccb       0x34 VisualGDB/Debug/__BSP_ROOT__/STM32L4xxxx/STM32L4xx_HAL_Driver/Src/stm32l4xx_hal_i2c.o
 .ARM.attributes
                0x0800ccff       0x34 VisualGDB/Debug/__BSP_ROOT__/STM32L4xxxx/STM32L4xx_HAL_Driver/Src/stm32l4xx_hal_rcc.o
 .ARM.attributes
                0x0800cd33       0x34 VisualGDB/Debug/__BSP_ROOT__/STM32L4xxxx/STM32L4xx_HAL_Driver/Src/stm32l4xx_hal_tim.o
 .ARM.attributes
                0x0800cd67       0x34 VisualGDB/Debug/__BSP_ROOT__/STM32L4xxxx/STM32L4xx_HAL_Driver/Src/stm32l4xx_hal_uart.o
 .ARM.attributes
                0x0800cd9b       0x34 c:/sysgcc/arm-eabi/bin/../lib/gcc/arm-none-eabi/10.3.1/../../../../arm-none-eabi/lib/thumb/v7e-m+fp/hard\libstdc++_nano.a(atexit_arm.o)
 .ARM.attributes
                0x0800cdcf       0x34 c:/sysgcc/arm-eabi/bin/../lib/gcc/arm-none-eabi/10.3.1/../../../../arm-none-eabi/lib/thumb/v7e-m+fp/hard\libstdc++_nano.a(del_ops.o)
 .ARM.attributes
                0x0800ce03       0x34 c:/sysgcc/arm-eabi/bin/../lib/gcc/arm-none-eabi/10.3.1/../../../../arm-none-eabi/lib/thumb/v7e-m+fp/hard\libstdc++_nano.a(del_op.o)
 .ARM.attributes
                0x0800ce37       0x34 c:/sysgcc/arm-eabi/bin/../lib/gcc/arm-none-eabi/10.3.1/../../../../arm-none-eabi/lib/thumb/v7e-m+fp/hard\libm.a(lib_a-s_cos.o)
 .ARM.attributes
                0x0800ce6b       0x34 c:/sysgcc/arm-eabi/bin/../lib/gcc/arm-none-eabi/10.3.1/../../../../arm-none-eabi/lib/thumb/v7e-m+fp/hard\libm.a(lib_a-s_sin.o)
 .ARM.attributes
                0x0800ce9f       0x34 c:/sysgcc/arm-eabi/bin/../lib/gcc/arm-none-eabi/10.3.1/../../../../arm-none-eabi/lib/thumb/v7e-m+fp/hard\libm.a(lib_a-e_rem_pio2.o)
 .ARM.attributes
                0x0800ced3       0x34 c:/sysgcc/arm-eabi/bin/../lib/gcc/arm-none-eabi/10.3.1/../../../../arm-none-eabi/lib/thumb/v7e-m+fp/hard\libm.a(lib_a-k_cos.o)
 .ARM.attributes
                0x0800cf07       0x34 c:/sysgcc/arm-eabi/bin/../lib/gcc/arm-none-eabi/10.3.1/../../../../arm-none-eabi/lib/thumb/v7e-m+fp/hard\libm.a(lib_a-k_rem_pio2.o)
 .ARM.attributes
                0x0800cf3b       0x34 c:/sysgcc/arm-eabi/bin/../lib/gcc/arm-none-eabi/10.3.1/../../../../arm-none-eabi/lib/thumb/v7e-m+fp/hard\libm.a(lib_a-k_sin.o)
 .ARM.attributes
                0x0800cf6f       0x34 c:/sysgcc/arm-eabi/bin/../lib/gcc/arm-none-eabi/10.3.1/../../../../arm-none-eabi/lib/thumb/v7e-m+fp/hard\libm.a(lib_a-s_fabs.o)
 .ARM.attributes
                0x0800cfa3       0x34 c:/sysgcc/arm-eabi/bin/../lib/gcc/arm-none-eabi/10.3.1/../../../../arm-none-eabi/lib/thumb/v7e-m+fp/hard\libm.a(lib_a-s_floor.o)
 .ARM.attributes
                0x0800cfd7       0x34 c:/sysgcc/arm-eabi/bin/../lib/gcc/arm-none-eabi/10.3.1/../../../../arm-none-eabi/lib/thumb/v7e-m+fp/hard\libm.a(lib_a-s_scalbn.o)
 .ARM.attributes
                0x0800d00b       0x1e c:/sysgcc/arm-eabi/bin/../lib/gcc/arm-none-eabi/10.3.1/thumb/v7e-m+fp/hard\libgcc.a(_arm_addsubdf3.o)
 .ARM.attributes
                0x0800d029       0x1e c:/sysgcc/arm-eabi/bin/../lib/gcc/arm-none-eabi/10.3.1/thumb/v7e-m+fp/hard\libgcc.a(_arm_muldivdf3.o)
 .ARM.attributes
                0x0800d047       0x1e c:/sysgcc/arm-eabi/bin/../lib/gcc/arm-none-eabi/10.3.1/thumb/v7e-m+fp/hard\libgcc.a(_arm_cmpdf2.o)
 .ARM.attributes
                0x0800d065       0x1e c:/sysgcc/arm-eabi/bin/../lib/gcc/arm-none-eabi/10.3.1/thumb/v7e-m+fp/hard\libgcc.a(_arm_fixdfsi.o)
 .ARM.attributes
                0x0800d083       0x1e c:/sysgcc/arm-eabi/bin/../lib/gcc/arm-none-eabi/10.3.1/thumb/v7e-m+fp/hard\libgcc.a(_arm_truncdfsf2.o)
 .ARM.attributes
                0x0800d0a1       0x1e c:/sysgcc/arm-eabi/bin/../lib/gcc/arm-none-eabi/10.3.1/thumb/v7e-m+fp/hard\libgcc.a(_aeabi_uldivmod.o)
 .ARM.attributes
                0x0800d0bf       0x34 c:/sysgcc/arm-eabi/bin/../lib/gcc/arm-none-eabi/10.3.1/thumb/v7e-m+fp/hard\libgcc.a(_udivmoddi4.o)
 .ARM.attributes
                0x0800d0f3       0x1e c:/sysgcc/arm-eabi/bin/../lib/gcc/arm-none-eabi/10.3.1/thumb/v7e-m+fp/hard\libgcc.a(_dvmd_tls.o)
 .ARM.attributes
                0x0800d111       0x34 c:/sysgcc/arm-eabi/bin/../lib/gcc/arm-none-eabi/10.3.1/../../../../arm-none-eabi/lib/thumb/v7e-m+fp/hard\libc_nano.a(lib_a-cxa_atexit.o)
 .ARM.attributes
                0x0800d145       0x32 c:/sysgcc/arm-eabi/bin/../lib/gcc/arm-none-eabi/10.3.1/../../../../arm-none-eabi/lib/thumb/v7e-m+fp/hard\libc_nano.a(lib_a-impure.o)
 .ARM.attributes
                0x0800d177       0x34 c:/sysgcc/arm-eabi/bin/../lib/gcc/arm-none-eabi/10.3.1/../../../../arm-none-eabi/lib/thumb/v7e-m+fp/hard\libc_nano.a(lib_a-init.o)
 .ARM.attributes
                0x0800d1ab       0x34 c:/sysgcc/arm-eabi/bin/../lib/gcc/arm-none-eabi/10.3.1/../../../../arm-none-eabi/lib/thumb/v7e-m+fp/hard\libc_nano.a(lib_a-malloc.o)
 .ARM.attributes
                0x0800d1df       0x34 c:/sysgcc/arm-eabi/bin/../lib/gcc/arm-none-eabi/10.3.1/../../../../arm-none-eabi/lib/thumb/v7e-m+fp/hard\libc_nano.a(lib_a-memcpy-stub.o)
 .ARM.attributes
                0x0800d213       0x34 c:/sysgcc/arm-eabi/bin/../lib/gcc/arm-none-eabi/10.3.1/../../../../arm-none-eabi/lib/thumb/v7e-m+fp/hard\libc_nano.a(lib_a-memmove.o)
 .ARM.attributes
                0x0800d247       0x34 c:/sysgcc/arm-eabi/bin/../lib/gcc/arm-none-eabi/10.3.1/../../../../arm-none-eabi/lib/thumb/v7e-m+fp/hard\libc_nano.a(lib_a-memset.o)
 .ARM.attributes
                0x0800d27b       0x34 c:/sysgcc/arm-eabi/bin/../lib/gcc/arm-none-eabi/10.3.1/../../../../arm-none-eabi/lib/thumb/v7e-m+fp/hard\libc_nano.a(lib_a-nano-freer.o)
 .ARM.attributes
                0x0800d2af       0x34 c:/sysgcc/arm-eabi/bin/../lib/gcc/arm-none-eabi/10.3.1/../../../../arm-none-eabi/lib/thumb/v7e-m+fp/hard\libc_nano.a(lib_a-nano-mallocr.o)
 .ARM.attributes
                0x0800d2e3       0x34 c:/sysgcc/arm-eabi/bin/../lib/gcc/arm-none-eabi/10.3.1/../../../../arm-none-eabi/lib/thumb/v7e-m+fp/hard\libc_nano.a(lib_a-sbrkr.o)
 .ARM.attributes
                0x0800d317       0x34 c:/sysgcc/arm-eabi/bin/../lib/gcc/arm-none-eabi/10.3.1/../../../../arm-none-eabi/lib/thumb/v7e-m+fp/hard\libc_nano.a(lib_a-mlock.o)
 .ARM.attributes
                0x0800d34b       0x34 c:/sysgcc/arm-eabi/bin/../lib/gcc/arm-none-eabi/10.3.1/../../../../arm-none-eabi/lib/thumb/v7e-m+fp/hard\libc_nano.a(lib_a-reent.o)
 .ARM.attributes
                0x0800d37f       0x34 c:/sysgcc/arm-eabi/bin/../lib/gcc/arm-none-eabi/10.3.1/../../../../arm-none-eabi/lib/thumb/v7e-m+fp/hard\libc_nano.a(lib_a-lock.o)
 .ARM.attributes
                0x0800d3b3       0x34 c:/sysgcc/arm-eabi/bin/../lib/gcc/arm-none-eabi/10.3.1/../../../../arm-none-eabi/lib/thumb/v7e-m+fp/hard\libnosys.a(sbrk.o)
 .ARM.attributes
                0x0800d3e7       0x1e c:/sysgcc/arm-eabi/bin/../lib/gcc/arm-none-eabi/10.3.1/thumb/v7e-m+fp/hard/crtn.o

.preinit_array  0x0800c690        0x0
                0x0800c690                PROVIDE (__preinit_array_start = .)
 *(.preinit_array*)
                0x0800c690                PROVIDE (__preinit_array_end = .)

.init_array     0x0800c690        0x8
                0x0800c690                PROVIDE (__init_array_start = .)
 *(SORT_BY_NAME(.init_array.*))
 *(.init_array*)
 .init_array    0x0800c690        0x4 c:/sysgcc/arm-eabi/bin/../lib/gcc/arm-none-eabi/10.3.1/thumb/v7e-m+fp/hard/crtbegin.o
 .init_array    0x0800c694        0x4 VisualGDB/Debug/Tasks/task_weight_monitor.o
                0x0800c698                PROVIDE (__init_array_end = .)

.fini_array     0x0800c698        0x4
                [!provide]                PROVIDE (__fini_array_start = .)
 *(.fini_array*)
 .fini_array    0x0800c698        0x4 c:/sysgcc/arm-eabi/bin/../lib/gcc/arm-none-eabi/10.3.1/thumb/v7e-m+fp/hard/crtbegin.o
 *(SORT_BY_NAME(.fini_array.*))
                [!provide]                PROVIDE (__fini_array_end = .)

.data           0x20000000       0xc0 load address 0x0800c69c
                0x20000000                . = ALIGN (0x4)
                0x20000000                _sdata = .
                [!provide]                PROVIDE (__data_start__ = _sdata)
 *(.data)
 .data          0x20000000        0x4 c:/sysgcc/arm-eabi/bin/../lib/gcc/arm-none-eabi/10.3.1/thumb/v7e-m+fp/hard/crtbegin.o
                0x20000000                __dso_handle
 *(.data*)
 .data._ZZ15DISPLAY_Thread1E13WeightMessage
                0x20000004       0x14 VisualGDB/Debug/DISPLAY/DISPLAY.o
 .data._ZZ15DISPLAY_Thread1E4CrLf
                0x20000018       0x14 VisualGDB/Debug/DISPLAY/DISPLAY.o
 .data.Font_6x8
                0x2000002c        0x8 VisualGDB/Debug/SSD1306/ssd1306_fonts.o
                0x2000002c                Font_6x8
 .data.Font_7x10
                0x20000034        0x8 VisualGDB/Debug/SSD1306/ssd1306_fonts.o
                0x20000034                Font_7x10
 .data.Font_11x18
                0x2000003c        0x8 VisualGDB/Debug/SSD1306/ssd1306_fonts.o
                0x2000003c                Font_11x18
 .data.Font_16x26
                0x20000044        0x8 VisualGDB/Debug/SSD1306/ssd1306_fonts.o
                0x20000044                Font_16x26
 .data.SystemCoreClock
                0x2000004c        0x4 VisualGDB/Debug/system_stm32l4xx.o
                0x2000004c                SystemCoreClock
 .data.uxCriticalNesting
                0x20000050        0x4 VisualGDB/Debug/__BSP_ROOT__/FreeRTOS/Source/portable/GCC/ARM_CM3/port.o
 .data.uwTickPrio
                0x20000054        0x4 VisualGDB/Debug/__BSP_ROOT__/STM32L4xxxx/STM32L4xx_HAL_Driver/Src/stm32l4xx_hal.o
                0x20000054                uwTickPrio
 .data.uwTickFreq
                0x20000058        0x1 VisualGDB/Debug/__BSP_ROOT__/STM32L4xxxx/STM32L4xx_HAL_Driver/Src/stm32l4xx_hal.o
                0x20000058                uwTickFreq
 *fill*         0x20000059        0x3 
 .data._impure_ptr
                0x2000005c        0x4 c:/sysgcc/arm-eabi/bin/../lib/gcc/arm-none-eabi/10.3.1/../../../../arm-none-eabi/lib/thumb/v7e-m+fp/hard\libc_nano.a(lib_a-impure.o)
                0x2000005c                _impure_ptr
 .data.impure_data
                0x20000060       0x60 c:/sysgcc/arm-eabi/bin/../lib/gcc/arm-none-eabi/10.3.1/../../../../arm-none-eabi/lib/thumb/v7e-m+fp/hard\libc_nano.a(lib_a-impure.o)
                0x200000c0                . = ALIGN (0x4)
                0x200000c0                _edata = .
                [!provide]                PROVIDE (__data_end__ = _edata)
                0x0800c69c                _sidata = LOADADDR (.data)

.igot.plt       0x200000c0        0x0 load address 0x0800c75c
 .igot.plt      0x200000c0        0x0 c:/sysgcc/arm-eabi/bin/../lib/gcc/arm-none-eabi/10.3.1/thumb/v7e-m+fp/hard/crtbegin.o

.bss            0x200000c0     0x4410 load address 0x0800c75c
                0x200000c0                . = ALIGN (0x4)
                0x200000c0                _sbss = .
                0x200000c0                PROVIDE (__bss_start__ = _sbss)
 *(.bss)
 .bss           0x200000c0       0x1c c:/sysgcc/arm-eabi/bin/../lib/gcc/arm-none-eabi/10.3.1/thumb/v7e-m+fp/hard/crtbegin.o
 *(.bss*)
 .bss._ZZ15DISPLAY_Thread1E17CurrentTankWeight
                0x200000dc        0x4 VisualGDB/Debug/DISPLAY/DISPLAY.o
 .bss.SimulatedFlash
                0x200000e0        0x4 VisualGDB/Debug/Flash/spi_flash.o